06-02 13:12:19.841   246   246 E         : (0)[246:scp_power_reset][mtk_nanohub]set_cust fail!
06-02 13:12:19.841   246   246 E         : (0)[246:scp_power_reset][mtk_nanohub]type(101) not registered
06-02 13:12:19.867   338   338 I (2)[338:dc_trim_thread]mt6359-sound mt6359_snd: start_trim_hardware(), --
06-02 13:12:19.867   338   338 I (2)[338:dc_trim_thread]mt6359-sound mt6359_snd: get_hp_dctrim_offset(), get on_valueL
06-02 13:12:19.945   338   338 I (2)[338:dc_trim_thread]mt6359-sound mt6359_snd: get_hp_dctrim_offset(), get off_valueL
06-02 13:12:19.945    51    51 I         : (6)[51:kworker/6:1][ccci1/sys]swtp-eint original gpio=19, of gpio=305, setdebounce=512000, eint_type=4, gpio_state=0, txpower_mode=1
06-02 13:12:19.945    51    51 I (6)[51:kworker/6:1][ccci1/sys]swtp_init_delayed_work: can't find swtp1 compatible node
06-02 13:12:19.945    51    51 I         : (6)[51:kworker/6:1]not project 20095, don't get gpio 175.
06-02 13:12:19.945    51    51 I (6)[51:kworker/6:1][ccci1/sys]swtp_init_delayed_work end: ret = -3
06-02 13:12:19.957     1     1 D         : (7)[1:swapper/0]initcall mt6877_logger_init+0x0/0x228 returned 0 after 263458 usecs
06-02 13:12:19.957     1     1 I (7)[1:swapper/0]BOOTPROF: 2317.366389:initcall: mt6877_logger_init   269.792693ms
06-02 13:12:19.957     1     1 D         : (7)[1:swapper/0]calling  mt6877_lpm_trace_init+0x0/0x64 @ 1
06-02 13:12:19.957     1     1 D         : (7)[1:swapper/0]initcall mt6877_lpm_trace_init+0x0/0x64 returned 0 after 74 usecs
06-02 13:12:19.957     1     1 D         : (7)[1:swapper/0]calling  mt6877_init+0x0/0x24 @ 1
06-02 13:12:19.977     1     1 D         : (1)[1:swapper/0]initcall mt6877_init+0x0/0x24 returned 0 after 19032 usecs
06-02 13:12:19.977     1     1 I (1)[1:swapper/0]BOOTPROF: 2336.976850:initcall: mt6877_init    19.514230ms
06-02 13:12:19.977     1     1 D         : (1)[1:swapper/0]calling  init_get_cache_work+0x0/0x8c @ 1
06-02 13:12:19.977     1     1 D         : (1)[1:swapper/0]initcall init_get_cache_work+0x0/0x8c returned 0 after 0 usecs
06-02 13:12:19.977     1     1 D         : (1)[1:swapper/0]calling  helio_dvfsrc_init+0x0/0x28 @ 1
06-02 13:12:19.980     1     1 I (1)[1:swapper/0]mtk_dbgtop_cfg_dvfsrc: MTK_DBGTOP_DEBUG_CTL2(0x2ff)
06-02 13:12:19.980     1     1 I (1)[1:swapper/0]mtk_dbgtop_cfg_dvfsrc: MTK_DBGTOP_LATCH_CTL(0x27e71)
06-02 13:12:19.980     1     1 I         : (1)[1:swapper/0]DVFSRC OUT Disable
06-02 13:12:19.980     1     1 I         : (1)[1:swapper/0]DVFSRC OUT Disable
06-02 13:12:19.980     1     1 I         : (1)[1:swapper/0]DVFSRC OUT Disable
06-02 13:12:19.980     1     1 I         : (1)[1:swapper/0]DVFSRC OUT Disable
06-02 13:12:19.980     1     1 I         : (1)[1:swapper/0]DVFSRC OUT Disable
06-02 13:12:19.980     1     1 I         : (1)[1:swapper/0]DVFSRC OUT Disable
06-02 13:12:19.980     1     1 I         : (1)[1:swapper/0]DVFSRC OUT Disable
06-02 13:12:19.980     1     1 I         : (1)[1:swapper/0]DVFSRC OUT Disable
06-02 13:12:19.980     1     1 I         : (1)[1:swapper/0]DVFSRC OUT Disable
06-02 13:12:19.980     1     1 I         : (1)[1:swapper/0]DVFSRC OUT Disable
06-02 13:12:19.980     1     1 I         : (1)[1:swapper/0]DVFSRC OUT Disable
06-02 13:12:19.980     1     1 I         : (1)[1:swapper/0]DVFSRC OUT Disable
06-02 13:12:19.980     1     1 I         : (1)[1:swapper/0]DVFSRC OUT Disable
06-02 13:12:19.981     1     1 I (1)[1:swapper/0]MMP: mmprofile_enable(): enable: 1
06-02 13:12:19.981     1     1 I (1)[1:swapper/0]MMP: mmprofile_force_start(): start: 1
06-02 13:12:19.981     1     1 I (1)[1:swapper/0]helio_dvfsrc_probe: init done
06-02 13:12:19.981     1     1 D         : (7)[1:swapper/0]initcall helio_dvfsrc_init+0x0/0x28 returned 0 after 4174 usecs
06-02 13:12:19.981     1     1 D         : (7)[1:swapper/0]calling  emimpu_ap_region_init+0x0/0x98 @ 1
06-02 13:12:19.981     1     1 I (7)[1:swapper/0]emimpu_ap_region_init: enable AP region
06-02 13:12:19.982   414   414 E (1)[414:kworker/1:3]mtk-vcodec-dec 16010000.vdec_gcon: [VCU] can't get vcu node
06-02 13:12:19.982     1     1 D         : (7)[1:swapper/0]initcall emimpu_ap_region_init+0x0/0x98 returned 0 after 181 usecs
06-02 13:12:19.982     1     1 D         : (7)[1:swapper/0]calling  fsa4480_init+0x0/0x4c @ 1
06-02 13:12:19.982   414   414 E (1)[414:kworker/1:3][MTK_V4L2][ERROR] mtk_vcodec_dec_probe: 273: [VCU] vcu device in not ready
06-02 13:12:19.982     1     1 D         : (7)[1:swapper/0]initcall fsa4480_init+0x0/0x4c returned 0 after 72 usecs
06-02 13:12:19.982     1     1 D         : (7)[1:swapper/0]calling  alsa_sound_last_init+0x0/0x90 @ 1
06-02 13:12:19.982     1     1 I         : (7)[1:swapper/0]ALSA device list:
06-02 13:12:19.982     1     1 I (7)[1:swapper/0]  #0: mt6877-mt6359
06-02 13:12:19.982     1     1 D         : (7)[1:swapper/0]initcall alsa_sound_last_init+0x0/0x90 returned 0 after 6 usecs
06-02 13:12:19.982     1     1 I (7)[1:swapper/0][PHOENIX] phx_klog_bootstage: KERNEL_DO_INITCALLS_DONE
06-02 13:12:19.982     1     1 I (7)[1:swapper/0][PHOENIX] phx_klog_bootstage: KERNEL_DO_BASIC_SETUP_DONE
06-02 13:12:19.982     1     1 E (7)[1:swapper/0]Warning: unable to open an initial console.
06-02 13:12:19.982   414   414 E (1)[414:kworker/1:3]mtk-vcodec-enc 17000000.venc_gcon: [VCU] can't get vcu node
06-02 13:12:19.982   414   414 E (1)[414:kworker/1:3][MTK_V4L2][ERROR] mtk_vcodec_enc_probe: 262: [VCU] vcu device in not ready
06-02 13:12:19.984     1     1 I         : (7)[1:swapper/0]Freeing unused kernel memory: 8256K
06-02 13:12:19.984     1     1 I (7)[1:swapper/0][PHOENIX] phx_klog_bootstage: KERNEL_INIT_DONE
06-02 13:12:19.984     1     1 I (7)[1:swapper/0]BOOTPROF: 2344.336004:Kernel_init_done
06-02 13:12:19.986     1     1 W (1)[1:init]magiskinit: open /proc/bootconfig failed with 2: No such file or directory
06-02 13:12:20.010   338   338 I         : (6)[338:dc_trim_thread]adsp_core0_suspend(), done elapse 592 us
06-02 13:12:20.022   338   338 I (6)[338:dc_trim_thread]mt6359-sound mt6359_snd: get_hp_dctrim_offset(), get on_valueR
06-02 13:12:20.041   420   420 W         : (6)[420:kworker/6:3]oplus_custome_sync_work is called
06-02 13:12:20.041   338   338 W -(6)[338:dc_trim_thread]oplus_custome_sync_work: file /dev/block/by-name/oplus_custom is no exit
06-02 13:12:20.086   338   338 W -(6)[338:dc_trim_thread]mt635x_auxadc_read_raw: 276 callbacks suppressed
06-02 13:12:20.086   338   338 I (6)[338:dc_trim_thread]mt635x-auxadc mt635x-auxadc: name:HPOFS_CAL, channel=9, adc_out=0x74b0, adc_result=29872
06-02 13:12:20.089   338   338 I (6)[338:dc_trim_thread]mt635x-auxadc mt635x-auxadc: name:HPOFS_CAL, channel=9, adc_out=0x74bb, adc_result=29883
06-02 13:12:20.091   338   338 I (6)[338:dc_trim_thread]mt635x-auxadc mt635x-auxadc: name:HPOFS_CAL, channel=9, adc_out=0x74ae, adc_result=29870
06-02 13:12:20.094   338   338 I (6)[338:dc_trim_thread]mt635x-auxadc mt635x-auxadc: name:HPOFS_CAL, channel=9, adc_out=0x74a7, adc_result=29863
06-02 13:12:20.097   338   338 I (6)[338:dc_trim_thread]mt635x-auxadc mt635x-auxadc: name:HPOFS_CAL, channel=9, adc_out=0x74b9, adc_result=29881
06-02 13:12:20.097   338   338 I (6)[338:dc_trim_thread]mt6359-sound mt6359_snd: get_hp_dctrim_offset(), get off_valueR
06-02 13:12:20.132     1     1 I (1)[1:init]: init first stage started!
06-02 13:12:20.133     1     1 I (1)[1:init]: Unable to open /lib/modules, skipping module loading.
06-02 13:12:20.133     1     1 I (1)[1:init]: Copied ramdisk prop to /second_stage_resources/system/etc/ramdisk/build.prop
06-02 13:12:20.133     1     1 I (1)[1:init]: [libfs_mgr]ReadFstabFromDt(): failed to read fstab from dt
06-02 13:12:20.134     1     1 W (1)[1:init]: [libfs_mgr]Warning: unknown flag: resize
06-02 13:12:20.134     1     1 I (1)[1:init]: Using Android DT directory /proc/device-tree/firmware/android/
06-02 13:12:20.168     1     1 I (6)[1:init]: AVB is not enabled, skip verity setup for '/metadata'
06-02 13:12:20.173   338   338 I (6)[338:dc_trim_thread]mt6359-sound mt6359_snd: stop_trim_hardware(), ++
06-02 13:12:20.173     1     1 I (6)[1:init]: [libfs_mgr]superblock s_max_mnt_count:65535,/dev/block/by-name/metadata
06-02 13:12:20.173     1     1 W (0)[1:init]EXT4-fs (sdc15): Ignoring removed nomblk_io_submit option
06-02 13:12:20.175     1     1 I (1)[1:init]EXT4-fs (sdc15): mounted filesystem with ordered data mode. Opts: errors=remount-ro,nomblk_io_submit
06-02 13:12:20.175     1     1 I (1)[1:init]: [libfs_mgr]check_fs(): mount(/dev/block/by-name/metadata,/metadata,ext4)=0: Success
06-02 13:12:20.176     1     1 I (0)[1:init]: [libfs_mgr]umount_retry(): unmount(/metadata) succeeded
06-02 13:12:20.176     1     1 I (0)[1:init]: [libfs_mgr]Not running /system/bin/e2fsck on /dev/block/sdc15 (executable not in system image)
06-02 13:12:20.178     1     1 I (6)[1:init]EXT4-fs (sdc15): mounted filesystem with ordered data mode. Opts: discard
06-02 13:12:20.178     1     1 I (6)[1:init]: [libfs_mgr]__mount(source=/dev/block/by-name/metadata,target=/metadata,type=ext4)=0: Success
06-02 13:12:20.181     1     1 I (0)[1:init]: [libfs_mgr]Created logical partition system on device /dev/block/dm-0
06-02 13:12:20.182     1     1 I (0)[1:init]: [libfs_mgr]Created logical partition vendor on device /dev/block/dm-1
06-02 13:12:20.183     1     1 I (0)[1:init]: [libfs_mgr]Created logical partition product on device /dev/block/dm-2
06-02 13:12:20.183     1     1 I (0)[1:init]: [libfs_mgr]Created logical partition odm on device /dev/block/dm-3
06-02 13:12:20.184     1     1 I (0)[1:init]: [libfs_mgr]Created logical partition system_ext on device /dev/block/dm-4
06-02 13:12:20.184     1     1 I (0)[1:init]: DSU not detected, proceeding with normal boot
06-02 13:12:20.186     1     1 E (6)[1:init]: [libfs_avb]Invalid hash size:
06-02 13:12:20.186     1     1 E (6)[1:init]: [libfs_avb]Failed to verify vbmeta digest
06-02 13:12:20.186     1     1 I (6)[1:init]: [libfs_avb]Returning avb_handle with status: VerificationDisabled
06-02 13:12:20.186     1     1 E (6)[1:init]: Top-level vbmeta is disabled, skip Hashtree setup for /system
06-02 13:12:20.186     1     1 E (6)[1:init]erofs: (device dm-0): erofs_read_superblock: cannot find valid erofs superblock
06-02 13:12:20.186     1     1 I (6)[1:init]: [libfs_mgr]__mount(source=/dev/block/dm-0,target=/system,type=erofs)=-1: Invalid argument
06-02 13:12:20.186     1     1 I (6)[1:init]: [libfs_mgr]superblock s_max_mnt_count:65535,/dev/block/dm-0
06-02 13:12:20.188     1     1 I (6)[1:init]EXT4-fs (dm-0): mounted filesystem without journal. Opts:
06-02 13:12:20.188     1     1 I (6)[1:init]: [libfs_mgr]__mount(source=/dev/block/dm-0,target=/system,type=ext4)=0: Success
06-02 13:12:20.188     1     1 I (6)[1:init]: Switching root to '/system'
06-02 13:12:20.190     1     1 I (6)[1:init]: [libfs_avb]AVB HASHTREE disabled on: /vendor
06-02 13:12:20.190     1     1 E (6)[1:init]erofs: (device dm-1): erofs_read_superblock: cannot find valid erofs superblock
06-02 13:12:20.190     1     1 I (6)[1:init]: [libfs_mgr]__mount(source=/dev/block/dm-1,target=/vendor,type=erofs)=-1: Invalid argument
06-02 13:12:20.190     1     1 I (6)[1:init]: [libfs_mgr]superblock s_max_mnt_count:65535,/dev/block/dm-1
06-02 13:12:20.190     1     1 I (6)[1:init]: [libfs_mgr]Filesystem on /dev/block/dm-1 was not cleanly shutdown; state flags: 0x0, incompat feature flags: 0x42
06-02 13:12:20.190     1     1 I (6)[1:init]: [libfs_mgr]check_fs(): mount(/dev/block/dm-1,/vendor,ext4)=-1: Permission denied
06-02 13:12:20.190     1     1 I (6)[1:init]: [libfs_mgr]Running /system/bin/e2fsck on /dev/block/dm-1
06-02 13:12:20.191     1     1 E (6)[1:init]logwrapper: Cannot log to file /dev/fscklogs/log
06-02 13:12:20.191     1     1 E (6)[1:init]logwrapper:  
06-02 13:12:20.194   441   441 E (6)[441:init]logwrapper: executing /system/bin/e2fsck failed: No such file or directory
06-02 13:12:20.194   441   441 E (6)[441:init]logwrapper:  
06-02 13:12:20.194     1     1 I (0)[1:init]e2fsck: executing /system/bin/e2fsck failed: No such file or directory
06-02 13:12:20.194     1     1 I (0)[1:init]e2fsck: e2fsck terminated by exit(255)
06-02 13:12:20.194     1     1 I (0)[1:init]: [libfs_mgr]e2fsck returned status 0xff00
06-02 13:12:20.196     1     1 I (6)[1:init]EXT4-fs (dm-1): mounted filesystem without journal. Opts:
06-02 13:12:20.196     1     1 I (6)[1:init]: [libfs_mgr]__mount(source=/dev/block/dm-1,target=/vendor,type=ext4)=0: Success
06-02 13:12:20.196     1     1 I (6)[1:init]: [libfs_avb]AVB HASHTREE disabled on: /product
06-02 13:12:20.196     1     1 E (6)[1:init]erofs: (device dm-2): erofs_read_superblock: cannot find valid erofs superblock
06-02 13:12:20.197     1     1 I (6)[1:init]: [libfs_mgr]__mount(source=/dev/block/dm-2,target=/product,type=erofs)=-1: Invalid argument
06-02 13:12:20.197     1     1 I (6)[1:init]: [libfs_mgr]superblock s_max_mnt_count:65535,/dev/block/dm-2
06-02 13:12:20.198     1     1 I (0)[1:init]EXT4-fs (dm-2): mounted filesystem without journal. Opts:
06-02 13:12:20.199     1     1 I (0)[1:init]: [libfs_mgr]__mount(source=/dev/block/dm-2,target=/product,type=ext4)=0: Success
06-02 13:12:20.199     1     1 I (0)[1:init]: [libfs_avb]AVB HASHTREE disabled on: /system_ext
06-02 13:12:20.200     1     1 E (6)[1:init]erofs: (device dm-4): erofs_read_superblock: cannot find valid erofs superblock
06-02 13:12:20.200     1     1 I (6)[1:init]: [libfs_mgr]__mount(source=/dev/block/dm-4,target=/system_ext,type=erofs)=-1: Invalid argument
06-02 13:12:20.200     1     1 I (6)[1:init]: [libfs_mgr]superblock s_max_mnt_count:65535,/dev/block/dm-4
06-02 13:12:20.201     1     1 I (6)[1:init]EXT4-fs (dm-4): mounted filesystem without journal. Opts:
06-02 13:12:20.201     1     1 I (6)[1:init]: [libfs_mgr]__mount(source=/dev/block/dm-4,target=/system_ext,type=ext4)=0: Success
06-02 13:12:20.201     1     1 I (6)[1:init]: AVB is not enabled, skip verity setup for '/odm'
06-02 13:12:20.202     1     1 E (6)[1:init]erofs: (device dm-3): erofs_read_superblock: cannot find valid erofs superblock
06-02 13:12:20.202     1     1 I (6)[1:init]: [libfs_mgr]__mount(source=/dev/block/dm-3,target=/odm,type=erofs)=-1: Invalid argument
06-02 13:12:20.202     1     1 I (6)[1:init]: [libfs_mgr]superblock s_max_mnt_count:65535,/dev/block/dm-3
06-02 13:12:20.202     1     1 I (6)[1:init]: [libfs_mgr]Filesystem on /dev/block/dm-3 was not cleanly shutdown; state flags: 0x0, incompat feature flags: 0x42
06-02 13:12:20.202     1     1 I (6)[1:init]: [libfs_mgr]check_fs(): mount(/dev/block/dm-3,/odm,ext4)=-1: Permission denied
06-02 13:12:20.202     1     1 I (6)[1:init]: [libfs_mgr]Running /system/bin/e2fsck on /dev/block/dm-3
06-02 13:12:20.202     1     1 E (6)[1:init]logwrapper: Cannot log to file /dev/fscklogs/log
06-02 13:12:20.202     1     1 E (6)[1:init]logwrapper:  
06-02 13:12:20.203     1     1 I (6)[1:init]e2fsck: executing /system/bin/e2fsck failed: No such file or directory
06-02 13:12:20.203   446   446 E (0)[446:init]logwrapper: executing /system/bin/e2fsck failed: No such file or directory
06-02 13:12:20.203   446   446 E (0)[446:init]logwrapper:  
06-02 13:12:20.203     1     1 I (6)[1:init]e2fsck: e2fsck terminated by exit(255)
06-02 13:12:20.203     1     1 I (6)[1:init]: [libfs_mgr]e2fsck returned status 0xff00
06-02 13:12:20.204     1     1 I (0)[1:init]EXT4-fs (dm-3): mounted filesystem without journal. Opts:
06-02 13:12:20.204     1     1 I (0)[1:init]: [libfs_mgr]__mount(source=/dev/block/dm-3,target=/odm,type=ext4)=0: Success
06-02 13:12:20.208   338   338 I (1)[338:dc_trim_thread]mt6359-sound mt6359_snd: stop_trim_hardware(), --
06-02 13:12:20.208   338   338 I (1)[338:dc_trim_thread]mt6359-sound mt6359_snd: get_hp_dctrim_offset(), R_offset = -32, L_offset = -33
06-02 13:12:20.208   338   338 I (1)[338:dc_trim_thread]mt6359-sound mt6359_snd: calculate_lr_trim_code(), step2 trim_value(R/L) = (-32/-33)
06-02 13:12:20.208   338   338 I (1)[338:dc_trim_thread]mt6359-sound mt6359_snd: calculate_lr_trim_code(), step3 hp_trim_code(R/L) = (0x2/0x2)
06-02 13:12:20.208   338   338 I (1)[338:dc_trim_thread]mt6359-sound mt6359_snd: calculate_lr_trim_code(), need to calculate step4 trim_code
06-02 13:12:20.208     1     1 I (6)[1:init]: Skipped setting INIT_AVB_VERSION (not in recovery mode)
06-02 13:12:20.221   338   338 I (1)[338:dc_trim_thread]mt6359-sound mt6359_snd: start_trim_hardware(), ++
06-02 13:12:20.237     1     1 W (6)[1:magiskinit]: opendir /data/.magisk/preinit failed with 2: No such file or directory
06-02 13:12:20.259   338   338 I (1)[338:dc_trim_thread]mt6359-sound mt6359_snd: start_trim_hardware(), --
06-02 13:12:20.259   338   338 I (1)[338:dc_trim_thread]mt6359-sound mt6359_snd: get_hp_dctrim_offset(), get on_valueL
06-02 13:12:20.261   110   110 I (7)[110:chgdet_thread]charger_manager_enable_chg_type_det: chg1 is doing bc12
06-02 13:12:20.261   110   110 I (7)[110:chgdet_thread]mt6360_pmu_chg mt6360_pmu_chg.2.auto: mt6360_enable_chg_type_det
06-02 13:12:20.261   110   110 I (7)[110:chgdet_thread]mt6360_pmu_chg mt6360_pmu_chg.2.auto: __mt6360_enable_usbchgen: en = 1
06-02 13:12:20.261   110   110 I (7)[110:chgdet_thread]mt6360_pmu_chg mt6360_pmu_chg.2.auto: __mt6360_enable_usbchgen: CDP block
06-02 13:12:20.282     1     1 W (6)[1:init]: [libfs_mgr]Warning: unknown flag: resize
06-02 13:12:20.283     1     1 I (6)[1:init]: Opening SELinux policy
06-02 13:12:20.283     1     1 I (6)[1:init]: Falling back to standard signature check. TODO implementent support for fsverity SEPolicy.
06-02 13:12:20.283     1     1 I (6)[1:init]: Error: Apex SEPolicy failed signature check
06-02 13:12:20.283     1     1 I (6)[1:init]: Loading APEX Sepolicy from /system/etc/selinux/apex/SEPolicy.zip
06-02 13:12:20.283     1     1 E (6)[1:init]: Failed to open package /system/etc/selinux/apex/SEPolicy.zip: No such file or directory
06-02 13:12:20.287     1     1 I (6)[1:init]: Loading SELinux policy
06-02 13:12:20.337   338   338 I (1)[338:dc_trim_thread]mt6359-sound mt6359_snd: get_hp_dctrim_offset(), get off_valueL
06-02 13:12:20.361    52    52 E         : (7)[52:kworker/7:1][sensor_devinfo] read_oplus_custom 423 : failed to open file /dev/block/by-name/oplus_custom 000000002e560f22 -1
06-02 13:12:20.361    52    52 E         : (7)[52:kworker/7:1][sensor_devinfo] sensor_read_oplus_custom 498 : read_oplus_custom error = -1
06-02 13:12:20.361    52    52 E         : (7)[52:kworker/7:1][sensor_devinfo] sensor_devinfo_work 1162 : try 9
06-02 13:12:20.361   304   304 I         : (1)[304:mddp_rx]port ccci_0_200 read data fail when md_state = 0
06-02 13:12:20.369   110   110 I (7)[110:chgdet_thread]mt6360_pmu_chg mt6360_pmu_chg.2.auto: __mt6360_enable_usbchgen: CDP block
06-02 13:12:20.413   338   338 I (7)[338:dc_trim_thread]mt6359-sound mt6359_snd: get_hp_dctrim_offset(), get on_valueR
06-02 13:12:20.418   448   448 D (6)[448:magiskinit]SELinux: 32768 avtab hash slots, 91682 rules.
06-02 13:12:20.424   448   448 D (6)[448:magiskinit]SELinux: 32768 avtab hash slots, 91682 rules.
06-02 13:12:20.424   448   448 D (6)[448:magiskinit]SELinux: 1 users, 4 roles, 3621 types, 0 bools, 1 sens, 1024 cats
06-02 13:12:20.424   448   448 D (6)[448:magiskinit]SELinux: 103 classes, 91682 rules
06-02 13:12:20.432   448   448 I (6)[448:magiskinit]SELinux: policy capability network_peer_controls=1
06-02 13:12:20.432   448   448 I (6)[448:magiskinit]SELinux: policy capability open_perms=1
06-02 13:12:20.432   448   448 I (6)[448:magiskinit]SELinux: policy capability extended_socket_class=1
06-02 13:12:20.432   448   448 I (6)[448:magiskinit]SELinux: policy capability always_check_network=0
06-02 13:12:20.432   448   448 I (6)[448:magiskinit]SELinux: policy capability cgroup_seclabel=0
06-02 13:12:20.432   448   448 I (6)[448:magiskinit]SELinux: policy capability nnp_nosuid_transition=1
06-02 13:12:20.432   448   448 D (6)[448:magiskinit]SELinux: Completing initialization.
06-02 13:12:20.432   448   448 D (6)[448:magiskinit]SELinux: Setting up existing superblocks.
06-02 13:12:20.457   414   414 I (1)[414:kworker/1:3]sd 0: 0:0:0: [sda] Synchronizing SCSI cache
06-02 13:12:20.461   416   416 I (3)[416:kworker/3:2]sd 0: 0:0:1: [sdb] Synchronizing SCSI cache
06-02 13:12:20.477   110   110 I (7)[110:chgdet_thread]mt6360_pmu_chg mt6360_pmu_chg.2.auto: __mt6360_enable_usbchgen: CDP block
06-02 13:12:20.489   338   338 I (7)[338:dc_trim_thread]mt6359-sound mt6359_snd: get_hp_dctrim_offset(), get off_valueR
06-02 13:12:20.500     1     1 I (0)[1:init]selinux: SELinux: Loaded file_contexts
06-02 13:12:20.500     1     1 I (0)[1:init]selinux:  
06-02 13:12:20.532     1     1 I (6)[1:init]: init second stage started!
06-02 13:12:20.553     1     1 I (0)[1:init]: Using Android DT directory /proc/device-tree/firmware/android/
06-02 13:12:20.555     1     1 E (0)[1:init]: Init cannot set 'ro.boot.serialno' to 'YDBENFQKLBJNOVKV': Read-only property was already set
06-02 13:12:20.558     1     1 W (6)[1:init]: Couldn't load property file '/system_dlkm/etc/build.prop': open() failed: No such file or directory: No such file or directory
06-02 13:12:20.558     1     1 W (6)[1:init]: Couldn't load property file '/vendor/default.prop': open() failed: No such file or directory: No such file or directory
06-02 13:12:20.561     1     1 W (6)[1:init]: Couldn't load property file '/odm_dlkm/etc/build.prop': open() failed: No such file or directory: No such file or directory
06-02 13:12:20.562     1     1 W (6)[1:init]: Overriding previous property 'ro.config.notification_sound':'OnTheHunt.ogg' with new value 'Argon.ogg'
06-02 13:12:20.562     1     1 W (6)[1:init]: Overriding previous property 'ro.config.alarm_alert':'Alarm_Classic.ogg' with new value 'Hassium.ogg'
06-02 13:12:20.562     1     1 W (6)[1:init]: Overriding previous property 'ro.config.ringtone':'Ring_Synth_04.ogg' with new value 'Orion.ogg'
06-02 13:12:20.563     1     1 I (6)[1:init]: Setting product property ro.product.brand to 'OnePlus' (from ro.product.product.brand)
06-02 13:12:20.563     1     1 I (6)[1:init]: Setting product property ro.product.device to 'ivan' (from ro.product.product.device)
06-02 13:12:20.563     1     1 I (6)[1:init]: Setting product property ro.product.manufacturer to 'OnePlus' (from ro.product.product.manufacturer)
06-02 13:12:20.563     1     1 I (6)[1:init]: Setting product property ro.product.model to 'OnePlus Nord 2 5G' (from ro.product.product.model)
06-02 13:12:20.563     1     1 I (6)[1:init]: Setting product property ro.product.name to 'lineage_ivan' (from ro.product.product.name)
06-02 13:12:20.563     1     1 I (6)[1:init]: Setting property 'ro.product.cpu.abilist' to 'arm64-v8a,armeabi-v7a,armeabi'
06-02 13:12:20.563     1     1 I (6)[1:init]: Setting property 'ro.product.cpu.abilist32' to 'armeabi-v7a,armeabi'
06-02 13:12:20.563     1     1 I (6)[1:init]: Setting property 'ro.product.cpu.abilist64' to 'arm64-v8a'
06-02 13:12:20.564   338   338 I (7)[338:dc_trim_thread]mt6359-sound mt6359_snd: stop_trim_hardware(), ++
06-02 13:12:20.565     1     1 I (6)[1:init]selinux: SELinux: Loaded file_contexts
06-02 13:12:20.565     1     1 I (6)[1:init]selinux:  
06-02 13:12:20.565     1     1 I (6)[1:init]: Running restorecon...
06-02 13:12:20.582     1     1 I (6)[1:init]: Created socket '/dev/socket/property_service', mode 666, user 0, group 0
06-02 13:12:20.586     1     1 I (6)[1:init]: SetupMountNamespaces done
06-02 13:12:20.587     1     1 I (6)[1:init]: Forked subcontext for 'u:r:vendor_init:s0' with pid 450
06-02 13:12:20.587     1     1 I (6)[1:init]: Parsing file /system/etc/init/hw/init.rc...
06-02 13:12:20.587     1     1 I (6)[1:init]: Added '/init.environ.rc' to import list
06-02 13:12:20.587     1     1 I (6)[1:init]: Added '/system/etc/init/hw/init.usb.rc' to import list
06-02 13:12:20.587     1     1 I (6)[1:init]: Added '/init.mt6877.rc' to import list
06-02 13:12:20.587     1     1 I (6)[1:init]: Added '/vendor/etc/init/hw/init.mt6877.rc' to import list
06-02 13:12:20.587     1     1 I (6)[1:init]: Added '/system/etc/init/hw/init.usb.configfs.rc' to import list
06-02 13:12:20.587     1     1 I (6)[1:init]: Added '/system/etc/init/hw/init.zygote64_32.rc' to import list
06-02 13:12:20.588     1     1 I (6)[1:init]: Parsing file /init.environ.rc...
06-02 13:12:20.588     1     1 I (6)[1:init]: Parsing file /system/etc/init/hw/init.usb.rc...
06-02 13:12:20.589     1     1 I (6)[1:init]: Parsing file /init.mt6877.rc...
06-02 13:12:20.589     1     1 I (6)[1:init]: Unable to read config file '/init.mt6877.rc': open() failed: No such file or directory
06-02 13:12:20.589   110   110 I (0)[110:chgdet_thread]mt6360_pmu_chg mt6360_pmu_chg.2.auto: __mt6360_enable_usbchgen: CDP block
06-02 13:12:20.589     1     1 I (6)[1:init]: Parsing file /vendor/etc/init/hw/init.mt6877.rc...
06-02 13:12:20.590     1     1 I (6)[1:init]: Added '/vendor/etc/init/hw/init.connectivity.rc' to import list
06-02 13:12:20.590     1     1 I (6)[1:init]: Added '/vendor/etc/init/hw/init.mt6877.usb.rc' to import list
06-02 13:12:20.590     1     1 I (6)[1:init]: Added '/vendor/etc/init/hw/init.project.rc' to import list
06-02 13:12:20.590     1     1 I (6)[1:init]: Added '/vendor/etc/init/hw/init.sensor_2_0.rc' to import list
06-02 13:12:20.590     1     1 I (6)[1:init]: Added '/vendor/etc/init/hw/init.stnfc.rc' to import list
06-02 13:12:20.590     1     1 I (6)[1:init]: Added '/vendor/etc/init/hw/init.cgroup.rc' to import list
06-02 13:12:20.590     1     1 I (6)[1:init]: Added '/vendor/etc/init/hw/init.modem.rc' to import list
06-02 13:12:20.591     1     1 I (6)[1:init]: Parsing file /vendor/etc/init/hw/init.connectivity.rc...
06-02 13:12:20.591     1     1 I (6)[1:init]: Parsing file /vendor/etc/init/hw/init.mt6877.usb.rc...
06-02 13:12:20.594     1     1 I (6)[1:init]: Parsing file /vendor/etc/init/hw/init.project.rc...
06-02 13:12:20.594     1     1 I (6)[1:init]: Parsing file /vendor/etc/init/hw/init.sensor_2_0.rc...
06-02 13:12:20.594     1     1 I (6)[1:init]: Parsing file /vendor/etc/init/hw/init.stnfc.rc...
06-02 13:12:20.594     1     1 I (6)[1:init]: Unable to read config file '/vendor/etc/init/hw/init.stnfc.rc': open() failed: No such file or directory
06-02 13:12:20.594     1     1 I (6)[1:init]: Parsing file /vendor/etc/init/hw/init.cgroup.rc...
06-02 13:12:20.594     1     1 I (6)[1:init]: Unable to read config file '/vendor/etc/init/hw/init.cgroup.rc': open() failed: No such file or directory
06-02 13:12:20.594     1     1 I (6)[1:init]: Parsing file /vendor/etc/init/hw/init.modem.rc...
06-02 13:12:20.594     1     1 I (6)[1:init]: Parsing file /system/etc/init/hw/init.usb.configfs.rc...
06-02 13:12:20.595     1     1 I (6)[1:init]: Parsing file /system/etc/init/hw/init.zygote64_32.rc...
06-02 13:12:20.595     1     1 I (6)[1:init]: Parsing directory /system/etc/init...
06-02 13:12:20.595     1     1 I (6)[1:init]: Parsing file /system/etc/init/android.hidl.allocator@1.0-service.rc...
06-02 13:12:20.595     1     1 I (6)[1:init]: Parsing file /system/etc/init/android.system.suspend@1.0-service.rc...
06-02 13:12:20.595     1     1 I (6)[1:init]: Parsing file /system/etc/init/apexd.rc...
06-02 13:12:20.596     1     1 I (6)[1:init]: Parsing file /system/etc/init/atrace.rc...
06-02 13:12:20.596     1     1 I (6)[1:init]: Parsing file /system/etc/init/atrace_userdebug.rc...
06-02 13:12:20.597     1     1 I (6)[1:init]: Parsing file /system/etc/init/audioserver.rc...
06-02 13:12:20.597     1     1 I (6)[1:init]: Parsing file /system/etc/init/blank_screen.rc...
06-02 13:12:20.597     1     1 I (6)[1:init]: Parsing file /system/etc/init/bootanim.rc...
06-02 13:12:20.597     1     1 I (6)[1:init]: Parsing file /system/etc/init/bootstat-debug.rc...
06-02 13:12:20.597     1     1 I (6)[1:init]: Parsing file /system/etc/init/bootstat.rc...
06-02 13:12:20.598     1     1 I (6)[1:init]: Parsing file /system/etc/init/bpfloader.rc...
06-02 13:12:20.598     1     1 I (6)[1:init]: Parsing file /system/etc/init/cameraserver.rc...
06-02 13:12:20.598     1     1 I (6)[1:init]: Parsing file /system/etc/init/clean_scratch_files.rc...
06-02 13:12:20.598     1     1 I (6)[1:init]: Parsing file /system/etc/init/credstore.rc...
06-02 13:12:20.598   338   338 I (0)[338:dc_trim_thread]mt6359-sound mt6359_snd: stop_trim_hardware(), --
06-02 13:12:20.599   338   338 I (0)[338:dc_trim_thread]mt6359-sound mt6359_snd: get_hp_dctrim_offset(), R_offset = -7, L_offset = -10
06-02 13:12:20.599   338   338 I (0)[338:dc_trim_thread]mt6359-sound mt6359_snd: calculate_lr_trim_code(), step3 trim_value(R/L) = (-7/-10)
06-02 13:12:20.599   338   338 I (0)[338:dc_trim_thread]mt6359-sound mt6359_snd: calculate_lr_trim_code(), result hp_trim_code(R/L) = (0x3/0x3)
06-02 13:12:20.599   338   338 I (0)[338:dc_trim_thread]mt6359-sound mt6359_snd: calculate_lr_finetrim_code(), initial MT6359_AUDDEC_ANA_CON3 = 0x303
06-02 13:12:20.599     1     1 I (6)[1:init]: Parsing file /system/etc/init/dmesgd.rc...
06-02 13:12:20.599     1     1 I (6)[1:init]: Parsing file /system/etc/init/drmserver.rc...
06-02 13:12:20.599     1     1 I (6)[1:init]: Parsing file /system/etc/init/dumpstate.rc...
06-02 13:12:20.600     1     1 I (6)[1:init]: Parsing file /system/etc/init/flags_health_check.rc...
06-02 13:12:20.600     1     1 I (6)[1:init]: Parsing file /system/etc/init/gatekeeperd.rc...
06-02 13:12:20.600     1     1 I (6)[1:init]: Parsing file /system/etc/init/gpuservice.rc...
06-02 13:12:20.600     1     1 I (6)[1:init]: Parsing file /system/etc/init/gsid.rc...
06-02 13:12:20.600     1     1 I (6)[1:init]: Parsing file /system/etc/init/heapprofd.rc...
06-02 13:12:20.601     1     1 I (6)[1:init]: Parsing file /system/etc/init/hwservicemanager.rc...
06-02 13:12:20.601     1     1 I (6)[1:init]: Parsing file /system/etc/init/idmap2d.rc...
06-02 13:12:20.601     1     1 I (6)[1:init]: Parsing file /system/etc/init/incidentd.rc...
06-02 13:12:20.601     1     1 I (6)[1:init]: Parsing file /system/etc/init/init-debug.rc...
06-02 13:12:20.602     1     1 I (6)[1:init]: Parsing file /system/etc/init/init.vtservice.rc...
06-02 13:12:20.602     1     1 I (6)[1:init]: Parsing file /system/etc/init/installd.rc...
06-02 13:12:20.602     1     1 I (6)[1:init]: Parsing file /system/etc/init/keystore2.rc...
06-02 13:12:20.602     1     1 I (6)[1:init]: Parsing file /system/etc/init/kpoc_charger.rc...
06-02 13:12:20.602     1     1 I (6)[1:init]: Parsing file /system/etc/init/llkd.rc...
06-02 13:12:20.603     1     1 I (6)[1:init]: Parsing file /system/etc/init/lmkd.rc...
06-02 13:12:20.603     1     1 I (6)[1:init]: Parsing file /system/etc/init/logcatd.rc...
06-02 13:12:20.603     1     1 I (6)[1:init]: Parsing file /system/etc/init/logd.rc...
06-02 13:12:20.603     1     1 I (6)[1:init]: Parsing file /system/etc/init/logtagd.rc...
06-02 13:12:20.603     1     1 I (6)[1:init]: Parsing file /system/etc/init/lpdumpd.rc...
06-02 13:12:20.604     1     1 I (6)[1:init]: Parsing file /system/etc/init/mdnsd.rc...
06-02 13:12:20.604     1     1 I (6)[1:init]: Parsing file /system/etc/init/mediaextractor.rc...
06-02 13:12:20.604     1     1 I (6)[1:init]: Parsing file /system/etc/init/mediametrics.rc...
06-02 13:12:20.604     1     1 I (6)[1:init]: Parsing file /system/etc/init/mediaserver.rc...
06-02 13:12:20.604     1     1 I (6)[1:init]: Parsing file /system/etc/init/mtpd.rc...
06-02 13:12:20.604     1     1 I (6)[1:init]: Parsing file /system/etc/init/netd.rc...
06-02 13:12:20.605     1     1 I (6)[1:init]: Parsing file /system/etc/init/odsign.rc...
06-02 13:12:20.605     1     1 I (6)[1:init]: Parsing file /system/etc/init/perfetto.rc...
06-02 13:12:20.605     1     1 I (6)[1:init]: Parsing file /system/etc/init/prng_seeder.rc...
06-02 13:12:20.605     1     1 I (6)[1:init]: Parsing file /system/etc/init/profcollectd.rc...
06-02 13:12:20.605     1     1 I (6)[1:init]: Parsing file /system/etc/init/racoon.rc...
06-02 13:12:20.606     1     1 I (6)[1:init]: Parsing file /system/etc/init/recovery-persist.rc...
06-02 13:12:20.606     1     1 I (6)[1:init]: Parsing file /system/etc/init/rss_hwm_reset.rc...
06-02 13:12:20.606     1     1 I (6)[1:init]: Parsing file /system/etc/init/servicemanager.rc...
06-02 13:12:20.606     1     1 I (6)[1:init]: Parsing file /system/etc/init/simpleperf.rc...
06-02 13:12:20.606     1     1 I (6)[1:init]: Parsing file /system/etc/init/snapuserd.rc...
06-02 13:12:20.606     1     1 I (6)[1:init]: Parsing file /system/etc/init/storaged.rc...
06-02 13:12:20.607     1     1 I (6)[1:init]: Parsing file /system/etc/init/surfaceflinger.rc...
06-02 13:12:20.607     1     1 I (6)[1:init]: Parsing file /system/etc/init/tombstoned.rc...
06-02 13:12:20.607     1     1 I (6)[1:init]: Parsing file /system/etc/init/traced_perf.rc...
06-02 13:12:20.607     1     1 I (6)[1:init]: Parsing file /system/etc/init/uncrypt.rc...
06-02 13:12:20.607     1     1 I (6)[1:init]: Parsing file /system/etc/init/usbd.rc...
06-02 13:12:20.607     1     1 I (6)[1:init]: Parsing file /system/etc/init/vold.rc...
06-02 13:12:20.608     1     1 I (6)[1:init]: Parsing file /system/etc/init/wifi.rc...
06-02 13:12:20.608     1     1 I (6)[1:init]: Parsing file /system/etc/init/wificond.rc...
06-02 13:12:20.608     1     1 I (6)[1:init]: Parsing directory /system_ext/etc/init...
06-02 13:12:20.608     1     1 I (6)[1:init]: Parsing file /system_ext/etc/init/adb_root.rc...
06-02 13:12:20.608     1     1 I (6)[1:init]: Parsing file /system_ext/etc/init/init.lineage-system_ext.rc...
06-02 13:12:20.609     1     1 E (6)[1:init]: /system_ext/etc/init/init.lineage-system_ext.rc: 6: ignored duplicate definition of service 'bugreport'
06-02 13:12:20.609     1     1 I (6)[1:init]: Parsing file /system_ext/etc/init/init.lineage-updater.rc...
06-02 13:12:20.609     1     1 I (6)[1:init]: Parsing file /system_ext/etc/init/init.target.rc...
06-02 13:12:20.609     1     1 I (6)[1:init]: Parsing directory /vendor/etc/init...
06-02 13:12:20.609     1     1 I (6)[1:init]: Parsing file /vendor/etc/init/android.hardware.audio.service.rc...
06-02 13:12:20.609     1     1 I (6)[1:init]: Parsing file /vendor/etc/init/android.hardware.biometrics.fingerprint@2.3-service.oplus.rc...
06-02 13:12:20.609     1     1 I (6)[1:init]: Parsing file /vendor/etc/init/android.hardware.bluetooth@1.1-service-mediatek.rc...
06-02 13:12:20.610     1     1 W (6)[1:init]: 'writepid /dev/stune/foreground/tasks' is converted into 'task_profiles HighPerformance' for service bluetooth-1-1
06-02 13:12:20.610     1     1 I (6)[1:init]: Parsing file /vendor/etc/init/android.hardware.cas@1.2-service.rc...
06-02 13:12:20.610     1     1 I (6)[1:init]: Parsing file /vendor/etc/init/android.hardware.drm@1.4-service.clearkey.rc...
06-02 13:12:20.610     1     1 I (6)[1:init]: Parsing file /vendor/etc/init/android.hardware.drm@1.4-service.widevine.rc...
06-02 13:12:20.610     1     1 W (6)[1:init]: 'writepid /dev/cpuset/foreground/tasks' is converted into 'task_profiles ProcessCapacityHigh' for service vendor.drm-widevine-hal-1-4
06-02 13:12:20.610     1     1 I (6)[1:init]: Parsing file /vendor/etc/init/android.hardware.gatekeeper@1.0-service.rc...
06-02 13:12:20.610     1     1 I (6)[1:init]: Parsing file /vendor/etc/init/android.hardware.gnss-service.mediatek.rc...
06-02 13:12:20.611     1     1 I (6)[1:init]: Parsing file /vendor/etc/init/android.hardware.graphics.allocator@4.0-service-mediatek.rc...
06-02 13:12:20.611     1     1 I (6)[1:init]: Parsing file /vendor/etc/init/android.hardware.graphics.composer@2.1-service.rc...
06-02 13:12:20.611     1     1 I (6)[1:init]: Parsing file /vendor/etc/init/android.hardware.health@2.1-service.rc...
06-02 13:12:20.611     1     1 I (6)[1:init]: Parsing file /vendor/etc/init/android.hardware.keymaster@4.1-service.trustonic.rc...
06-02 13:12:20.611     1     1 I (6)[1:init]: Parsing file /vendor/etc/init/android.hardware.light-service.mt6877.rc...
06-02 13:12:20.611     1     1 I (6)[1:init]: Parsing file /vendor/etc/init/android.hardware.media.c2@1.2-mediatek.rc...
06-02 13:12:20.612     1     1 I (6)[1:init]: Parsing file /vendor/etc/init/android.hardware.media.omx@1.0-service.rc...
06-02 13:12:20.612     1     1 I (6)[1:init]: Parsing file /vendor/etc/init/android.hardware.memtrack@1.0-service.rc...
06-02 13:12:20.612     1     1 I (6)[1:init]: Parsing file /vendor/etc/init/android.hardware.neuralnetworks@1.3-service-mtk-neuron.rc...
06-02 13:12:20.612     1     1 I (6)[1:init]: Parsing file /vendor/etc/init/android.hardware.nfc@1.2-service.rc...
06-02 13:12:20.612     1     1 I (6)[1:init]: Parsing file /vendor/etc/init/android.hardware.secure_element@1.2-service-mediatek.rc...
06-02 13:12:20.612     1     1 I (6)[1:init]: Parsing file /vendor/etc/init/android.hardware.sensors@2.0-service-multihal.mt6877.rc...
06-02 13:12:20.613     1     1 W (6)[1:init]: 'writepid /dev/cpuset/system-background/tasks' is converted into 'task_profiles ServiceCapacityLow' for service vendor.sensors-hal-2-0-multihal
06-02 13:12:20.613     1     1 I (6)[1:init]: Parsing file /vendor/etc/init/android.hardware.thermal@2.0-service.mtk.rc...
06-02 13:12:20.613     1     1 I (6)[1:init]: Parsing file /vendor/etc/init/android.hardware.usb@1.2-service-mediatek.rc...
06-02 13:12:20.613   338   338 I (0)[338:dc_trim_thread]mt6359-sound mt6359_snd: start_trim_hardware(), ++
06-02 13:12:20.613     1     1 I (6)[1:init]: Parsing file /vendor/etc/init/android.hardware.wifi.supplicant-service.rc...
06-02 13:12:20.613     1     1 I (6)[1:init]: Parsing file /vendor/etc/init/android.hardware.wifi@1.0-service-lazy.mt6877.rc...
06-02 13:12:20.613     1     1 I (6)[1:init]: Parsing file /vendor/etc/init/atci_service.rc...
06-02 13:12:20.614     1     1 I (6)[1:init]: Parsing file /vendor/etc/init/atcid.rc...
06-02 13:12:20.614     1     1 I (6)[1:init]: Parsing file /vendor/etc/init/audiocmdservice_atci.rc...
06-02 13:12:20.614     1     1 I (6)[1:init]: Parsing file /vendor/etc/init/bootperf.rc...
06-02 13:12:20.614     1     1 I (6)[1:init]: Parsing file /vendor/etc/init/boringssl_self_test.rc...
06-02 13:12:20.615     1     1 I (6)[1:init]: Parsing file /vendor/etc/init/camerahalserver.rc...
06-02 13:12:20.615     1     1 I (6)[1:init]: Parsing file /vendor/etc/init/chipinfo_init.rc...
06-02 13:12:20.615     1     1 I (6)[1:init]: Parsing file /vendor/etc/init/dmc_core.rc...
06-02 13:12:20.615     1     1 I (6)[1:init]: Parsing file /vendor/etc/init/fuelgauged_init.rc...
06-02 13:12:20.615     1     1 I (6)[1:init]: Parsing file /vendor/etc/init/fuelgauged_nvram_init.rc...
06-02 13:12:20.615     1     1 I (6)[1:init]: Parsing file /vendor/etc/init/gsm0710muxd.rc...
06-02 13:12:20.616     1     1 I (6)[1:init]: Parsing file /vendor/etc/init/hostapd.android.rc...
06-02 13:12:20.616     1     1 I (6)[1:init]: Parsing file /vendor/etc/init/init.bip_ap.rc...
06-02 13:12:20.616     1     1 I (6)[1:init]: Parsing file /vendor/etc/init/init.cccimdinit.rc...
06-02 13:12:20.616     1     1 I (6)[1:init]: Parsing file /vendor/etc/init/init.cccirpcd.rc...
06-02 13:12:20.616     1     1 I (6)[1:init]: Parsing file /vendor/etc/init/init.connfem.rc...
06-02 13:12:20.617     1     1 I (6)[1:init]: Parsing file /vendor/etc/init/init.fpsgo.rc...
06-02 13:12:20.617     1     1 I (6)[1:init]: Parsing file /vendor/etc/init/init.thermal.rc...
06-02 13:12:20.617     1     1 I (6)[1:init]: Parsing file /vendor/etc/init/init.thermal_manager.rc...
06-02 13:12:20.617     1     1 I (6)[1:init]: Parsing file /vendor/etc/init/init.thermalloadalgod.rc...
06-02 13:12:20.617     1     1 I (6)[1:init]: Parsing file /vendor/etc/init/init.vtservice_hidl.rc...
06-02 13:12:20.617     1     1 I (6)[1:init]: Parsing file /vendor/etc/init/ipsec_mon.rc...
06-02 13:12:20.618     1     1 I (6)[1:init]: Parsing file /vendor/etc/init/lbs_hidl_service.rc...
06-02 13:12:20.618     1     1 I (6)[1:init]: Parsing file /vendor/etc/init/md_monitor.rc...
06-02 13:12:20.618     1     1 I (6)[1:init]: Parsing file /vendor/etc/init/mtk_agpsd_p.rc...
06-02 13:12:20.618     1     1 I (6)[1:init]: Parsing file /vendor/etc/init/mtk_pkm_service.rc...
06-02 13:12:20.618     1     1 I (6)[1:init]: Parsing file /vendor/etc/init/mtkrild.rc...
06-02 13:12:20.618     1     1 I (6)[1:init]: Parsing file /vendor/etc/init/muxreport.rc...
06-02 13:12:20.619     1     1 I (6)[1:init]: Parsing file /vendor/etc/init/netdagent.rc...
06-02 13:12:20.619     1     1 I (6)[1:init]: Parsing file /vendor/etc/init/networksetting.rc...
06-02 13:12:20.619     1     1 I (6)[1:init]: Parsing file /vendor/etc/init/nvram_daemon.rc...
06-02 13:12:20.619     1     1 I (6)[1:init]: Parsing file /vendor/etc/init/tee.rc...
06-02 13:12:20.619     1     1 I (6)[1:init]: Parsing file /vendor/etc/init/tetheroffloadservice.rc...
06-02 13:12:20.619     1     1 I (6)[1:init]: Parsing file /vendor/etc/init/trustonic.rc...
06-02 13:12:20.620     1     1 I (6)[1:init]: Parsing file /vendor/etc/init/vendor.lineage.touch@1.0-service.oplus.rc...
06-02 13:12:20.620     1     1 I (6)[1:init]: Parsing file /vendor/etc/init/vendor.mediatek.hardware.keymaster_attestation@1.1-service.rc...
06-02 13:12:20.620     1     1 I (6)[1:init]: Parsing file /vendor/etc/init/vendor.mediatek.hardware.mmagent@1.1-service.rc...
06-02 13:12:20.620     1     1 I (6)[1:init]: Parsing file /vendor/etc/init/vendor.mediatek.hardware.mms@1.6-service.rc...
06-02 13:12:20.620     1     1 I (6)[1:init]: Parsing file /vendor/etc/init/vendor.mediatek.hardware.mtkpower@1.0-init.rc...
06-02 13:12:20.621     1     1 I (6)[1:init]: Parsing file /vendor/etc/init/vendor.mediatek.hardware.mtkpower@1.0-service.rc...
06-02 13:12:20.622     1     1 I (6)[1:init]: Parsing file /vendor/etc/init/vendor.mediatek.hardware.nvram@1.1-sevice.rc...
06-02 13:12:20.622     1     1 I (6)[1:init]: Parsing file /vendor/etc/init/vendor.mediatek.hardware.nwk_opt@1.0-service.rc...
06-02 13:12:20.622     1     1 I (6)[1:init]: Parsing file /vendor/etc/init/vendor.mediatek.hardware.pq@2.2-service.rc...
06-02 13:12:20.622     1     1 I (6)[1:init]: Parsing file /vendor/etc/init/vendor.trustonic.tee@1.1-service.rc...
06-02 13:12:20.622     1     1 I (6)[1:init]: Parsing file /vendor/etc/init/vendor_flash_recovery.rc...
06-02 13:12:20.623     1     1 I (6)[1:init]: Parsing file /vendor/etc/init/vibrator-mediatek.rc...
06-02 13:12:20.623     1     1 I (6)[1:init]: Parsing file /vendor/etc/init/volte_clientapi_ua.rc...
06-02 13:12:20.623     1     1 I (6)[1:init]: Parsing file /vendor/etc/init/volte_rcs_ua.rc...
06-02 13:12:20.623     1     1 I (6)[1:init]: Parsing file /vendor/etc/init/vpud.rc...
06-02 13:12:20.624     1     1 I (6)[1:init]: Parsing file /vendor/etc/init/wlan_assistant.rc...
06-02 13:12:20.624     1     1 I (6)[1:init]: Parsing directory /odm/etc/init...
06-02 13:12:20.624     1     1 I (6)[1:init]: Parsing file /odm/etc/init/init.oplus.reserve.rc...
06-02 13:12:20.624     1     1 I (6)[1:init]: Parsing file /odm/etc/init/init.pn8x.nfc.rc...
06-02 13:12:20.625     1     1 I (6)[1:init]: Parsing file /odm/etc/init/init.vendor.oplus.connectivity.rc...
06-02 13:12:20.625     1     1 I (6)[1:init]: Parsing file /odm/etc/init/vendor.oplus.hardware.biometrics.fingerprint@2.1-service.rc...
06-02 13:12:20.625     1     1 I (6)[1:init]: Parsing file /odm/etc/init/vendor.oplus.hardware.charger@1.0-service.rc...
06-02 13:12:20.625     1     1 I (6)[1:init]: Parsing file /odm/etc/init/vendor.oplus.hardware.oplusSensor@1.0-service.rc...
06-02 13:12:20.626     1     1 I (6)[1:init]: Parsing file /odm/etc/init/vendor.oplus.hardware.orms.ormsHalService@1.0-service.rc...
06-02 13:12:20.626     1     1 I (6)[1:init]: Parsing directory /product/etc/init...
06-02 13:12:20.626     1     1 I (6)[1:init]: Parsing file /product/etc/init/init.openssh.rc...
06-02 13:12:20.627     1     1 I (6)[1:init]: processing action (SetupCgroups) from (<Builtin Action>:0)
06-02 13:12:20.629     1     1 E (6)[1:init]cgroup: cgroup2: unknown option "memory_recursiveprot"
06-02 13:12:20.629     1     1 I (6)[1:init]libprocessgroup: Mounting memcg with memory_recursiveprot failed. Retrying without.
06-02 13:12:20.630     1     1 I (6)[1:init]: Untracked pid 448 exited with status 0
06-02 13:12:20.630     1     1 I (6)[1:init]: Untracked pid 448 did not have an associated service entry and will not be reaped
06-02 13:12:20.636     1     1 I (6)[1:init]: processing action (SetKptrRestrict) from (<Builtin Action>:0)
06-02 13:12:20.637     1     1 I (6)[1:init]: processing action (TestPerfEventSelinux) from (<Builtin Action>:0)
06-02 13:12:20.637     1     1 I (6)[1:init]: Permissive SELinux boot, forcing sys.init.perf_lsm_hooks to 1.
06-02 13:12:20.637     1     1 I (6)[1:init]: processing action (ConnectEarlyStageSnapuserd) from (<Builtin Action>:0)
06-02 13:12:20.637     1     1 I (6)[1:init]: processing action (early-init) from (/system/etc/init/hw/init.rc:15)
06-02 13:12:20.639     1     1 I (6)[1:init]: Command 'mkdir /acct/uid' action=early-init (/system/etc/init/hw/init.rc:30) took 0ms and failed: mkdir() failed on /acct/uid: Read-only file system
06-02 13:12:20.642     1     1 I (6)[1:init]: starting service 'exec 1 (/system/bin/bootstrap/linkerconfig --target /linkerconfig/bootstrap)'...
06-02 13:12:20.645     1     1 I (6)[1:init]: SVC_EXEC service 'exec 1 (/system/bin/bootstrap/linkerconfig --target /linkerconfig/bootstrap)' pid 451 (uid 0 gid 0+0 context default) started; waiting...
06-02 13:12:20.650   338   338 I (1)[338:dc_trim_thread]mt6359-sound mt6359_snd: start_trim_hardware(), --
06-02 13:12:20.650   338   338 I (1)[338:dc_trim_thread]mt6359-sound mt6359_snd: get_hp_dctrim_offset(), get on_valueL
06-02 13:12:20.654   451   451 E (0)[451:linkerconfig]: Unable to access VNDK APEX at path: /apex/com.android.vndk.v33: No such file or directory
06-02 13:12:20.654   451   451 E (0)[451:linkerconfig]: Unable to access VNDK APEX at path: /apex/com.android.vndk.v33: No such file or directory
06-02 13:12:20.658     1     1 I (6)[1:init]: Service 'exec 1 (/system/bin/bootstrap/linkerconfig --target /linkerconfig/bootstrap)' (pid 451) exited with status 0 waiting took 0.014000 seconds
06-02 13:12:20.658     1     1 I (6)[1:init]: Sending signal 9 to service 'exec 1 (/system/bin/bootstrap/linkerconfig --target /linkerconfig/bootstrap)' (pid 451) process group...
06-02 13:12:20.658     1     1 I (6)[1:init]libprocessgroup: Successfully killed process cgroup uid 0 pid 451 in 0ms
06-02 13:12:20.659     1     1 I (6)[1:init]: starting service 'ueventd'...
06-02 13:12:20.663     1     1 I (7)[1:init]: starting service 'apexd-bootstrap'...
06-02 13:12:20.667     1     1 I (1)[1:init]: SVC_EXEC service 'apexd-bootstrap' pid 454 (uid 0 gid 1000+0 context default) started; waiting...
06-02 13:12:20.673   453   453 I (6)[453:ueventd]: ueventd started!
06-02 13:12:20.678   453   453 I (6)[453:ueventd]selinux: SELinux: Loaded file_contexts
06-02 13:12:20.678   453   453 I (6)[453:ueventd]selinux:  
06-02 13:12:20.679   453   453 I (6)[453:ueventd]: Parsing file /system/etc/ueventd.rc...
06-02 13:12:20.679   453   453 I (6)[453:ueventd]: Added '/vendor/etc/ueventd.rc' to import list
06-02 13:12:20.679   453   453 I (6)[453:ueventd]: Added '/odm/etc/ueventd.rc' to import list
06-02 13:12:20.679   453   453 I (6)[453:ueventd]: Parsing file /vendor/etc/ueventd.rc...
06-02 13:12:20.680   453   453 I (6)[453:ueventd]: Parsing file /odm/etc/ueventd.rc...
06-02 13:12:20.680   453   453 I (6)[453:ueventd]: Parsing file /vendor/ueventd.rc...
06-02 13:12:20.680   453   453 I (6)[453:ueventd]: Unable to read config file '/vendor/ueventd.rc': open() failed: No such file or directory
06-02 13:12:20.680   453   453 I (6)[453:ueventd]: Parsing file /odm/ueventd.rc...
06-02 13:12:20.680   453   453 I (6)[453:ueventd]: Unable to read config file '/odm/ueventd.rc': open() failed: No such file or directory
06-02 13:12:20.680   453   453 I (6)[453:ueventd]: Parsing file /ueventd.mt6877.rc...
06-02 13:12:20.680   453   453 I (6)[453:ueventd]: Unable to read config file '/ueventd.mt6877.rc': open() failed: No such file or directory
06-02 13:12:20.697   110   110 I (0)[110:chgdet_thread]mt6360_pmu_chg mt6360_pmu_chg.2.auto: __mt6360_enable_usbchgen: CDP block
06-02 13:12:20.703   454   454 I (1)[454:apexd]: Bootstrap subcommand detected
06-02 13:12:20.704   454   454 E (1)[454:apexd]cutils-trace: Error opening trace file: No such file or directory (2)
06-02 13:12:20.724   338   338 I (7)[338:dc_trim_thread]mt6359-sound mt6359_snd: get_hp_dctrim_offset(), get off_valueL
06-02 13:12:20.805   110   110 I (1)[110:chgdet_thread]mt6360_pmu_chg mt6360_pmu_chg.2.auto: __mt6360_enable_usbchgen: CDP block
06-02 13:12:20.806   338   338 I (4)[338:dc_trim_thread]mt6359-sound mt6359_snd: get_hp_dctrim_offset(), get on_valueR
06-02 13:12:20.896   338   338 I (6)[338:dc_trim_thread]mt6359-sound mt6359_snd: get_hp_dctrim_offset(), get off_valueR
06-02 13:12:20.913   110   110 I (3)[110:chgdet_thread]mt6360_pmu_chg mt6360_pmu_chg.2.auto: __mt6360_enable_usbchgen: CDP block
06-02 13:12:20.929   454   454 I (2)[454:apexd]: wait for '/dev/loop-control' took 213ms
06-02 13:12:20.930   454   454 I (2)[454:apexd]: Pre-allocated loop device 16
06-02 13:12:20.930   454   454 I (2)[454:apexd]: Pre-allocated loop device 17
06-02 13:12:20.931   454   454 I (2)[454:apexd]: Pre-allocated loop device 18
06-02 13:12:20.931   454   454 I (2)[454:apexd]: Pre-allocated loop device 19
06-02 13:12:20.931   454   454 I (2)[454:apexd]: Pre-allocated loop device 20
06-02 13:12:20.932   454   454 I (2)[454:apexd]: Pre-allocated loop device 21
06-02 13:12:20.932   454   454 I (2)[454:apexd]: Pre-allocated loop device 22
06-02 13:12:20.932   454   454 I (2)[454:apexd]: Pre-allocated loop device 23
06-02 13:12:20.933   454   454 I (2)[454:apexd]: Pre-allocated loop device 24
06-02 13:12:20.933   454   454 I (2)[454:apexd]: Pre-allocated loop device 25
06-02 13:12:20.933   454   454 I (2)[454:apexd]: Pre-allocated loop device 26
