06-02 13:12:23.275   529   529 I vold    : Verified that /data/vendor_de/0 has the encryption policy 6968946b9174f5592b8189e0d757a1d0 v2 modes 1/4 flags 0xa
06-02 13:12:23.275   529   529 I vold    : Verified that /data/misc_de/0 has the encryption policy 6968946b9174f5592b8189e0d757a1d0 v2 modes 1/4 flags 0xa
06-02 13:12:23.275   529   529 I vold    : Verified that /data/user_de/0 has the encryption policy 6968946b9174f5592b8189e0d757a1d0 v2 modes 1/4 flags 0xa
06-02 13:12:23.275   529   529 D vold    : /system/bin/vold_prepare_subdirs
06-02 13:12:23.275   529   529 D vold    :     prepare
06-02 13:12:23.275   529   529 D vold    :     
06-02 13:12:23.275   529   529 D vold    :     0
06-02 13:12:23.275   529   529 D vold    :     1
06-02 13:12:23.297   110   110 I (2)[110:chgdet_thread]mt6360_pmu_chg mt6360_pmu_chg.2.auto: __mt6360_enable_usbchgen: CDP block
06-02 13:12:23.307   529   529 D vold    : Detected support for FS_IOC_ADD_ENCRYPTION_KEY
06-02 13:12:23.313     1     1 I (1)[1:init]: Service 'exec 10 (/system/bin/vdc --wait cryptfs init_user0)' (pid 713) exited with status 0 waiting took 0.049000 seconds
06-02 13:12:23.313     1     1 I (1)[1:init]: Sending signal 9 to service 'exec 10 (/system/bin/vdc --wait cryptfs init_user0)' (pid 713) process group...
06-02 13:12:23.313     1     1 I (1)[1:init]libprocessgroup: Successfully killed process cgroup uid 0 pid 713 in 0ms
06-02 13:12:23.317     1     1 I (1)[1:init]selinux: SELinux: Skipping restorecon on directory(/data)
06-02 13:12:23.317     1     1 I (1)[1:init]selinux:  
06-02 13:12:23.317     1     1 I (1)[1:init]: starting service 'derive_classpath'...
06-02 13:12:23.320     1     1 I (3)[1:init]: SVC_EXEC service 'derive_classpath' pid 716 (uid 1000 gid 1000+1 context default) started; waiting...
06-02 13:12:23.351     1     1 I (3)[1:init]: Service 'derive_classpath' (pid 716) exited with status 0 waiting took 0.031000 seconds
06-02 13:12:23.351     1     1 I (3)[1:init]: Sending signal 9 to service 'derive_classpath' (pid 716) process group...
06-02 13:12:23.351     1     1 I (3)[1:init]libprocessgroup: Successfully killed process cgroup uid 1000 pid 716 in 0ms
06-02 13:12:23.352     1     1 I (3)[1:init]: starting service 'odsign'...
06-02 13:12:23.371   717   717 I odsign  : Trying to retrieve existing HMAC key...
06-02 13:12:23.371   717   717 I odsign  : Trying to retrieve existing keystore key...
06-02 13:12:23.375   717   717 I (2)[717:odsign]binder: 717:717 ioctl 40046210 7ff0f981f0 returned -22
06-02 13:12:23.375   717   717 I odsign  : Verified public key signature.
06-02 13:12:23.375   717   717 I odsign  : Initialized Keystore key.
06-02 13:12:23.375   717   717 I odsign  : Found and verified existing public key certificate: /data/misc/odsign/key.cert
06-02 13:12:23.405   110   110 I (2)[110:chgdet_thread]mt6360_pmu_chg mt6360_pmu_chg.2.auto: __mt6360_enable_usbchgen: CDP block
06-02 13:12:23.433   304   304 I         : (0)[304:mddp_rx]port ccci_0_200 read data fail when md_state = 0
06-02 13:12:23.454   719   719 W (6)[719:odrefresh]audit: audit_backlog=65 > audit_backlog_limit=64
06-02 13:12:23.454   719   719 W (6)[719:odrefresh]audit: audit_lost=1 audit_rate_limit=0 audit_backlog_limit=64
06-02 13:12:23.454   719   719 E (6)[719:odrefresh]audit: backlog limit exceeded
06-02 13:12:23.454   719   719 W (6)[719:odrefresh]audit: audit_backlog=65 > audit_backlog_limit=64
06-02 13:12:23.454   719   719 W (6)[719:odrefresh]audit: audit_lost=2 audit_rate_limit=0 audit_backlog_limit=64
06-02 13:12:23.454   719   719 E (6)[719:odrefresh]audit: backlog limit exceeded
06-02 13:12:23.454   719   719 W (6)[719:odrefresh]audit: audit_backlog=65 > audit_backlog_limit=64
06-02 13:12:23.454   719   719 W (6)[719:odrefresh]audit: audit_lost=3 audit_rate_limit=0 audit_backlog_limit=64
06-02 13:12:23.454   719   719 E (6)[719:odrefresh]audit: backlog limit exceeded
06-02 13:12:23.454   719   719 W (6)[719:odrefresh]audit: audit_backlog=65 > audit_backlog_limit=64
06-02 13:12:23.454   719   719 I odrefresh: ART APEX version 330400000
06-02 13:12:23.454   719   719 I odrefresh: Factory ART APEX mounted.
06-02 13:12:23.454   719   719 I odrefresh: System properties are set to default values.
06-02 13:12:23.454   719   719 I odrefresh: Factory ART APEX mounted.
06-02 13:12:23.454   719   719 I odrefresh: System properties are set to default values.
06-02 13:12:23.454   719   719 I odrefresh: Factory APEXes mounted.
06-02 13:12:23.454   719   719 I odrefresh: System properties are set to default values.
06-02 13:12:23.457   717   717 I odsign  : Metrics report is empty
06-02 13:12:23.457   717   717 I odsign  : /data/misc/odsign/odsign.info not found.
06-02 13:12:23.458   717   717 I odsign  : odrefresh said artifacts are VALID
06-02 13:12:23.458   717   717 I odsign  : On-device signing done.
06-02 13:12:23.462   449   449 I (1)[449:init]: Wait for property 'odsign.key.done=1' took 106ms
06-02 13:12:23.462     1     1 I (6)[1:init]: starting service 'exec 11 (/system/bin/fsverity_init --lock)'...
06-02 13:12:23.464     1     1 I (6)[1:init]: SVC_EXEC service 'exec 11 (/system/bin/fsverity_init --lock)' pid 720 (uid 0 gid 0+0 context default) started; waiting...
06-02 13:12:23.464     1     1 I (6)[1:init]: Sending signal 9 to service 'odsign' (pid 717) process group...
06-02 13:12:23.469     1     1 I (6)[1:init]libprocessgroup: Successfully killed process cgroup uid 0 pid 717 in 5ms
06-02 13:12:23.469     1     1 I (6)[1:init]: Control message: Processed ctl.stop for 'odsign' from pid: 717 (/system/bin/odsign)
06-02 13:12:23.469     1     1 I (6)[1:init]: Service 'odsign' (pid 717) received signal 9
06-02 13:12:23.470   568   598 I keystore2: keystore2::super_key: keystore.boot_level 1000000000 hits maximum 1000000000, finishing.
06-02 13:12:23.475     1     1 I (6)[1:init]: Service 'exec 11 (/system/bin/fsverity_init --lock)' (pid 720) exited with status 0 waiting took 0.011000 seconds
06-02 13:12:23.475     1     1 I (6)[1:init]: Sending signal 9 to service 'exec 11 (/system/bin/fsverity_init --lock)' (pid 720) process group...
06-02 13:12:23.475     1     1 I (6)[1:init]libprocessgroup: Successfully killed process cgroup uid 0 pid 720 in 0ms
06-02 13:12:23.475     1     1 I (6)[1:init]: starting service 'apexd-snapshotde'...
06-02 13:12:23.477     1     1 I (6)[1:init]: SVC_EXEC service 'apexd-snapshotde' pid 721 (uid 0 gid 1000+0 context default) started; waiting...
06-02 13:12:23.483   721   721 I (7)[721:apexd]: Snapshot DE subcommand detected
06-02 13:12:23.483   721   721 I (7)[721:apexd]binder: 721:721 ioctl 40046210 7fe15ac4b0 returned -22
06-02 13:12:23.483   721   721 I (6)[721:apexd]: Marking APEXd as ready
06-02 13:12:23.485     1     1 I (1)[1:init]: Service 'apexd-snapshotde' (pid 721) exited with status 0 waiting took 0.009000 seconds
06-02 13:12:23.485     1     1 I (1)[1:init]: Sending signal 9 to service 'apexd-snapshotde' (pid 721) process group...
06-02 13:12:23.485     1     1 I (1)[1:init]libprocessgroup: Successfully killed process cgroup uid 0 pid 721 in 0ms
06-02 13:12:23.486     1     1 I (0)[1:init]: starting service 'exec 12 (/system/bin/tzdatacheck /apex/com.android.tzdata/etc/tz /data/misc/zoneinfo)'...
06-02 13:12:23.489     1     1 I (0)[1:init]: SVC_EXEC service 'exec 12 (/system/bin/tzdatacheck /apex/com.android.tzdata/etc/tz /data/misc/zoneinfo)' pid 722 (uid 1000 gid 1000+0 context default) started; waiting...
06-02 13:12:23.496     1     1 I (1)[1:init]: Service 'exec 12 (/system/bin/tzdatacheck /apex/com.android.tzdata/etc/tz /data/misc/zoneinfo)' (pid 722) exited with status 0 waiting took 0.008000 seconds
06-02 13:12:23.496     1     1 I (1)[1:init]: Sending signal 9 to service 'exec 12 (/system/bin/tzdatacheck /apex/com.android.tzdata/etc/tz /data/misc/zoneinfo)' (pid 722) process group...
06-02 13:12:23.496     1     1 I (1)[1:init]libprocessgroup: Successfully killed process cgroup uid 1000 pid 722 in 0ms
06-02 13:12:23.500     1     1 I (1)[1:init]: processing action (post-fs-data) from (/system/etc/init/hw/init.rc:1337)
06-02 13:12:23.500     1     1 I (1)[1:init]: service 'logd' requested start, but it is already running (flags: 4)
06-02 13:12:23.500     1     1 I (1)[1:init]: starting service 'exec 13 (/debug_ramdisk/magisk --post-fs-data)'...
06-02 13:12:23.503     1     1 I (1)[1:init]: SVC_EXEC service 'exec 13 (/debug_ramdisk/magisk --post-fs-data)' pid 723 (uid 0 gid 0+0 context u:r:magisk:s0) started; waiting...
06-02 13:12:23.513   110   110 I (2)[110:chgdet_thread]mt6360_pmu_chg mt6360_pmu_chg.2.auto: __mt6360_enable_usbchgen: CDP block
06-02 13:12:23.559     1     1 I (2)[1:init]: Untracked pid 731 received signal 9
06-02 13:12:23.559     1     1 I (2)[1:init]: Untracked pid 731 did not have an associated service entry and will not be reaped
06-02 13:12:23.559     1     1 I (1)[1:init]: Untracked pid 729 exited with status 0
06-02 13:12:23.559     1     1 I (1)[1:init]: Untracked pid 729 did not have an associated service entry and will not be reaped
06-02 13:12:23.621   110   110 I (2)[110:chgdet_thread]mt6360_pmu_chg mt6360_pmu_chg.2.auto: __mt6360_enable_usbchgen: CDP block
06-02 13:12:23.629     1     1 I (6)[1:init]: Service 'exec 13 (/debug_ramdisk/magisk --post-fs-data)' (pid 723) exited with status 0 waiting took 0.126000 seconds
06-02 13:12:23.629     1     1 I (6)[1:init]: Sending signal 9 to service 'exec 13 (/debug_ramdisk/magisk --post-fs-data)' (pid 723) process group...
06-02 13:12:23.629     1     1 I (6)[1:init]libprocessgroup: Successfully killed process cgroup uid 0 pid 723 in 0ms
06-02 13:12:23.629     1     1 I (6)[1:init]: processing action (post-fs-data) from (/system/etc/init/hw/init.usb.rc:6)
06-02 13:12:23.631     1     1 I (6)[1:init]: Verified that /data/adb has the encryption policy dd28ed09a32d39ed3301671dafce7962 v2 modes 1/4 flags 0xa
06-02 13:12:23.631     1     1 I (6)[1:init]: processing action (post-fs-data) from (/vendor/etc/init/hw/init.mt6877.rc:155)
06-02 13:12:23.655     1     1 I (6)[1:init]: processing action (post-fs-data) from (/vendor/etc/init/hw/init.connectivity.rc:1)
06-02 13:12:23.658     1     1 I (6)[1:init]: processing action (post-fs-data) from (/vendor/etc/init/hw/init.project.rc:6)
06-02 13:12:23.658     1     1 I (6)[1:init]: processing action (post-fs-data) from (/vendor/etc/init/hw/init.sensor_2_0.rc:7)
06-02 13:12:23.659     1     1 I (6)[1:init]: processing action (post-fs-data) from (/vendor/etc/init/hw/init.modem.rc:28)
06-02 13:12:23.660     1     1 I (6)[1:init]: processing action (post-fs-data) from (/system/etc/init/bootstat.rc:9)
06-02 13:12:23.663     1     1 I (6)[1:init]: processing action (ro.boot.dynamic_partitions=true && ro.debuggable=1 && post-fs-data) from (/system/etc/init/clean_scratch_files.rc:1)
06-02 13:12:23.663     1     1 I (6)[1:init]: starting service 'exec 14 (/system/bin/clean_scratch_files)'...
06-02 13:12:23.664     1     1 I (6)[1:init]: processing action (post-fs-data) from (/system/etc/init/gsid.rc:17)
06-02 13:12:23.664     1     1 I (7)[1:init]: Not setting encryption policy on: /data/gsi
06-02 13:12:23.665     1     1 I (7)[1:init]: processing action (post-fs-data) from (/system/etc/init/incidentd.rc:21)
06-02 13:12:23.665     1     1 I (7)[1:init]: processing action (post-fs-data) from (/system/etc/init/logtagd.rc:4)
06-02 13:12:23.666     1     1 I (7)[1:init]: processing action (post-fs-data) from (/system/etc/init/perfetto.rc:73)
06-02 13:12:23.666     1     1 I (7)[1:init]: Command 'rm /data/misc/perfetto-traces/.guardraildata' action=post-fs-data (/system/etc/init/perfetto.rc:74) took 0ms and failed: unlink() failed: No such file or directory
06-02 13:12:23.666     1     1 I (7)[1:init]: processing action (post-fs-data) from (/system/etc/init/profcollectd.rc:9)
06-02 13:12:23.666     1     1 I (7)[1:init]: processing action (post-fs-data) from (/system/etc/init/recovery-persist.rc:1)
06-02 13:12:23.666     1     1 I (7)[1:init]: starting service 'exec 15 (/system/bin/recovery-persist)'...
06-02 13:12:23.667     1     1 I (7)[1:init]: processing action (post-fs-data) from (/system/etc/init/wifi.rc:18)
06-02 13:12:23.668     1     1 I (7)[1:init]selinux: SELinux: Skipping restorecon on directory(/data/misc/apexdata/com.android.wifi)
06-02 13:12:23.668     1     1 I (7)[1:init]selinux:  
06-02 13:12:23.668     1     1 I (7)[1:init]: processing action (post-fs-data) from (/system_ext/etc/init/adb_root.rc:6)
06-02 13:12:23.668     1     1 W (7)[1:init]: Top-level directory needs encryption action, eg mkdir /data/adbroot <mode> <uid> <gid> encryption=Require
06-02 13:12:23.669     1     1 I (7)[1:init]: Verified that /data/adbroot has the encryption policy dd28ed09a32d39ed3301671dafce7962 v2 modes 1/4 flags 0xa
06-02 13:12:23.669     1     1 I (7)[1:init]: processing action (post-fs-data) from (/system_ext/etc/init/init.lineage-updater.rc:1)
06-02 13:12:23.669     1     1 I (7)[1:init]: Verified that /data/lineageos_updates has the encryption policy dd28ed09a32d39ed3301671dafce7962 v2 modes 1/4 flags 0xa
06-02 13:12:23.669     1     1 I (7)[1:init]: processing action (post-fs-data) from (/vendor/etc/init/android.hardware.neuralnetworks@1.3-service-mtk-neuron.rc:10)
06-02 13:12:23.669     1     1 I (7)[1:init]: processing action (post-fs-data) from (/vendor/etc/init/android.hardware.neuralnetworks@1.3-service-mtk-neuron.rc:13)
06-02 13:12:23.669     1     1 I (7)[1:init]: processing action (post-fs-data) from (/vendor/etc/init/chipinfo_init.rc:4)
06-02 13:12:23.669     1     1 I (7)[1:init]: start_waiting_for_property("ro.vendor.soc.model_ready", "1"): already set
06-02 13:12:23.670     1     1 I (7)[1:init]: Command 'setprop ro.soc.model ${ro.vendor.soc.model}' action=post-fs-data (/vendor/etc/init/chipinfo_init.rc:6) took 0ms and failed: property 'ro.vendor.soc.model' doesn't exist while expanding '${ro.vendor.soc.model}'
06-02 13:12:23.670   449   449 E (1)[449:init]: Unable to set property 'ro.soc.manufacturer' from uid:0 gid:0 pid:450: Read-only property was already set
06-02 13:12:23.670     1     1 I (7)[1:init]: processing action (post-fs-data) from (/vendor/etc/init/hostapd.android.rc:9)
06-02 13:12:23.670     1     1 I (7)[1:init]: processing action (post-fs-data) from (/vendor/etc/init/init.cccimdinit.rc:4)
06-02 13:12:23.673     1     1 I (7)[1:init]: processing action (post-fs-data) from (/vendor/etc/init/md_monitor.rc:1)
06-02 13:12:23.673     1     1 I (7)[1:init]: processing action (post-fs-data) from (/vendor/etc/init/mtk_agpsd_p.rc:1)
06-02 13:12:23.674     1     1 I (7)[1:init]: processing action (post-fs-data) from (/vendor/etc/init/mtkrild.rc:1)
06-02 13:12:23.674     1     1 I (7)[1:init]: processing action (post-fs-data) from (/vendor/etc/init/tee.rc:15)
06-02 13:12:23.675     1     1 I (7)[1:init]: processing action (post-fs-data) from (/vendor/etc/init/vendor.mediatek.hardware.mtkpower@1.0-init.rc:4)
06-02 13:12:23.681     1     1 I (7)[1:init]: Service 'exec 15 (/system/bin/recovery-persist)' (pid 733) exited with status 0 oneshot service took 0.013000 seconds in background
06-02 13:12:23.681     1     1 I (7)[1:init]: Sending signal 9 to service 'exec 15 (/system/bin/recovery-persist)' (pid 733) process group...
06-02 13:12:23.681     1     1 I (7)[1:init]libprocessgroup: Successfully killed process cgroup uid 1000 pid 733 in 0ms
06-02 13:12:23.683     1     1 I (7)[1:init]: Service 'exec 14 (/system/bin/clean_scratch_files)' (pid 732) exited with status 0 oneshot service took 0.019000 seconds in background
06-02 13:12:23.683     1     1 I (7)[1:init]: Sending signal 9 to service 'exec 14 (/system/bin/clean_scratch_files)' (pid 732) process group...
06-02 13:12:23.683     1     1 I (7)[1:init]libprocessgroup: Successfully killed process cgroup uid 0 pid 732 in 0ms
06-02 13:12:23.707     1     1 I (7)[1:init]: processing action (post-fs-data) from (/odm/etc/init/init.oplus.reserve.rc:12)
06-02 13:12:23.714     1     1 I (7)[1:init]: processing action (post-fs-data) from (/odm/etc/init/init.pn8x.nfc.rc:1)
06-02 13:12:23.714   450   450 W (7)[450:init]: Top-level directory needs encryption action, eg mkdir /data/vendor <mode> <uid> <gid> encryption=Require
06-02 13:12:23.714   450   450 I (7)[450:init]: Verified that /data/vendor has the encryption policy dd28ed09a32d39ed3301671dafce7962 v2 modes 1/4 flags 0xa
06-02 13:12:23.716   450   450 I -(7)[450:init]SELinux: Context u:object_r:vendor_nfc_vendor_data_file:s0 is not valid (left unmapped).
06-02 13:12:23.716     1     1 I (7)[1:init]: processing action (post-fs-data) from (/odm/etc/init/vendor.oplus.hardware.biometrics.fingerprint@2.1-service.rc:41)
06-02 13:12:23.719     1     1 I (7)[1:init]: processing action (post-fs-data) from (/odm/etc/init/vendor.oplus.hardware.orms.ormsHalService@1.0-service.rc:6)
06-02 13:12:23.719     1     1 I (7)[1:init]: Command 'chmod 0664 /proc/sys/kernel/input_boost_enabled' action=post-fs-data (/odm/etc/init/vendor.oplus.hardware.orms.ormsHalService@1.0-service.rc:18) took 0ms and failed: fchmodat() failed: Operation not permitted
06-02 13:12:23.720     1     1 I (7)[1:init]: processing action (post-fs-data) from (/product/etc/init/init.openssh.rc:1)
06-02 13:12:23.720     1     1 I (7)[1:init]: Verified that /data/ssh has the encryption policy dd28ed09a32d39ed3301671dafce7962 v2 modes 1/4 flags 0xa
06-02 13:12:23.720     1     1 I (7)[1:init]: processing action (load_bpf_programs) from (/system/etc/init/bpfloader.rc:17)
06-02 13:12:23.721     1     1 I (7)[1:init]: starting service 'bpfloader'...
06-02 13:12:23.723     1     1 I (0)[1:init]: SVC_EXEC service 'bpfloader' pid 734 (uid 0 gid 0+0 context default) started; waiting...
06-02 13:12:23.729   734   734 D (6)[734:bpfloader]LibBpfLoader: Loading optional ELF object /apex/com.android.tethering/etc/bpf/test.o with license Apache 2.0
06-02 13:12:23.729   734   734 I (6)[734:bpfloader]LibBpfLoader: Section bpfloader_min_ver value is 2 [0x2]
06-02 13:12:23.729   734   734 I (6)[734:bpfloader]LibBpfLoader: Section bpfloader_max_ver value is 65536 [0x10000]
06-02 13:12:23.729   734   734 I (6)[734:bpfloader]LibBpfLoader: Section size_of_bpf_map_def value is 116 [0x74]
06-02 13:12:23.729   734   734 I (6)[734:bpfloader]LibBpfLoader: Section size_of_bpf_prog_def value is 92 [0x5c]
06-02 13:12:23.729   734   734 I (6)[734:bpfloader]LibBpfLoader: BpfLoader version 0x00013 processing ELF object /apex/com.android.tethering/etc/bpf/test.o with ver [0x00002,0x10000)
06-02 13:12:23.729   734   734 D (6)[734:bpfloader]LibBpfLoader: Loaded code section 3 (xdp_drop_ipv4_udp_ether)
06-02 13:12:23.729   734   734 D (6)[734:bpfloader]LibBpfLoader: Adding section 3 to cs list
06-02 13:12:23.729   110   110 I (2)[110:chgdet_thread]mt6360_pmu_chg mt6360_pmu_chg.2.auto: __mt6360_enable_usbchgen: CDP block
06-02 13:12:23.729   734   734 D (6)[734:bpfloader]LibBpfLoader: Couldn't find section btf_min_bpfloader_ver (defaulting to 0 [0x0]).
06-02 13:12:23.729   734   734 D (6)[734:bpfloader]LibBpfLoader: Couldn't find section btf_min_kernel_ver (defaulting to 0 [0x0]).
06-02 13:12:23.729   734   734 D (6)[734:bpfloader]LibBpfLoader: bpf_create_map name tether_downstream6_map, ret: 6
06-02 13:12:23.729   734   734 I (6)[734:bpfloader]LibBpfLoader: map /sys/fs/bpf/tethering/map_test_tether_downstream6_map id 1
06-02 13:12:23.729   734   734 D (6)[734:bpfloader]LibBpfLoader: bpf_create_map name bitmap, ret: 7
06-02 13:12:23.729   734   734 I (6)[734:bpfloader]LibBpfLoader: map /sys/fs/bpf/tethering/map_test_bitmap id 2
06-02 13:12:23.729   734   734 D (6)[734:bpfloader]LibBpfLoader: map_fd found at 0 is 6 in /apex/com.android.tethering/etc/bpf/test.o
06-02 13:12:23.729   734   734 D (6)[734:bpfloader]LibBpfLoader: map_fd found at 1 is 7 in /apex/com.android.tethering/etc/bpf/test.o
06-02 13:12:23.729   734   734 D (6)[734:bpfloader]LibBpfLoader: cs[0].name:xdp_drop_ipv4_udp_ether min_kver:5090000 .max_kver:ffffffff (kvers:40e00be)
06-02 13:12:23.729   734   734 I (6)[734:bpfloader]: Loaded object: /apex/com.android.tethering/etc/bpf/test.o
06-02 13:12:23.730   734   734 D (6)[734:bpfloader]LibBpfLoader: Loading critical for tethering ELF object /apex/com.android.tethering/etc/bpf/offload.o with license Apache 2.0
06-02 13:12:23.730   734   734 I (6)[734:bpfloader]LibBpfLoader: Section bpfloader_min_ver value is 2 [0x2]
06-02 13:12:23.730   734   734 I (6)[734:bpfloader]LibBpfLoader: Section bpfloader_max_ver value is 65536 [0x10000]
06-02 13:12:23.730   734   734 I (6)[734:bpfloader]LibBpfLoader: Section size_of_bpf_map_def value is 116 [0x74]
06-02 13:12:23.730   734   734 I (6)[734:bpfloader]LibBpfLoader: Section size_of_bpf_prog_def value is 92 [0x5c]
06-02 13:12:23.730   734   734 I (6)[734:bpfloader]LibBpfLoader: BpfLoader version 0x00013 processing ELF object /apex/com.android.tethering/etc/bpf/offload.o with ver [0x00002,0x10000)
06-02 13:12:23.731   734   734 D (6)[734:bpfloader]LibBpfLoader: Loaded code section 3 (schedcls_tether_downstream6_ether)
06-02 13:12:23.732   734   734 D (6)[734:bpfloader]LibBpfLoader: Loaded relo section 3 (.relschedcls/tether_downstream6_ether)
06-02 13:12:23.732   734   734 D (6)[734:bpfloader]LibBpfLoader: Adding section 3 to cs list
06-02 13:12:23.732   734   734 D (6)[734:bpfloader]LibBpfLoader: Loaded code section 5 (schedcls_tether_upstream6_ether)
06-02 13:12:23.732   734   734 D (6)[734:bpfloader]LibBpfLoader: Loaded relo section 5 (.relschedcls/tether_upstream6_ether)
06-02 13:12:23.732   734   734 D (6)[734:bpfloader]LibBpfLoader: Adding section 5 to cs list
06-02 13:12:23.732   734   734 D (6)[734:bpfloader]LibBpfLoader: Loaded code section 7 (schedcls_tether_downstream6_rawip$5_4)
06-02 13:12:23.732   734   734 D (6)[734:bpfloader]LibBpfLoader: Loaded relo section 7 (.relschedcls/tether_downstream6_rawip$5_4)
06-02 13:12:23.732   734   734 D (6)[734:bpfloader]LibBpfLoader: Adding section 7 to cs list
06-02 13:12:23.732   734   734 D (6)[734:bpfloader]LibBpfLoader: Loaded code section 9 (schedcls_tether_upstream6_rawip$5_4)
06-02 13:12:23.732   734   734 D (6)[734:bpfloader]LibBpfLoader: Loaded relo section 9 (.relschedcls/tether_upstream6_rawip$5_4)
06-02 13:12:23.732   734   734 D (6)[734:bpfloader]LibBpfLoader: Adding section 9 to cs list
06-02 13:12:23.732   734   734 D (6)[734:bpfloader]LibBpfLoader: Loaded code section 11 (schedcls_tether_downstream6_rawip$4_14)
06-02 13:12:23.732   734   734 D (6)[734:bpfloader]LibBpfLoader: Loaded relo section 11 (.relschedcls/tether_downstream6_rawip$4_14)
06-02 13:12:23.732   734   734 D (6)[734:bpfloader]LibBpfLoader: Adding section 11 to cs list
06-02 13:12:23.732   734   734 D (6)[734:bpfloader]LibBpfLoader: Loaded code section 13 (schedcls_tether_upstream6_rawip$4_14)
06-02 13:12:23.732   734   734 D (6)[734:bpfloader]LibBpfLoader: Loaded relo section 13 (.relschedcls/tether_upstream6_rawip$4_14)
06-02 13:12:23.732   734   734 D (6)[734:bpfloader]LibBpfLoader: Adding section 13 to cs list
06-02 13:12:23.733   734   734 D (6)[734:bpfloader]LibBpfLoader: Loaded code section 15 (schedcls_tether_downstream6_rawip$stub)
06-02 13:12:23.733   734   734 D (6)[734:bpfloader]LibBpfLoader: Adding section 15 to cs list
06-02 13:12:23.733   734   734 D (6)[734:bpfloader]LibBpfLoader: Loaded code section 16 (schedcls_tether_upstream6_rawip$stub)
06-02 13:12:23.733   734   734 D (6)[734:bpfloader]LibBpfLoader: Adding section 16 to cs list
06-02 13:12:23.733   734   734 D (6)[734:bpfloader]LibBpfLoader: Loaded code section 17 (schedcls_tether_downstream4_rawip$5_8)
06-02 13:12:23.733   734   734 D (6)[734:bpfloader]LibBpfLoader: Loaded relo section 17 (.relschedcls/tether_downstream4_rawip$5_8)
06-02 13:12:23.733   734   734 D (6)[734:bpfloader]LibBpfLoader: Adding section 17 to cs list
06-02 13:12:23.733   734   734 D (6)[734:bpfloader]LibBpfLoader: Loaded code section 19 (schedcls_tether_upstream4_rawip$5_8)
06-02 13:12:23.733   734   734 D (6)[734:bpfloader]LibBpfLoader: Loaded relo section 19 (.relschedcls/tether_upstream4_rawip$5_8)
06-02 13:12:23.733   734   734 D (6)[734:bpfloader]LibBpfLoader: Adding section 19 to cs list
06-02 13:12:23.733   734   734 D (6)[734:bpfloader]LibBpfLoader: Loaded code section 21 (schedcls_tether_downstream4_ether$5_8)
06-02 13:12:23.734   734   734 D (6)[734:bpfloader]LibBpfLoader: Loaded relo section 21 (.relschedcls/tether_downstream4_ether$5_8)
06-02 13:12:23.734   734   734 D (6)[734:bpfloader]LibBpfLoader: Adding section 21 to cs list
06-02 13:12:23.734   734   734 D (6)[734:bpfloader]LibBpfLoader: Loaded code section 23 (schedcls_tether_upstream4_ether$5_8)
06-02 13:12:23.734   734   734 D (6)[734:bpfloader]LibBpfLoader: Loaded relo section 23 (.relschedcls/tether_upstream4_ether$5_8)
06-02 13:12:23.734   734   734 D (6)[734:bpfloader]LibBpfLoader: Adding section 23 to cs list
06-02 13:12:23.734   734   734 D (6)[734:bpfloader]LibBpfLoader: Loaded code section 25 (schedcls_tether_downstream4_rawip$opt)
06-02 13:12:23.734   734   734 D (6)[734:bpfloader]LibBpfLoader: Loaded relo section 25 (.relschedcls/tether_downstream4_rawip$opt)
06-02 13:12:23.734   734   734 D (6)[734:bpfloader]LibBpfLoader: Adding section 25 to cs list
06-02 13:12:23.734   734   734 D (6)[734:bpfloader]LibBpfLoader: Loaded code section 27 (schedcls_tether_upstream4_rawip$opt)
06-02 13:12:23.735   734   734 D (6)[734:bpfloader]LibBpfLoader: Loaded relo section 27 (.relschedcls/tether_upstream4_rawip$opt)
06-02 13:12:23.735   734   734 D (6)[734:bpfloader]LibBpfLoader: Adding section 27 to cs list
06-02 13:12:23.735   734   734 D (6)[734:bpfloader]LibBpfLoader: Loaded code section 29 (schedcls_tether_downstream4_ether$opt)
06-02 13:12:23.735   734   734 D (6)[734:bpfloader]LibBpfLoader: Loaded relo section 29 (.relschedcls/tether_downstream4_ether$opt)
06-02 13:12:23.735   734   734 D (6)[734:bpfloader]LibBpfLoader: Adding section 29 to cs list
06-02 13:12:23.735   734   734 D (6)[734:bpfloader]LibBpfLoader: Loaded code section 31 (schedcls_tether_upstream4_ether$opt)
06-02 13:12:23.735   734   734 D (6)[734:bpfloader]LibBpfLoader: Loaded relo section 31 (.relschedcls/tether_upstream4_ether$opt)
06-02 13:12:23.735   734   734 D (6)[734:bpfloader]LibBpfLoader: Adding section 31 to cs list
06-02 13:12:23.735   734   734 D (6)[734:bpfloader]LibBpfLoader: Loaded code section 33 (schedcls_tether_downstream4_rawip$5_4)
06-02 13:12:23.736   734   734 D (6)[734:bpfloader]LibBpfLoader: Loaded relo section 33 (.relschedcls/tether_downstream4_rawip$5_4)
06-02 13:12:23.736   734   734 D (6)[734:bpfloader]LibBpfLoader: Adding section 33 to cs list
06-02 13:12:23.736   734   734 D (6)[734:bpfloader]LibBpfLoader: Loaded code section 35 (schedcls_tether_upstream4_rawip$5_4)
06-02 13:12:23.736   734   734 D (6)[734:bpfloader]LibBpfLoader: Loaded relo section 35 (.relschedcls/tether_upstream4_rawip$5_4)
06-02 13:12:23.736   734   734 D (6)[734:bpfloader]LibBpfLoader: Adding section 35 to cs list
06-02 13:12:23.736   734   734 D (6)[734:bpfloader]LibBpfLoader: Loaded code section 37 (schedcls_tether_downstream4_rawip$4_14)
06-02 13:12:23.736   734   734 D (6)[734:bpfloader]LibBpfLoader: Loaded relo section 37 (.relschedcls/tether_downstream4_rawip$4_14)
06-02 13:12:23.736   734   734 D (6)[734:bpfloader]LibBpfLoader: Adding section 37 to cs list
06-02 13:12:23.736   734   734 D (6)[734:bpfloader]LibBpfLoader: Loaded code section 39 (schedcls_tether_upstream4_rawip$4_14)
06-02 13:12:23.737   734   734 D (6)[734:bpfloader]LibBpfLoader: Loaded relo section 39 (.relschedcls/tether_upstream4_rawip$4_14)
06-02 13:12:23.737   734   734 D (6)[734:bpfloader]LibBpfLoader: Adding section 39 to cs list
06-02 13:12:23.737   734   734 D (6)[734:bpfloader]LibBpfLoader: Loaded code section 41 (schedcls_tether_downstream4_ether$4_14)
06-02 13:12:23.737   734   734 D (6)[734:bpfloader]LibBpfLoader: Loaded relo section 41 (.relschedcls/tether_downstream4_ether$4_14)
06-02 13:12:23.737   734   734 D (6)[734:bpfloader]LibBpfLoader: Adding section 41 to cs list
06-02 13:12:23.737   734   734 D (6)[734:bpfloader]LibBpfLoader: Loaded code section 43 (schedcls_tether_upstream4_ether$4_14)
06-02 13:12:23.738   734   734 D (6)[734:bpfloader]LibBpfLoader: Loaded relo section 43 (.relschedcls/tether_upstream4_ether$4_14)
06-02 13:12:23.738   734   734 D (6)[734:bpfloader]LibBpfLoader: Adding section 43 to cs list
06-02 13:12:23.738   734   734 D (6)[734:bpfloader]LibBpfLoader: Loaded code section 45 (schedcls_tether_downstream4_rawip$stub)
06-02 13:12:23.738   734   734 D (6)[734:bpfloader]LibBpfLoader: Adding section 45 to cs list
06-02 13:12:23.738   734   734 D (6)[734:bpfloader]LibBpfLoader: Loaded code section 46 (schedcls_tether_upstream4_rawip$stub)
06-02 13:12:23.738   734   734 D (6)[734:bpfloader]LibBpfLoader: Adding section 46 to cs list
06-02 13:12:23.738   734   734 D (6)[734:bpfloader]LibBpfLoader: Loaded code section 47 (schedcls_tether_downstream4_ether$stub)
06-02 13:12:23.739   734   734 D (6)[734:bpfloader]LibBpfLoader: Adding section 47 to cs list
06-02 13:12:23.739   734   734 D (6)[734:bpfloader]LibBpfLoader: Loaded code section 48 (schedcls_tether_upstream4_ether$stub)
06-02 13:12:23.739   734   734 D (6)[734:bpfloader]LibBpfLoader: Adding section 48 to cs list
06-02 13:12:23.739   734   734 D (6)[734:bpfloader]LibBpfLoader: Loaded code section 49 (xdp_tether_downstream_ether)
06-02 13:12:23.740   734   734 D (6)[734:bpfloader]LibBpfLoader: Adding section 49 to cs list
06-02 13:12:23.740   734   734 D (6)[734:bpfloader]LibBpfLoader: Loaded code section 50 (xdp_tether_downstream_rawip)
06-02 13:12:23.740   734   734 D (6)[734:bpfloader]LibBpfLoader: Adding section 50 to cs list
06-02 13:12:23.740   734   734 D (6)[734:bpfloader]LibBpfLoader: Loaded code section 51 (xdp_tether_upstream_ether)
06-02 13:12:23.741   734   734 D (6)[734:bpfloader]LibBpfLoader: Adding section 51 to cs list
06-02 13:12:23.741   734   734 D (6)[734:bpfloader]LibBpfLoader: Loaded code section 52 (xdp_tether_upstream_rawip)
06-02 13:12:23.741   734   734 D (6)[734:bpfloader]LibBpfLoader: Adding section 52 to cs list
06-02 13:12:23.742   734   734 D (6)[734:bpfloader]LibBpfLoader: Couldn't find section btf_min_bpfloader_ver (defaulting to 0 [0x0]).
06-02 13:12:23.742   734   734 D (6)[734:bpfloader]LibBpfLoader: Couldn't find section btf_min_kernel_ver (defaulting to 0 [0x0]).
06-02 13:12:23.742   734   734 D (6)[734:bpfloader]LibBpfLoader: bpf_create_map name tether_error_map, ret: 6
06-02 13:12:23.742   734   734 I (6)[734:bpfloader]LibBpfLoader: map /sys/fs/bpf/tethering/map_offload_tether_error_map id 3
06-02 13:12:23.742   734   734 D (6)[734:bpfloader]LibBpfLoader: bpf_create_map name tether_stats_map, ret: 7
06-02 13:12:23.742   734   734 I (6)[734:bpfloader]LibBpfLoader: map /sys/fs/bpf/tethering/map_offload_tether_stats_map id 4
06-02 13:12:23.742   734   734 D (6)[734:bpfloader]LibBpfLoader: bpf_create_map name tether_limit_map, ret: 8
06-02 13:12:23.742   734   734 I (6)[734:bpfloader]LibBpfLoader: map /sys/fs/bpf/tethering/map_offload_tether_limit_map id 5
06-02 13:12:23.742   734   734 D (6)[734:bpfloader]LibBpfLoader: bpf_create_map name tether_downstream6_map, ret: 9
06-02 13:12:23.742   734   734 I (6)[734:bpfloader]LibBpfLoader: map /sys/fs/bpf/tethering/map_offload_tether_downstream6_map id 6
06-02 13:12:23.742   734   734 D (6)[734:bpfloader]LibBpfLoader: bpf_create_map name tether_downstream64_map, ret: 10
06-02 13:12:23.742   734   734 I (6)[734:bpfloader]LibBpfLoader: map /sys/fs/bpf/tethering/map_offload_tether_downstream64_map id 7
06-02 13:12:23.742   734   734 D (6)[734:bpfloader]LibBpfLoader: bpf_create_map name tether_upstream6_map, ret: 11
06-02 13:12:23.742   734   734 I (6)[734:bpfloader]LibBpfLoader: map /sys/fs/bpf/tethering/map_offload_tether_upstream6_map id 8
06-02 13:12:23.742   734   734 D (6)[734:bpfloader]LibBpfLoader: bpf_create_map name tether_downstream4_map, ret: 12
06-02 13:12:23.742   734   734 I (6)[734:bpfloader]LibBpfLoader: map /sys/fs/bpf/tethering/map_offload_tether_downstream4_map id 9
06-02 13:12:23.742   734   734 D (6)[734:bpfloader]LibBpfLoader: bpf_create_map name tether_upstream4_map, ret: 13
06-02 13:12:23.742   734   734 I (6)[734:bpfloader]LibBpfLoader: map /sys/fs/bpf/tethering/map_offload_tether_upstream4_map id 10
06-02 13:12:23.742   734   734 D (6)[734:bpfloader]LibBpfLoader: bpf_create_map name tether_dev_map, ret: 14
06-02 13:12:23.742   734   734 I (6)[734:bpfloader]LibBpfLoader: map /sys/fs/bpf/tethering/map_offload_tether_dev_map id 11
06-02 13:12:23.742   734   734 D (6)[734:bpfloader]LibBpfLoader: map_fd found at 0 is 6 in /apex/com.android.tethering/etc/bpf/offload.o
06-02 13:12:23.742   734   734 D (6)[734:bpfloader]LibBpfLoader: map_fd found at 1 is 7 in /apex/com.android.tethering/etc/bpf/offload.o
06-02 13:12:23.742   734   734 D (6)[734:bpfloader]LibBpfLoader: map_fd found at 2 is 8 in /apex/com.android.tethering/etc/bpf/offload.o
06-02 13:12:23.742   734   734 D (6)[734:bpfloader]LibBpfLoader: map_fd found at 3 is 9 in /apex/com.android.tethering/etc/bpf/offload.o
06-02 13:12:23.742   734   734 D (6)[734:bpfloader]LibBpfLoader: map_fd found at 4 is 10 in /apex/com.android.tethering/etc/bpf/offload.o
06-02 13:12:23.742   734   734 D (6)[734:bpfloader]LibBpfLoader: map_fd found at 5 is 11 in /apex/com.android.tethering/etc/bpf/offload.o
06-02 13:12:23.742   734   734 D (6)[734:bpfloader]LibBpfLoader: map_fd found at 6 is 12 in /apex/com.android.tethering/etc/bpf/offload.o
06-02 13:12:23.742   734   734 D (6)[734:bpfloader]LibBpfLoader: map_fd found at 7 is 13 in /apex/com.android.tethering/etc/bpf/offload.o
06-02 13:12:23.742   734   734 D (6)[734:bpfloader]LibBpfLoader: map_fd found at 8 is 14 in /apex/com.android.tethering/etc/bpf/offload.o
06-02 13:12:23.743   734   734 D (6)[734:bpfloader]LibBpfLoader: applying relo to instruction at byte offset: 296, 	       insn offset 37 , insn 118
06-02 13:12:23.743   734   734 D (6)[734:bpfloader]LibBpfLoader:  
06-02 13:12:23.743   734   734 D (6)[734:bpfloader]LibBpfLoader: applying relo to instruction at byte offset: 400, 	       insn offset 50 , insn 118
06-02 13:12:23.743   734   734 D (6)[734:bpfloader]LibBpfLoader:  
06-02 13:12:23.743   734   734 D (6)[734:bpfloader]LibBpfLoader: applying relo to instruction at byte offset: 528, 	       insn offset 66 , insn 118
06-02 13:12:23.743   734   734 D (6)[734:bpfloader]LibBpfLoader:  
06-02 13:12:23.743   734   734 D (6)[734:bpfloader]LibBpfLoader: applying relo to instruction at byte offset: 624, 	       insn offset 78 , insn 118
06-02 13:12:23.743   734   734 D (6)[734:bpfloader]LibBpfLoader:  
06-02 13:12:23.743   734   734 D (6)[734:bpfloader]LibBpfLoader: applying relo to instruction at byte offset: 744, 	       insn offset 93 , insn 118
06-02 13:12:23.743   734   734 D (6)[734:bpfloader]LibBpfLoader:  
06-02 13:12:23.743   734   734 D (6)[734:bpfloader]LibBpfLoader: applying relo to instruction at byte offset: 848, 	       insn offset 106 , insn 118
06-02 13:12:23.743   734   734 D (6)[734:bpfloader]LibBpfLoader:  
06-02 13:12:23.743   734   734 D (6)[734:bpfloader]LibBpfLoader: applying relo to instruction at byte offset: 1144, 	       insn offset 143 , insn 118
06-02 13:12:23.743   734   734 D (6)[734:bpfloader]LibBpfLoader:  
06-02 13:12:23.743   734   734 D (6)[734:bpfloader]LibBpfLoader: applying relo to instruction at byte offset: 1224, 	       insn offset 153 , insn 118
06-02 13:12:23.743   734   734 D (6)[734:bpfloader]LibBpfLoader:  
06-02 13:12:23.743   734   734 D (6)[734:bpfloader]LibBpfLoader: applying relo to instruction at byte offset: 1296, 	       insn offset 162 , insn 118
06-02 13:12:23.743   734   734 D (6)[734:bpfloader]LibBpfLoader:  
06-02 13:12:23.743   734   734 D (6)[734:bpfloader]LibBpfLoader: applying relo to instruction at byte offset: 1376, 	       insn offset 172 , insn 118
06-02 13:12:23.743   734   734 D (6)[734:bpfloader]LibBpfLoader:  
06-02 13:12:23.743   734   734 D (6)[734:bpfloader]LibBpfLoader: applying relo to instruction at byte offset: 1440, 	       insn offset 180 , insn 118
06-02 13:12:23.743   734   734 D (6)[734:bpfloader]LibBpfLoader:  
06-02 13:12:23.743   734   734 D (6)[734:bpfloader]LibBpfLoader: applying relo to instruction at byte offset: 1528, 	       insn offset 191 , insn 118
06-02 13:12:23.743   734   734 D (6)[734:bpfloader]LibBpfLoader:  
06-02 13:12:23.743   734   734 D (6)[734:bpfloader]LibBpfLoader: applying relo to instruction at byte offset: 1800, 	       insn offset 225 , insn 118
06-02 13:12:23.743   734   734 D (6)[734:bpfloader]LibBpfLoader:  
06-02 13:12:23.743   734   734 D (6)[734:bpfloader]LibBpfLoader: applying relo to instruction at byte offset: 296, 	       insn offset 37 , insn 118
06-02 13:12:23.743   734   734 D (6)[734:bpfloader]LibBpfLoader:  
06-02 13:12:23.743   734   734 D (6)[734:bpfloader]LibBpfLoader: applying relo to instruction at byte offset: 400, 	       insn offset 50 , insn 118
06-02 13:12:23.743   734   734 D (6)[734:bpfloader]LibBpfLoader:  
06-02 13:12:23.743   734   734 D (6)[734:bpfloader]LibBpfLoader: applying relo to instruction at byte offset: 528, 	       insn offset 66 , insn 118
06-02 13:12:23.743   734   734 D (6)[734:bpfloader]LibBpfLoader:  
06-02 13:12:23.743   734   734 D (6)[734:bpfloader]LibBpfLoader: applying relo to instruction at byte offset: 624, 	       insn offset 78 , insn 118
06-02 13:12:23.743   734   734 D (6)[734:bpfloader]LibBpfLoader:  
06-02 13:12:23.743   734   734 D (6)[734:bpfloader]LibBpfLoader: applying relo to instruction at byte offset: 752, 	       insn offset 94 , insn 118
06-02 13:12:23.743   734   734 D (6)[734:bpfloader]LibBpfLoader:  
06-02 13:12:23.743   734   734 D (6)[734:bpfloader]LibBpfLoader: applying relo to instruction at byte offset: 864, 	       insn offset 108 , insn 118
06-02 13:12:23.743   734   734 D (6)[734:bpfloader]LibBpfLoader:  
06-02 13:12:23.743   734   734 D (6)[734:bpfloader]LibBpfLoader: applying relo to instruction at byte offset: 968, 	       insn offset 121 , insn 118
06-02 13:12:23.743   734   734 D (6)[734:bpfloader]LibBpfLoader:  
06-02 13:12:23.743   734   734 D (6)[734:bpfloader]LibBpfLoader: applying relo to instruction at byte offset: 1184, 	       insn offset 148 , insn 118
06-02 13:12:23.743   734   734 D (6)[734:bpfloader]LibBpfLoader:  
06-02 13:12:23.743   734   734 D (6)[734:bpfloader]LibBpfLoader: applying relo to instruction at byte offset: 1264, 	       insn offset 158 , insn 118
06-02 13:12:23.743   734   734 D (6)[734:bpfloader]LibBpfLoader:  
06-02 13:12:23.743   734   734 D (6)[734:bpfloader]LibBpfLoader: applying relo to instruction at byte offset: 1336, 	       insn offset 167 , insn 118
06-02 13:12:23.743   734   734 D (6)[734:bpfloader]LibBpfLoader:  
06-02 13:12:23.743   734   734 D (6)[734:bpfloader]LibBpfLoader: applying relo to instruction at byte offset: 1416, 	       insn offset 177 , insn 118
06-02 13:12:23.743   734   734 D (6)[734:bpfloader]LibBpfLoader:  
06-02 13:12:23.744   734   734 D (6)[734:bpfloader]LibBpfLoader: applying relo to instruction at byte offset: 1480, 	       insn offset 185 , insn 118
06-02 13:12:23.744   734   734 D (6)[734:bpfloader]LibBpfLoader:  
06-02 13:12:23.744   734   734 D (6)[734:bpfloader]LibBpfLoader: applying relo to instruction at byte offset: 1568, 	       insn offset 196 , insn 118
06-02 13:12:23.744   734   734 D (6)[734:bpfloader]LibBpfLoader:  
06-02 13:12:23.744   734   734 D (6)[734:bpfloader]LibBpfLoader: applying relo to instruction at byte offset: 1840, 	       insn offset 230 , insn 118
06-02 13:12:23.744   734   734 D (6)[734:bpfloader]LibBpfLoader:  
06-02 13:12:23.744   734   734 D (6)[734:bpfloader]LibBpfLoader: applying relo to instruction at byte offset: 240, 	       insn offset 30 , insn 118
06-02 13:12:23.744   734   734 D (6)[734:bpfloader]LibBpfLoader:  
06-02 13:12:23.744   734   734 D (6)[734:bpfloader]LibBpfLoader: applying relo to instruction at byte offset: 344, 	       insn offset 43 , insn 118
06-02 13:12:23.744   734   734 D (6)[734:bpfloader]LibBpfLoader:  
06-02 13:12:23.744   734   734 D (6)[734:bpfloader]LibBpfLoader: applying relo to instruction at byte offset: 472, 	       insn offset 59 , insn 118
06-02 13:12:23.744   734   734 D (6)[734:bpfloader]LibBpfLoader:  
06-02 13:12:23.744   734   734 D (6)[734:bpfloader]LibBpfLoader: applying relo to instruction at byte offset: 568, 	       insn offset 71 , insn 118
06-02 13:12:23.744   734   734 D (6)[734:bpfloader]LibBpfLoader:  
06-02 13:12:23.744   734   734 D (6)[734:bpfloader]LibBpfLoader: applying relo to instruction at byte offset: 688, 	       insn offset 86 , insn 118
06-02 13:12:23.744   734   734 D (6)[734:bpfloader]LibBpfLoader:  
06-02 13:12:23.744   734   734 D (6)[734:bpfloader]LibBpfLoader: applying relo to instruction at byte offset: 792, 	       insn offset 99 , insn 118
06-02 13:12:23.744   734   734 D (6)[734:bpfloader]LibBpfLoader:  
06-02 13:12:23.744   734   734 D (6)[734:bpfloader]LibBpfLoader: applying relo to instruction at byte offset: 960, 	       insn offset 120 , insn 118
06-02 13:12:23.744   734   734 D (6)[734:bpfloader]LibBpfLoader:  
06-02 13:12:23.744   734   734 D (6)[734:bpfloader]LibBpfLoader: applying relo to instruction at byte offset: 1040, 	       insn offset 130 , insn 118
06-02 13:12:23.744   734   734 D (6)[734:bpfloader]LibBpfLoader:  
06-02 13:12:23.744   734   734 D (6)[734:bpfloader]LibBpfLoader: applying relo to instruction at byte offset: 1112, 	       insn offset 139 , insn 118
06-02 13:12:23.744   734   734 D (6)[734:bpfloader]LibBpfLoader:  
06-02 13:12:23.744   734   734 D (6)[734:bpfloader]LibBpfLoader: applying relo to instruction at byte offset: 1192, 	       insn offset 149 , insn 118
06-02 13:12:23.744   734   734 D (6)[734:bpfloader]LibBpfLoader:  
06-02 13:12:23.744   734   734 D (6)[734:bpfloader]LibBpfLoader: applying relo to instruction at byte offset: 1256, 	       insn offset 157 , insn 118
06-02 13:12:23.744   734   734 D (6)[734:bpfloader]LibBpfLoader:  
06-02 13:12:23.744   734   734 D (6)[734:bpfloader]LibBpfLoader: applying relo to instruction at byte offset: 1344, 	       insn offset 168 , insn 118
06-02 13:12:23.744   734   734 D (6)[734:bpfloader]LibBpfLoader:  
06-02 13:12:23.744   734   734 D (6)[734:bpfloader]LibBpfLoader: applying relo to instruction at byte offset: 1600, 	       insn offset 200 , insn 118
06-02 13:12:23.744   734   734 D (6)[734:bpfloader]LibBpfLoader:  
06-02 13:12:23.744   734   734 D (6)[734:bpfloader]LibBpfLoader: applying relo to instruction at byte offset: 1760, 	       insn offset 220 , insn 118
06-02 13:12:23.744   734   734 D (6)[734:bpfloader]LibBpfLoader:  
06-02 13:12:23.744   734   734 D (6)[734:bpfloader]LibBpfLoader: applying relo to instruction at byte offset: 1904, 	       insn offset 238 , insn 118
06-02 13:12:23.744   734   734 D (6)[734:bpfloader]LibBpfLoader:  
06-02 13:12:23.744   734   734 D (6)[734:bpfloader]LibBpfLoader: applying relo to instruction at byte offset: 240, 	       insn offset 30 , insn 118
06-02 13:12:23.744   734   734 D (6)[734:bpfloader]LibBpfLoader:  
06-02 13:12:23.744   734   734 D (6)[734:bpfloader]LibBpfLoader: applying relo to instruction at byte offset: 344, 	       insn offset 43 , insn 118
06-02 13:12:23.744   734   734 D (6)[734:bpfloader]LibBpfLoader:  
06-02 13:12:23.744   734   734 D (6)[734:bpfloader]LibBpfLoader: applying relo to instruction at byte offset: 472, 	       insn offset 59 , insn 118
06-02 13:12:23.744   734   734 D (6)[734:bpfloader]LibBpfLoader:  
06-02 13:12:23.744   734   734 D (6)[734:bpfloader]LibBpfLoader: applying relo to instruction at byte offset: 568, 	       insn offset 71 , insn 118
06-02 13:12:23.744   734   734 D (6)[734:bpfloader]LibBpfLoader:  
06-02 13:12:23.744   734   734 D (6)[734:bpfloader]LibBpfLoader: applying relo to instruction at byte offset: 696, 	       insn offset 87 , insn 118
06-02 13:12:23.744   734   734 D (6)[734:bpfloader]LibBpfLoader:  
06-02 13:12:23.744   734   734 D (6)[734:bpfloader]LibBpfLoader: applying relo to instruction at byte offset: 808, 	       insn offset 101 , insn 118
06-02 13:12:23.744   734   734 D (6)[734:bpfloader]LibBpfLoader:  
06-02 13:12:23.744   734   734 D (6)[734:bpfloader]LibBpfLoader: applying relo to instruction at byte offset: 912, 	       insn offset 114 , insn 118
06-02 13:12:23.744   734   734 D (6)[734:bpfloader]LibBpfLoader:  
06-02 13:12:23.744   734   734 D (6)[734:bpfloader]LibBpfLoader: applying relo to instruction at byte offset: 1008, 	       insn offset 126 , insn 118
06-02 13:12:23.744   734   734 D (6)[734:bpfloader]LibBpfLoader:  
06-02 13:12:23.744   734   734 D (6)[734:bpfloader]LibBpfLoader: applying relo to instruction at byte offset: 1088, 	       insn offset 136 , insn 118
06-02 13:12:23.744   734   734 D (6)[734:bpfloader]LibBpfLoader:  
06-02 13:12:23.744   734   734 D (6)[734:bpfloader]LibBpfLoader: applying relo to instruction at byte offset: 1160, 	       insn offset 145 , insn 118
06-02 13:12:23.744   734   734 D (6)[734:bpfloader]LibBpfLoader:  
06-02 13:12:23.744   734   734 D (6)[734:bpfloader]LibBpfLoader: applying relo to instruction at byte offset: 1240, 	       insn offset 155 , insn 118
06-02 13:12:23.744   734   734 D (6)[734:bpfloader]LibBpfLoader:  
06-02 13:12:23.744   734   734 D (6)[734:bpfloader]LibBpfLoader: applying relo to instruction at byte offset: 1304, 	       insn offset 163 , insn 118
06-02 13:12:23.744   734   734 D (6)[734:bpfloader]LibBpfLoader:  
06-02 13:12:23.744   734   734 D (6)[734:bpfloader]LibBpfLoader: applying relo to instruction at byte offset: 1392, 	       insn offset 174 , insn 118
06-02 13:12:23.744   734   734 D (6)[734:bpfloader]LibBpfLoader:  
06-02 13:12:23.744   734   734 D (6)[734:bpfloader]LibBpfLoader: applying relo to instruction at byte offset: 1648, 	       insn offset 206 , insn 118
06-02 13:12:23.744   734   734 D (6)[734:bpfloader]LibBpfLoader:  
06-02 13:12:23.744   734   734 D (6)[734:bpfloader]LibBpfLoader: applying relo to instruction at byte offset: 1808, 	       insn offset 226 , insn 118
06-02 13:12:23.744   734   734 D (6)[734:bpfloader]LibBpfLoader:  
06-02 13:12:23.744   734   734 D (6)[734:bpfloader]LibBpfLoader: applying relo to instruction at byte offset: 1952, 	       insn offset 244 , insn 118
06-02 13:12:23.744   734   734 D (6)[734:bpfloader]LibBpfLoader:  
06-02 13:12:23.744   734   734 D (6)[734:bpfloader]LibBpfLoader: applying relo to instruction at byte offset: 240, 	       insn offset 30 , insn 118
06-02 13:12:23.744   734   734 D (6)[734:bpfloader]LibBpfLoader:  
06-02 13:12:23.744   734   734 D (6)[734:bpfloader]LibBpfLoader: applying relo to instruction at byte offset: 344, 	       insn offset 43 , insn 118
06-02 13:12:23.744   734   734 D (6)[734:bpfloader]LibBpfLoader:  
06-02 13:12:23.744   734   734 D (6)[734:bpfloader]LibBpfLoader: applying relo to instruction at byte offset: 472, 	       insn offset 59 , insn 118
06-02 13:12:23.744   734   734 D (6)[734:bpfloader]LibBpfLoader:  
06-02 13:12:23.744   734   734 D (6)[734:bpfloader]LibBpfLoader: applying relo to instruction at byte offset: 568, 	       insn offset 71 , insn 118
06-02 13:12:23.744   734   734 D (6)[734:bpfloader]LibBpfLoader:  
06-02 13:12:23.744   734   734 D (6)[734:bpfloader]LibBpfLoader: applying relo to instruction at byte offset: 688, 	       insn offset 86 , insn 118
06-02 13:12:23.744   734   734 D (6)[734:bpfloader]LibBpfLoader:  
06-02 13:12:23.744   734   734 D (6)[734:bpfloader]LibBpfLoader: applying relo to instruction at byte offset: 792, 	       insn offset 99 , insn 118
06-02 13:12:23.744   734   734 D (6)[734:bpfloader]LibBpfLoader:  
06-02 13:12:23.744   734   734 D (6)[734:bpfloader]LibBpfLoader: applying relo to instruction at byte offset: 960, 	       insn offset 120 , insn 118
06-02 13:12:23.744   734   734 D (6)[734:bpfloader]LibBpfLoader:  
06-02 13:12:23.744   734   734 D (6)[734:bpfloader]LibBpfLoader: applying relo to instruction at byte offset: 1040, 	       insn offset 130 , insn 118
06-02 13:12:23.744   734   734 D (6)[734:bpfloader]LibBpfLoader:  
06-02 13:12:23.744   734   734 D (6)[734:bpfloader]LibBpfLoader: applying relo to instruction at byte offset: 1112, 	       insn offset 139 , insn 118
06-02 13:12:23.744   734   734 D (6)[734:bpfloader]LibBpfLoader:  
06-02 13:12:23.744   734   734 D (6)[734:bpfloader]LibBpfLoader: applying relo to instruction at byte offset: 1192, 	       insn offset 149 , insn 118
06-02 13:12:23.744   734   734 D (6)[734:bpfloader]LibBpfLoader:  
06-02 13:12:23.744   734   734 D (6)[734:bpfloader]LibBpfLoader: applying relo to instruction at byte offset: 1256, 	       insn offset 157 , insn 118
06-02 13:12:23.744   734   734 D (6)[734:bpfloader]LibBpfLoader:  
06-02 13:12:23.744   734   734 D (6)[734:bpfloader]LibBpfLoader: applying relo to instruction at byte offset: 1344, 	       insn offset 168 , insn 118
06-02 13:12:23.744   734   734 D (6)[734:bpfloader]LibBpfLoader:  
06-02 13:12:23.744   734   734 D (6)[734:bpfloader]LibBpfLoader: applying relo to instruction at byte offset: 1600, 	       insn offset 200 , insn 118
06-02 13:12:23.744   734   734 D (6)[734:bpfloader]LibBpfLoader:  
06-02 13:12:23.744   734   734 D (6)[734:bpfloader]LibBpfLoader: applying relo to instruction at byte offset: 1760, 	       insn offset 220 , insn 118
06-02 13:12:23.744   734   734 D (6)[734:bpfloader]LibBpfLoader:  
06-02 13:12:23.744   734   734 D (6)[734:bpfloader]LibBpfLoader: applying relo to instruction at byte offset: 1904, 	       insn offset 238 , insn 118
06-02 13:12:23.744   734   734 D (6)[734:bpfloader]LibBpfLoader:  
06-02 13:12:23.744   734   734 D (6)[734:bpfloader]LibBpfLoader: applying relo to instruction at byte offset: 240, 	       insn offset 30 , insn 118
06-02 13:12:23.744   734   734 D (6)[734:bpfloader]LibBpfLoader:  
06-02 13:12:23.745   734   734 D (6)[734:bpfloader]LibBpfLoader: applying relo to instruction at byte offset: 344, 	       insn offset 43 , insn 118
