--------- beginning of kernel
06-02 13:12:19.089    51    51 I         : (6)[51:kworker/6:1][cmdq][err] no gce-event-names property or no such event:disp_token_stream_eof2 @cmdq_dev_get_event,364
06-02 13:12:19.089    51    51 I         : (6)[51:kworker/6:1][cmdq][err] no gce-event-names property or no such event:disp_token_stream_dirty2 @cmdq_dev_get_event,364
06-02 13:12:19.089    51    51 I         : (6)[51:kworker/6:1][cmdq][err] no gce-event-names property or no such event:disp_wait_wdma0_te @cmdq_dev_get_event,364
06-02 13:12:19.089    51    51 I         : (6)[51:kworker/6:1][cmdq][err] no gce-event-names property or no such event:disp_token_esd_eof2 @cmdq_dev_get_event,364
06-02 13:12:19.089    51    51 I         : (6)[51:kworker/6:1][cmdq][err] no gce-event-names property or no such event:disp_rdma0_eof2 @cmdq_dev_get_event,364
06-02 13:12:19.090    51    51 I         : (6)[51:kworker/6:1][cmdq][err] no gce-event-names property or no such event:disp_wdma1_eof2 @cmdq_dev_get_event,364
06-02 13:12:19.090    51    51 I         : (6)[51:kworker/6:1][cmdq][err] no gce-event-names property or no such event:disp_token_stream_block2 @cmdq_dev_get_event,364
06-02 13:12:19.090    51    51 I         : (6)[51:kworker/6:1][cmdq][err] no gce-event-names property or no such event:disp_token_cabc_eof2 @cmdq_dev_get_event,364
06-02 13:12:19.090    51    51 I         : (6)[51:kworker/6:1][cmdq][err] no gce-event-names property or no such event:disp_dsi0_sof2 @cmdq_dev_get_event,364
06-02 13:12:19.091   338   338 I (6)[338:dc_trim_thread]mt635x-auxadc mt635x-auxadc: name:HPOFS_CAL, channel=9, adc_out=0x749b, adc_result=29851
06-02 13:12:19.094   338   338 I (6)[338:dc_trim_thread]mt635x-auxadc mt635x-auxadc: name:HPOFS_CAL, channel=9, adc_out=0x7486, adc_result=29830
06-02 13:12:19.125    51    51 I         : (6)[51:kworker/6:1]mtk_drm_crtc_create-CRTC2 create successfully
06-02 13:12:19.125    51    51 I         : (6)[51:kworker/6:1][drm] Supports vblank timestamp caching Rev 2 (21.10.2013).
06-02 13:12:19.125    51    51 I         : (6)[51:kworker/6:1][drm] Driver supports precise vblank timestamp query.
06-02 13:12:19.125    51    51 I         : (6)[51:kworker/6:1]mtk_fbdev_init+
06-02 13:12:19.125    51    51 E         : (6)[51:kworker/6:1]debug for lcm_get_modes= lcm_get_modes, en=879283712
06-02 13:12:19.125    51    51 I         : (6)[51:kworker/6:1]mtk_fbdev_probe+
06-02 13:12:19.132    51    51 D         : (6)[51:kworker/6:1][drm:mtk_drm_gem_create] cookie = 0000000049ad52d0 dma_addr = 0x00000000fdd2c000 size = 5185536
06-02 13:12:19.132    51    51 I         : (6)[51:kworker/6:1]mtk_fbdev_probe-
06-02 13:12:19.132    51    51 W (6)[51:kworker/6:1][powerkey_monitor_bright]: bright_fb_notifier_callback:event = 5 status:4 blank:0
06-02 13:12:19.132    51    51 W (6)[51:kworker/6:1][powerkey_monitor_black]: black_fb_notifier_callback:event = 5 status:4 blank:0
06-02 13:12:19.132    51    51 I (6)[51:kworker/6:1]mediatek-drm 14000000.dispsys_config: fb0:  frame buffer device
06-02 13:12:19.132    51    51 I         : (6)[51:kworker/6:1]mtk_fbdev_init-
06-02 13:12:19.132    51    51 I         : (6)[51:kworker/6:1]CRTC0 hold wakelock mtk_drm_crtc_first_enable 5659
06-02 13:12:19.132    51    51 I         : (6)[51:kworker/6:1][mtk_crtc_prepare_dual_pipe line:1570]crtc0 single pipe current freq: 0
06-02 13:12:19.132    51    51 I (6)[51:kworker/6:1][fps]: drm_invoke_fps_chg_callbacks,new_fps =60
06-02 13:12:19.132    51    51 I (6)[51:kworker/6:1]width: 1080, height:2400
06-02 13:12:19.133    51    51 D         : (6)[51:kworker/6:1][drm:mtk_drm_gem_create] cookie = 000000004dbcc939 dma_addr = 0x00000000fdd2a000 size = 8192
06-02 13:12:19.133    51    51 E         : (6)[51:kworker/6:1]__load_rc_pattern invalid round_corner size or addr
06-02 13:12:19.133    51    51 E         : (6)[51:kworker/6:1]__load_rc_pattern invalid round_corner size or addr
06-02 13:12:19.133    51    51 I         : (6)[51:kworker/6:1][disp_aal]disp_aal_get_cust_led mode=4
06-02 13:12:19.133    51    51 I         : (6)[51:kworker/6:1][drm] Initialized mediatek 1.0.0 20150513 for 14000000.dispsys_config on minor 0
06-02 13:12:19.136    51    51 I (6)[51:kworker/6:1]BOOTPROF: 1495.477233:probe: probe=platform_drv_probe drv=mtk-dsi(mtk_dsi_driver)   100.312924ms
06-02 13:12:19.136    51    51 D         : (6)[51:kworker/6:1]deferred probe 14013000.dsi returned after 98164 usecs
06-02 13:12:19.136    51    51 D         : (6)[51:kworker/6:1]deferred probe 16010000.vdec_gcon @ 51
06-02 13:12:19.136    51    51 E (6)[51:kworker/6:1]mtk-vcodec-dec 16010000.vdec_gcon: [VCU] can't get vcu node
06-02 13:12:19.136    51    51 E (6)[51:kworker/6:1][MTK_V4L2][ERROR] mtk_vcodec_dec_probe: 273: [VCU] vcu device in not ready
06-02 13:12:19.136    51    51 D         : (6)[51:kworker/6:1]deferred probe 16010000.vdec_gcon returned after 218 usecs
06-02 13:12:19.136    51    51 D         : (6)[51:kworker/6:1]deferred probe 17000000.venc_gcon @ 51
06-02 13:12:19.136    51    51 E (6)[51:kworker/6:1]mtk-vcodec-enc 17000000.venc_gcon: [VCU] can't get vcu node
06-02 13:12:19.136    51    51 E (6)[51:kworker/6:1][MTK_V4L2][ERROR] mtk_vcodec_enc_probe: 262: [VCU] vcu device in not ready
06-02 13:12:19.136    51    51 D         : (6)[51:kworker/6:1]deferred probe 17000000.venc_gcon returned after 151 usecs
06-02 13:12:19.136     1     1 D         : (7)[1:swapper/0]initcall deferred_probe_initcall+0x0/0xcc returned 0 after 98598 usecs
06-02 13:12:19.136     1     1 I (7)[1:swapper/0]BOOTPROF: 1495.950695:initcall: deferred_probe_initcall   100.985231ms
06-02 13:12:19.136     1     1 D         : (7)[1:swapper/0]calling  koro_init+0x0/0x50 @ 1
06-02 13:12:19.136     1     1 D         : (7)[1:swapper/0]initcall koro_init+0x0/0x50 returned 0 after 0 usecs
06-02 13:12:19.136     1     1 D         : (7)[1:swapper/0]calling  _mt_cpufreq_pdrv_init+0x0/0x124 @ 1
06-02 13:12:19.136     1     1 I         : (7)[1:swapper/0][Power/cpufreq] @@~ _mt_cpufreq_pdrv_init DVFS state = 1
06-02 13:12:19.136     1     1 I         : (7)[1:swapper/0][Power/cpufreq] cluster_id = 0, cluster_cpuid = 0
06-02 13:12:19.136     1     1 I         : (7)[1:swapper/0][Power/cpufreq] cluster_id = 1, cluster_cpuid = 6
06-02 13:12:19.137     1     1 I         : (7)[1:swapper/0][Power/cpufreq] 1, Settle time(1250, 500) efuse_val = 0x1
06-02 13:12:19.137     1     1 I         : (7)[1:swapper/0][Power/cpufreq] @@regulator map success!!
06-02 13:12:19.137     1     1 I         : (7)[1:swapper/0][Power/cpufreq] 1, Settle time(1250, 500) efuse_val = 0x1
06-02 13:12:19.138     1     1 I         : (7)[1:swapper/0][Power/cpufreq] 1, Settle time(1250, 500) efuse_val = 0x1
06-02 13:12:19.138     1     1 I         : (7)[1:swapper/0][Power/cpufreq] 1, Settle time(1250, 500) efuse_val = 0x1
06-02 13:12:19.138     1     1 I         : (7)[1:swapper/0][Power/PPM] DVFS table type = 1
06-02 13:12:19.138     1     1 I         : (7)[1:swapper/0][Power/PPM] DVFS table of cluster 0:
06-02 13:12:19.138     1     1 I (7)[1:swapper/0][Power/PPM] 0: 2000000 KHz
06-02 13:12:19.138     1     1 I (7)[1:swapper/0][Power/PPM] 1: 1903000 KHz
06-02 13:12:19.138     1     1 I (7)[1:swapper/0][Power/PPM] 2: 1800000 KHz
06-02 13:12:19.138     1     1 I (7)[1:swapper/0][Power/PPM] 3: 1703000 KHz
06-02 13:12:19.138     1     1 I (7)[1:swapper/0][Power/PPM] 4: 1600000 KHz
06-02 13:12:19.138     1     1 I (7)[1:swapper/0][Power/PPM] 5: 1503000 KHz
06-02 13:12:19.138     1     1 I (7)[1:swapper/0][Power/PPM] 6: 1407000 KHz
06-02 13:12:19.138     1     1 I (7)[1:swapper/0][Power/PPM] 7: 1310000 KHz
06-02 13:12:19.139     1     1 I (7)[1:swapper/0][Power/PPM] 8: 1260000 KHz
06-02 13:12:19.139     1     1 I (7)[1:swapper/0][Power/PPM] 9: 1150000 KHz
06-02 13:12:19.139     1     1 I (7)[1:swapper/0][Power/PPM] 10: 1053000 KHz
06-02 13:12:19.139     1     1 I (7)[1:swapper/0][Power/PPM] 11: 980000 KHz
06-02 13:12:19.139     1     1 I (7)[1:swapper/0][Power/PPM] 12: 900000 KHz
06-02 13:12:19.139     1     1 I (7)[1:swapper/0][Power/PPM] 13: 740000 KHz
06-02 13:12:19.139     1     1 I (7)[1:swapper/0][Power/PPM] 14: 650000 KHz
06-02 13:12:19.139     1     1 I (7)[1:swapper/0][Power/PPM] 15: 500000 KHz
06-02 13:12:19.139     1     1 I         : (7)[1:swapper/0][Power/PPM] DVFS table type = 1
06-02 13:12:19.139     1     1 I         : (7)[1:swapper/0][Power/PPM] DVFS table of cluster 1:
06-02 13:12:19.139     1     1 I (7)[1:swapper/0][Power/PPM] 0: 2400000 KHz
06-02 13:12:19.139     1     1 I (7)[1:swapper/0][Power/PPM] 1: 2320000 KHz
06-02 13:12:19.139     1     1 I (7)[1:swapper/0][Power/PPM] 2: 2240000 KHz
06-02 13:12:19.139     1     1 I (7)[1:swapper/0][Power/PPM] 3: 2150000 KHz
06-02 13:12:19.139     1     1 I (7)[1:swapper/0][Power/PPM] 4: 2000000 KHz
06-02 13:12:19.139     1     1 I (7)[1:swapper/0][Power/PPM] 5: 1900000 KHz
06-02 13:12:19.139     1     1 I (7)[1:swapper/0][Power/PPM] 6: 1800000 KHz
06-02 13:12:19.139     1     1 I (7)[1:swapper/0][Power/PPM] 7: 1660000 KHz
06-02 13:12:19.139     1     1 I (7)[1:swapper/0][Power/PPM] 8: 1540000 KHz
06-02 13:12:19.139     1     1 I (7)[1:swapper/0][Power/PPM] 9: 1430000 KHz
06-02 13:12:19.139     1     1 I (7)[1:swapper/0][Power/PPM] 10: 1300000 KHz
06-02 13:12:19.139     1     1 I (7)[1:swapper/0][Power/PPM] 11: 1140000 KHz
06-02 13:12:19.139     1     1 I (7)[1:swapper/0][Power/PPM] 12: 1040000 KHz
06-02 13:12:19.139     1     1 I (7)[1:swapper/0][Power/PPM] 13: 910000 KHz
06-02 13:12:19.139     1     1 I (7)[1:swapper/0][Power/PPM] 14: 740000 KHz
06-02 13:12:19.139     1     1 I (7)[1:swapper/0][Power/PPM] 15: 650000 KHz
06-02 13:12:19.139     1     1 D         : (7)[1:swapper/0]initcall _mt_cpufreq_pdrv_init+0x0/0x124 returned 0 after 2576 usecs
06-02 13:12:19.139     1     1 D         : (7)[1:swapper/0]calling  eem_init+0x0/0x688 @ 1
06-02 13:12:19.139     1     1 D         : (7)[1:swapper/0]initcall eem_init+0x0/0x688 returned 0 after 412 usecs
06-02 13:12:19.139     1     1 D         : (7)[1:swapper/0]calling  eemg_init+0x0/0x1c4 @ 1
06-02 13:12:19.139     1     1 I         : -(7)[1:swapper/0][CPU][EEM]eem init check restart, vboot_check_cnt:1
06-02 13:12:19.139    52    52 I         : -(7)[52:kworker/7:1][CPU][EEM]eem init check restart, vboot_check_cnt:2
06-02 13:12:19.139    52    52 E (7)[52:kworker/7:1]mtk-vcodec-dec 16010000.vdec_gcon: [VCU] can't get vcu node
06-02 13:12:19.139    52    52 E (7)[52:kworker/7:1][MTK_V4L2][ERROR] mtk_vcodec_dec_probe: 273: [VCU] vcu device in not ready
06-02 13:12:19.139    52    52 I         : -(7)[52:kworker/7:1][CPU][EEM]eem init check restart, vboot_check_cnt:3
06-02 13:12:19.139    52    52 E (7)[52:kworker/7:1]mtk-vcodec-enc 17000000.venc_gcon: [VCU] can't get vcu node
06-02 13:12:19.139    52    52 E (7)[52:kworker/7:1][MTK_V4L2][ERROR] mtk_vcodec_enc_probe: 262: [VCU] vcu device in not ready
06-02 13:12:19.139     0     0 I         : -(7)[0:swapper/7][CPU][EEM]eem init check disabled, cnt:3, done:1
06-02 13:12:19.139     1     1 I         : (7)[1:swapper/0][xxxxEEMG] det[0]->vmin = 20
06-02 13:12:19.139     1     1 I         : (7)[1:swapper/0][xxxxEEMG] det[1]->vmin = 20
06-02 13:12:19.140   373   373 I (0)[373:EEMG_CTRL_GPU][xxxxEEMG] cur_flag: 0x1, g_flag:0x3
06-02 13:12:19.140   374   374 I (0)[374:EEMG_CTRL_GPU_H][xxxxEEMG] cur_flag: 0x3, g_flag:0x3
06-02 13:12:19.140     1     1 D         : (7)[1:swapper/0]initcall eemg_init+0x0/0x1c4 returned 0 after 913 usecs
06-02 13:12:19.140     1     1 D         : (7)[1:swapper/0]calling  mssv_init+0x0/0x60 @ 1
06-02 13:12:19.140     1     1 D         : (7)[1:swapper/0]initcall mssv_init+0x0/0x60 returned 0 after 158 usecs
06-02 13:12:19.140     1     1 D         : (7)[1:swapper/0]calling  upower_init+0x0/0xc30 @ 1
06-02 13:12:19.140     1     1 D         : (7)[1:swapper/0]initcall upower_init+0x0/0xc30 returned 0 after 238 usecs
06-02 13:12:19.140     1     1 D         : (7)[1:swapper/0]calling  cpuhp_init+0x0/0xbc @ 1
06-02 13:12:19.141    52    52 E (7)[52:kworker/7:1]mtk-vcodec-dec 16010000.vdec_gcon: [VCU] can't get vcu node
06-02 13:12:19.141    52    52 E (7)[52:kworker/7:1][MTK_V4L2][ERROR] mtk_vcodec_dec_probe: 273: [VCU] vcu device in not ready
06-02 13:12:19.141    52    52 E (7)[52:kworker/7:1]mtk-vcodec-enc 17000000.venc_gcon: [VCU] can't get vcu node
06-02 13:12:19.141    52    52 E (7)[52:kworker/7:1][MTK_V4L2][ERROR] mtk_vcodec_enc_probe: 262: [VCU] vcu device in not ready
06-02 13:12:19.141     1     1 D         : (7)[1:swapper/0]initcall cpuhp_init+0x0/0xbc returned 0 after 237 usecs
06-02 13:12:19.141     1     1 D         : (7)[1:swapper/0]calling  ppm_lcmoff_policy_init+0x0/0x128 @ 1
06-02 13:12:19.141     1     1 I (7)[1:swapper/0][Power/PPM] @ppm_lcmoff_policy_init: register PPM_POLICY_LCM_OFF done!
06-02 13:12:19.141     1     1 D         : (7)[1:swapper/0]initcall ppm_lcmoff_policy_init+0x0/0x128 returned 0 after 5 usecs
06-02 13:12:19.141     1     1 D         : (7)[1:swapper/0]calling  ppm_power_data_init+0x0/0x54 @ 1
06-02 13:12:19.141     1     1 I (7)[1:swapper/0][Power/PPM] cobra_tbl: 000000007b01ce54
06-02 13:12:19.141     1     1 I         : (7)[1:swapper/0][Power/PPM] COBRA init done!
06-02 13:12:19.141     1     1 I         : (7)[1:swapper/0][Power/PPM] (0x0)(-1)(0)(0-7)(15)(0)(6)(6) (15)(0)(2)(2)
06-02 13:12:19.141     1     1 I         : (7)[1:swapper/0][Power/PPM] power data init done!
06-02 13:12:19.141     1     1 D         : (7)[1:swapper/0]initcall ppm_power_data_init+0x0/0x54 returned 0 after 24 usecs
06-02 13:12:19.141     1     1 D         : (7)[1:swapper/0]calling  mt_dcm_init+0x0/0xd4 @ 1
06-02 13:12:19.141     1     1 I (7)[1:swapper/0][Power/dcm]: weak function of dcm_pre_init
06-02 13:12:19.141     1     1 I (7)[1:swapper/0][Power/dcm]: [dcm_set_default]type:0x00000187, init_dcm_type=0x187, INIT_DCM_TYPE_BY_K=0x0
06-02 13:12:19.141     1     1 I (7)[1:swapper/0][Power/dcm]: [     ARMCORE_DCM 0x00000001] current state:1 (0)
06-02 13:12:19.141     1     1 I (7)[1:swapper/0][Power/dcm]: [      MCUSYS_DCM 0x00000002] current state:1 (0)
06-02 13:12:19.141     1     1 I (7)[1:swapper/0][Power/dcm]: [       INFRA_DCM 0x00000004] current state:1 (0)
06-02 13:12:19.141     1     1 I (7)[1:swapper/0][Power/dcm]: [       STALL_DCM 0x00000080] current state:1 (0)
06-02 13:12:19.141     1     1 I (7)[1:swapper/0][Power/dcm]: [    BIG_CORE_DCM 0x00000100] current state:1 (0)
06-02 13:12:19.141     1     1 I (7)[1:swapper/0][Power/dcm]:  
06-02 13:12:19.141     0     0 I         : ******** dcm dump register *********
06-02 13:12:19.141     1     1 I (7)[1:swapper/0][Power/dcm]: MP_CPUSYS_TOP_CPU_PLLDIV_CFG0 (0xffffff80158e22a0): 0x031012ff
06-02 13:12:19.141     1     1 I (7)[1:swapper/0][Power/dcm]: MP_CPUSYS_TOP_CPU_PLLDIV_CFG1 (0xffffff80158e22a4): 0x031112ff
06-02 13:12:19.141     1     1 I (7)[1:swapper/0][Power/dcm]: MP_CPUSYS_TOP_BUS_PLLDIV_CFG  (0xffffff80158e22e0): 0x83100aff
06-02 13:12:19.141     1     1 I (7)[1:swapper/0][Power/dcm]: MP_CPUSYS_TOP_MCSIC_DCM0      (0xffffff80158e2440): 0x0000ffff
06-02 13:12:19.141     1     1 I (7)[1:swapper/0][Power/dcm]: MP_CPUSYS_TOP_MP_ADB_DCM_CFG0 (0xffffff80158e2500): 0x00020000
06-02 13:12:19.141     1     1 I (7)[1:swapper/0][Power/dcm]: MP_CPUSYS_TOP_MP_ADB_DCM_CFG4 (0xffffff80158e2510): 0x00278000
06-02 13:12:19.141     1     1 I (7)[1:swapper/0][Power/dcm]: MP_CPUSYS_TOP_MP_MISC_DCM_CFG0(0xffffff80158e2518): 0x0000003a
06-02 13:12:19.141     1     1 I (7)[1:swapper/0][Power/dcm]: MP_CPUSYS_TOP_MCUSYS_DCM_CFG0 (0xffffff80158e25c0): 0x00078100
06-02 13:12:19.141     1     1 I (7)[1:swapper/0][Power/dcm]: CPCCFG_REG_EMI_WFIFO          (0xffffff8013562900): 0x0000000f
06-02 13:12:19.141     1     1 I (7)[1:swapper/0][Power/dcm]: MP_CPUSYS_TOP_MP0_DCM_CFG0    (0xffffff80158e4880): 0x0001000f
06-02 13:12:19.141     1     1 I (7)[1:swapper/0][Power/dcm]: MP_CPUSYS_TOP_MP0_DCM_CFG7    (0xffffff80158e489c): 0x00001010
06-02 13:12:19.141     1     1 I (7)[1:swapper/0][Power/dcm]: INFRA_EMI_DCM_CFG0            (0xffffff800ffd5028): 0x0000007f
06-02 13:12:19.141     1     1 I (7)[1:swapper/0][Power/dcm]: INFRA_EMI_DCM_CFG1            (0xffffff800ffd502c): 0x00000000
06-02 13:12:19.141     1     1 I (7)[1:swapper/0][Power/dcm]: INFRA_EMI_DCM_CFG3            (0xffffff800ffd5034): 0x00000000
06-02 13:12:19.141     1     1 I (7)[1:swapper/0][Power/dcm]: VDNR_DCM_TOP_INFRA_PAR_BUS_u_INFRA_PAR_BUS_CTRL_0(0xffffff800ffdd038): 0x40008083
06-02 13:12:19.141     1     1 I (7)[1:swapper/0][Power/dcm]: VDNR_DCM_TOP_INFRA_PAR_BUS_u_INFRA_PAR_BUS_CTRL_1(0xffffff800ffdd03c): 0x20104048
06-02 13:12:19.141     1     1 I (7)[1:swapper/0][Power/dcm]: INFRA_BUS_DCM_CTRL            (0xffffff800ffcd070): 0x40f80603
06-02 13:12:19.141     1     1 I (7)[1:swapper/0][Power/dcm]: PERI_BUS_DCM_CTRL             (0xffffff800ffcd074): 0x247f83e3
06-02 13:12:19.141     1     1 I (7)[1:swapper/0][Power/dcm]: P2P_RX_CLK_ON                 (0xffffff800ffcd0a0): 0x00000000
06-02 13:12:19.141     1     1 I (7)[1:swapper/0][Power/dcm]: INFRA_AXIMEM_IDLE_BIT_EN_0    (0xffffff800ffcda30): 0x00030000
06-02 13:12:19.141     1     1 I (7)[1:swapper/0][Power/dcm]: [ARMCORE_DCM      0x00000001] sync hw state:1 (0)
06-02 13:12:19.141     1     1 I (7)[1:swapper/0][Power/dcm]: [MCUSYS_DCM       0x00000002] sync hw state:1 (0)
06-02 13:12:19.141     1     1 I (7)[1:swapper/0][Power/dcm]: [INFRA_DCM        0x00000004] sync hw state:1 (0)
06-02 13:12:19.141     1     1 I (7)[1:swapper/0][Power/dcm]: [STALL_DCM        0x00000080] sync hw state:0 (0)
06-02 13:12:19.141     1     1 D         : (7)[1:swapper/0]initcall mt_dcm_init+0x0/0xd4 returned 0 after 152 usecs
06-02 13:12:19.141     1     1 D         : (7)[1:swapper/0]calling  slbc_module_init+0x0/0x1c8 @ 1
06-02 13:12:19.141     1     1 I         : (7)[1:swapper/0]find slbc node failed
06-02 13:12:19.141     1     1 D         : (7)[1:swapper/0]initcall slbc_module_init+0x0/0x1c8 returned 0 after 80 usecs
06-02 13:12:19.141     1     1 D         : (7)[1:swapper/0]calling  mtk_qos_init+0x0/0x28 @ 1
06-02 13:12:19.141     1     1 I         : (7)[1:swapper/0]qos ipi is ready!
06-02 13:12:19.141     1     1 I (7)[1:swapper/0]qos: rec phy_addr = 0x9fbf2800, virt_addr=0xffffff8009102800, size = 4096
06-02 13:12:19.141   376   376 I         : (1)[376:qos_ipi_recv]qos_ipi_recv_thread start!
06-02 13:12:19.141     1     1 D         : (7)[1:swapper/0]initcall mtk_qos_init+0x0/0x28 returned 0 after 288 usecs
06-02 13:12:19.141     1     1 D         : (7)[1:swapper/0]calling  cm_mgr_module_init+0x0/0x814 @ 1
06-02 13:12:19.141     1     1 I         : (7)[1:swapper/0]SSPM is ready to service CM IPI
06-02 13:12:19.141     1     1 I         : (7)[1:swapper/0]not find mcucfg_mp0_counter node
06-02 13:12:19.141     1     1 I         : (7)[1:swapper/0]#@# cm_mgr_check_dram_type(331) ddr_type 0x6, ddr_hz 4266, cm_mgr_idx 0x0
06-02 13:12:19.142   374   374 I -(2)[374:EEMG_CTRL_GPU_H][0(0)]con0: 0x8000, con1: 0x3ff0ecf
06-02 13:12:19.142   374   374 I (2)[374:EEMG_CTRL_GPU_H][GPU/DVFS] @__mt_gpufreq_get_asensor_val: val1 = 0x00000000, val2 = 0x00000000
06-02 13:12:19.142   374   374 I (2)[374:EEMG_CTRL_GPU_H][GPU/DVFS] @__mt_gpufreq_update_table_by_asensor: efuse_val1 = 0x0621bc51, efuse_val2 = 0x88319881, error_bit = 0, leak_power = 21, a_t0_lvt_rt = 81, a_t0_ulvt_rt = 111, a_tn_lvt_cnt = 0, a_tn_ulvt_cnt = 0
06-02 13:12:19.142   374   374 I (2)[374:EEMG_CTRL_GPU_H][GPU/DVFS] @__mt_gpufreq_update_table_by_asensor: tj = 2, tj1 = 39, tj2 = 40, adiff = 113, adiff1 = 83, adiff2 = 113, aging_table_id = 3, g_aging_most_agrresive = 0
06-02 13:12:19.142     1     1 D         : (7)[1:swapper/0]initcall cm_mgr_module_init+0x0/0x814 returned 0 after 1147 usecs
06-02 13:12:19.142     1     1 D         : (7)[1:swapper/0]calling  mtk_dvfsrc_boost_init+0x0/0x28 @ 1
06-02 13:12:19.143     1     1 D         : (7)[1:swapper/0]initcall mtk_dvfsrc_boost_init+0x0/0x28 returned 0 after 96 usecs
06-02 13:12:19.143     1     1 D         : (7)[1:swapper/0]calling  mmdvfs_pmqos_late_init+0x0/0x1d8 @ 1
06-02 13:12:19.143     1     1 D         : (7)[1:swapper/0]initcall mmdvfs_pmqos_late_init+0x0/0x1d8 returned 0 after 719 usecs
06-02 13:12:19.143     1     1 D         : (7)[1:swapper/0]calling  trusted_mem_init+0x0/0x70 @ 1
06-02 13:12:19.143     1     1 I (7)[1:swapper/0][TMEM]trusted_mem_init: 387
06-02 13:12:19.143     1     1 I (7)[1:swapper/0][TMEM]trusted_mem_init: 391 (end)
06-02 13:12:19.143     1     1 D         : (7)[1:swapper/0]initcall trusted_mem_init+0x0/0x70 returned 0 after 6 usecs
06-02 13:12:19.143     1     1 D         : (7)[1:swapper/0]calling  post_sspm_set_emi_mpu+0x0/0xb0 @ 1
06-02 13:12:19.143     1     1 D         : (7)[1:swapper/0]initcall post_sspm_set_emi_mpu+0x0/0xb0 returned 0 after 86 usecs
06-02 13:12:19.143     1     1 D         : (7)[1:swapper/0]calling  mdla_mod_init+0x0/0x54 @ 1
06-02 13:12:19.143     1     1 I (7)[1:swapper/0]mdla_dbg_fs_init: failed to create mdla debugfs
06-02 13:12:19.144     1     1 I (7)[1:swapper/0]mtk_mdla 19034000.mdla: ver = 68770200
06-02 13:12:19.144     1     1 I (7)[1:swapper/0]mtk_mdla 19034000.mdla: core number = 1, sw_cfg = 0x18
06-02 13:12:19.144     1     1 I (7)[1:swapper/0]mtk_mdla 19034000.mdla: mdla_v2_0_init()
06-02 13:12:19.144     1     1 I (7)[1:swapper/0]mtk_mdla 19034000.mdla: Device Tree Probing
06-02 13:12:19.144     1     1 I (7)[1:swapper/0]mtk_mdla 19034000.mdla: IORESOURCE_MEM (num = 0) at 0x19034000 mapped to 0x19034fff
06-02 13:12:19.144     1     1 I (7)[1:swapper/0]mtk_mdla 19034000.mdla: IORESOURCE_MEM (num = 1) at 0x19036000 mapped to 0x19036fff
06-02 13:12:19.144     1     1 I (7)[1:swapper/0]mtk_mdla 19034000.mdla: IORESOURCE_MEM (num = 2) at 0x19035000 mapped to 0x19035fff
06-02 13:12:19.144     1     1 I (7)[1:swapper/0]mtk_mdla 19034000.mdla: request_irq 304 done
06-02 13:12:19.144    52    52 E (7)[52:kworker/7:1]mtk-vcodec-dec 16010000.vdec_gcon: [VCU] can't get vcu node
06-02 13:12:19.144    52    52 E (7)[52:kworker/7:1][MTK_V4L2][ERROR] mtk_vcodec_dec_probe: 273: [VCU] vcu device in not ready
06-02 13:12:19.144    52    52 E (7)[52:kworker/7:1]mtk-vcodec-enc 17000000.venc_gcon: [VCU] can't get vcu node
06-02 13:12:19.144    52    52 E (7)[52:kworker/7:1][MTK_V4L2][ERROR] mtk_vcodec_enc_probe: 262: [VCU] vcu device in not ready
06-02 13:12:19.144     1     1 I (7)[1:swapper/0]mtk_mdla 19034000.mdla: mdla_probe: done
06-02 13:12:19.144     1     1 I         : (7)[1:swapper/0]mdla_init() done
06-02 13:12:19.144     1     1 D         : (7)[1:swapper/0]initcall mdla_mod_init+0x0/0x54 returned 0 after 501 usecs
06-02 13:12:19.144     1     1 D         : (7)[1:swapper/0]calling  vpu_init+0x0/0x29c @ 1
06-02 13:12:19.144     1     1 I (7)[1:swapper/0]vpu_init_bin: mapped vpu firmware: pa: 0xb7e70000, size: 0x1a90000, kva: 0xffffff80158fd000
06-02 13:12:19.144     1     1 I (7)[1:swapper/0]vpu_init_bin: header: 0x1311000, preload:0x131f000
06-02 13:12:19.144     1     1 I (7)[1:swapper/0]vpu_init_debug: failed to create debugfs node: -19
06-02 13:12:19.144    52    52 E (7)[52:kworker/7:1]mtk-vcodec-dec 16010000.vdec_gcon: [VCU] can't get vcu node
06-02 13:12:19.144    52    52 E (7)[52:kworker/7:1][MTK_V4L2][ERROR] mtk_vcodec_dec_probe: 273: [VCU] vcu device in not ready
06-02 13:12:19.144    52    52 E (7)[52:kworker/7:1]mtk-vcodec-enc 17000000.venc_gcon: [VCU] can't get vcu node
06-02 13:12:19.144    52    52 E (7)[52:kworker/7:1][MTK_V4L2][ERROR] mtk_vcodec_enc_probe: 262: [VCU] vcu device in not ready
06-02 13:12:19.144     1     1 I (7)[1:swapper/0]vpu_init_drv_tags: unable to register
06-02 13:12:19.145     1     1 I (7)[1:swapper/0]vpu 19030000.vpu_core0: mapped reg: 0xffffff8013585000: 0x19030000 ~ 0x19030fff
06-02 13:12:19.145     1     1 I (7)[1:swapper/0]vpu 19030000.vpu_core0: mapped dmem: 0xffffff80173c0000: 0x1d400000 ~ 0x1d43ffff
06-02 13:12:19.145     1     1 I (7)[1:swapper/0]vpu 19030000.vpu_core0: mapped imem: 0xffffff8017440000: 0x1d440000 ~ 0x1d46ffff
06-02 13:12:19.145     1     1 I (7)[1:swapper/0]vpu 19030000.vpu_core0: mapped dbg: 0xffffff8017398000: 0xd190000 ~ 0xd193fff
06-02 13:12:19.145     1     1 I (7)[1:swapper/0]vpu 19030000.vpu_core0: vpu_iova_dts: reset-vector: addr: 7da00000h, size: 00100000h, bin: 00000000h
06-02 13:12:19.145     1     1 I (7)[1:swapper/0]vpu 19030000.vpu_core0: vpu_iova_dts: main-prog: addr: 7db00000h, size: 00300000h, bin: 00100000h
06-02 13:12:19.145     1     1 I (7)[1:swapper/0]vpu 19030000.vpu_core0: vpu_iova_dts: kernel-lib: addr: 7de00000h, size: 00500000h, bin: ffffffffh
06-02 13:12:19.145     1     1 I (7)[1:swapper/0]vpu 19030000.vpu_core0: vpu_iova_dts: iram-data: addr: 00000000h, size: 00010000h, bin: 012f0000h
06-02 13:12:19.145     1     1 I (7)[1:swapper/0]vpu 19030000.vpu_core0: vpu_iova_dts: work-buf: addr: 00000000h, size: 00012000h, bin: ffffffffh
06-02 13:12:19.145     1     1 I (7)[1:swapper/0]vpu 19030000.vpu_core0: vpu_iova_dts: algo: addr: 00000000h, size: 00af0000h, bin: 00800000h
06-02 13:12:19.145     1     1 I (7)[1:swapper/0]vpu 19030000.vpu_core0: vpu_map_sg_to_iova: sg_dma_address: size: af0000, mapped iova: 0x381b10000 (dynamic alloc)
06-02 13:12:19.145     1     1 I (7)[1:swapper/0]vpu 19030000.vpu_core0: vpu_map_sg_to_iova: sg_dma_address: size: 100000, mapped iova: 0x37da00000 (static alloc)
06-02 13:12:19.145     1     1 I (7)[1:swapper/0]vpu 19030000.vpu_core0: vpu_map_sg_to_iova: sg_dma_address: size: 300000, mapped iova: 0x37db00000 (static alloc)
06-02 13:12:19.145     1     1 I (7)[1:swapper/0]vpu 19030000.vpu_core0: vpu_map_sg_to_iova: sg_dma_address: size: 12000, mapped iova: 0x381af0000 (dynamic alloc)
06-02 13:12:19.145     1     1 I (7)[1:swapper/0]vpu 19030000.vpu_core0: vpu_map_sg_to_iova: sg_dma_address: size: 10000, mapped iova: 0x381ae0000 (dynamic alloc)
06-02 13:12:19.145     1     1 I (7)[1:swapper/0]vpu_init_dev_irq: vpu0: IRQ: 302
06-02 13:12:19.145     1     1 I (7)[1:swapper/0]vpu 19030000.vpu_core0: vpu_map_sg_to_iova: sg_dma_address: size: 2000, mapped iova: 0x381ade000 (dynamic alloc)
06-02 13:12:19.145     1     1 I (7)[1:swapper/0]vpu 19030000.vpu_core0: vpu_map_sg_to_iova: sg_dma_address: size: 2000, mapped iova: 0x381adc000 (dynamic alloc)
06-02 13:12:19.145     1     1 I (7)[1:swapper/0]vpu 19030000.vpu_core0: vpu_map_sg_to_iova: sg_dma_address: size: 2000, mapped iova: 0x381ada000 (dynamic alloc)
06-02 13:12:19.145     1     1 I (7)[1:swapper/0]vpu 19030000.vpu_core0: vpu_map_sg_to_iova: sg_dma_address: size: 10000, mapped iova: 0x370a00000 (static alloc)
06-02 13:12:19.145     1     1 I (7)[1:swapper/0]vpu 19030000.vpu_core0: vpu_map_sg_to_iova: sg_dma_address: size: 35000, mapped iova: 0x381aa5000 (dynamic alloc)
06-02 13:12:19.145     1     1 I (7)[1:swapper/0]vpu 19030000.vpu_core0: vpu_map_sg_to_iova: sg_dma_address: size: 20000, mapped iova: 0x370500000 (static alloc)
06-02 13:12:19.145     1     1 I (7)[1:swapper/0]vpu 19030000.vpu_core0: vpu_map_sg_to_iova: sg_dma_address: size: 33000, mapped iova: 0x381a72000 (dynamic alloc)
06-02 13:12:19.145     1     1 I (7)[1:swapper/0]vpu 19030000.vpu_core0: vpu_map_sg_to_iova: sg_dma_address: size: 230000, mapped iova: 0x370000000 (static alloc)
06-02 13:12:19.145     1     1 I (7)[1:swapper/0]vpu 19030000.vpu_core0: vpu_map_sg_to_iova: sg_dma_address: size: 2000, mapped iova: 0x381a70000 (dynamic alloc)
06-02 13:12:19.145     1     1 I (7)[1:swapper/0]vpu 19030000.vpu_core0: vpu_probe: succeed
06-02 13:12:19.145     1     1 I (7)[1:swapper/0]vpu 19031000.vpu_core1: mapped reg: 0xffffff80135ad000: 0x19031000 ~ 0x19031fff
06-02 13:12:19.145     1     1 I (7)[1:swapper/0]vpu 19031000.vpu_core1: mapped dmem: 0xffffff8017480000: 0x1d500000 ~ 0x1d53ffff
06-02 13:12:19.145     1     1 I (7)[1:swapper/0]vpu 19031000.vpu_core1: mapped imem: 0xffffff8017500000: 0x1d540000 ~ 0x1d56ffff
06-02 13:12:19.145     1     1 I (7)[1:swapper/0]vpu 19031000.vpu_core1: mapped dbg: 0xffffff8017404000: 0xd194000 ~ 0xd197fff
06-02 13:12:19.145     1     1 I (7)[1:swapper/0]vpu 19031000.vpu_core1: vpu_iova_dts: reset-vector: addr: 7e300000h, size: 00100000h, bin: 00400000h
06-02 13:12:19.145     1     1 I (7)[1:swapper/0]vpu 19031000.vpu_core1: vpu_iova_dts: main-prog: addr: 7e400000h, size: 00300000h, bin: 00500000h
06-02 13:12:19.145     1     1 I (7)[1:swapper/0]vpu 19031000.vpu_core1: vpu_iova_dts: kernel-lib: addr: 7e700000h, size: 00500000h, bin: ffffffffh
06-02 13:12:19.145     1     1 I (7)[1:swapper/0]vpu 19031000.vpu_core1: vpu_iova_dts: iram-data: addr: 00000000h, size: 00010000h, bin: 01300000h
06-02 13:12:19.145     1     1 I (7)[1:swapper/0]vpu 19031000.vpu_core1: vpu_iova_dts: work-buf: addr: 00000000h, size: 00012000h, bin: ffffffffh
06-02 13:12:19.145     1     1 I (7)[1:swapper/0]vpu 19031000.vpu_core1: vpu_map_sg_to_iova: sg_dma_address: size: 100000, mapped iova: 0x37e300000 (static alloc)
06-02 13:12:19.146     1     1 I (7)[1:swapper/0]vpu 19031000.vpu_core1: vpu_map_sg_to_iova: sg_dma_address: size: 300000, mapped iova: 0x37e400000 (static alloc)
06-02 13:12:19.146     1     1 I (7)[1:swapper/0]vpu 19031000.vpu_core1: vpu_map_sg_to_iova: sg_dma_address: size: 12000, mapped iova: 0x381a50000 (dynamic alloc)
06-02 13:12:19.146     1     1 I (7)[1:swapper/0]vpu 19031000.vpu_core1: vpu_map_sg_to_iova: sg_dma_address: size: 10000, mapped iova: 0x381a40000 (dynamic alloc)
06-02 13:12:19.146     1     1 I (7)[1:swapper/0]vpu_init_dev_irq: vpu1: IRQ: 303
06-02 13:12:19.146     1     1 I (7)[1:swapper/0]vpu 19031000.vpu_core1: vpu_map_sg_to_iova: sg_dma_address: size: 2000, mapped iova: 0x381a3e000 (dynamic alloc)
06-02 13:12:19.146     1     1 I (7)[1:swapper/0]vpu 19031000.vpu_core1: vpu_map_sg_to_iova: sg_dma_address: size: 2000, mapped iova: 0x381a3c000 (dynamic alloc)
06-02 13:12:19.146     1     1 I (7)[1:swapper/0]vpu 19031000.vpu_core1: vpu_map_sg_to_iova: sg_dma_address: size: 2000, mapped iova: 0x381a3a000 (dynamic alloc)
06-02 13:12:19.146     1     1 I (7)[1:swapper/0]vpu 19031000.vpu_core1: vpu_map_sg_to_iova: sg_dma_address: size: 10000, mapped iova: 0x374a00000 (static alloc)
06-02 13:12:19.146     1     1 I (7)[1:swapper/0]vpu 19031000.vpu_core1: vpu_map_sg_to_iova: sg_dma_address: size: 35000, mapped iova: 0x381a05000 (dynamic alloc)
06-02 13:12:19.146     1     1 I (7)[1:swapper/0]vpu 19031000.vpu_core1: vpu_map_sg_to_iova: sg_dma_address: size: 20000, mapped iova: 0x374500000 (static alloc)
06-02 13:12:19.146     1     1 I (7)[1:swapper/0]vpu 19031000.vpu_core1: vpu_map_sg_to_iova: sg_dma_address: size: 33000, mapped iova: 0x3819d2000 (dynamic alloc)
06-02 13:12:19.146     1     1 I (7)[1:swapper/0]vpu 19031000.vpu_core1: vpu_map_sg_to_iova: sg_dma_address: size: 230000, mapped iova: 0x374000000 (static alloc)
06-02 13:12:19.146     1     1 I (7)[1:swapper/0]vpu 19031000.vpu_core1: vpu_map_sg_to_iova: sg_dma_address: size: 2000, mapped iova: 0x3819d0000 (dynamic alloc)
06-02 13:12:19.146     1     1 I         : (7)[1:swapper/0][apusys][warn] mdw_rsc_add_dev dev overwrite idx(0->1)
06-02 13:12:19.146    52    52 E (7)[52:kworker/7:1]mtk-vcodec-dec 16010000.vdec_gcon: [VCU] can't get vcu node
06-02 13:12:19.146    52    52 E (7)[52:kworker/7:1][MTK_V4L2][ERROR] mtk_vcodec_dec_probe: 273: [VCU] vcu device in not ready
06-02 13:12:19.146     1     1 I         : (0)[1:swapper/0][apusys][warn] mdw_rsc_add_dev dev overwrite idx(0->1)
06-02 13:12:19.146    52    52 E (7)[52:kworker/7:1]mtk-vcodec-enc 17000000.venc_gcon: [VCU] can't get vcu node
06-02 13:12:19.146    52    52 E (7)[52:kworker/7:1][MTK_V4L2][ERROR] mtk_vcodec_enc_probe: 262: [VCU] vcu device in not ready
06-02 13:12:19.146     1     1 I (0)[1:swapper/0]vpu 19031000.vpu_core1: vpu_probe: succeed
06-02 13:12:19.147     1     1 D         : (0)[1:swapper/0]initcall vpu_init+0x0/0x29c returned 0 after 2557 usecs
06-02 13:12:19.147     1     1 D         : (0)[1:swapper/0]calling  apusys_devapc_init+0x0/0x30 @ 1
06-02 13:12:19.149     1     1 I (7)[1:swapper/0]apusys-devapc 19064000.apusys_devapc: apusys_devapc_probe +
06-02 13:12:19.149     1     1 I (7)[1:swapper/0]apusys-devapc 19064000.apusys_devapc: apusys_devapc_probe -
06-02 13:12:19.149     1     1 D         : (7)[1:swapper/0]initcall apusys_devapc_init+0x0/0x30 returned 0 after 2563 usecs
06-02 13:12:19.149     1     1 D         : (7)[1:swapper/0]calling  post_mcupm_set_emi_mpu+0x0/0x9c @ 1
06-02 13:12:19.149     3     3 E (0)[3:kworker/0:0]mtk-vcodec-dec 16010000.vdec_gcon: [VCU] can't get vcu node
06-02 13:12:19.149     3     3 E (0)[3:kworker/0:0][MTK_V4L2][ERROR] mtk_vcodec_dec_probe: 273: [VCU] vcu device in not ready
06-02 13:12:19.149     1     1 D         : (7)[1:swapper/0]initcall post_mcupm_set_emi_mpu+0x0/0x9c returned 0 after 87 usecs
06-02 13:12:19.149     1     1 D         : (7)[1:swapper/0]calling  sys_timer_device_init+0x0/0x3c @ 1
06-02 13:12:19.149     3     3 E (0)[3:kworker/0:0]mtk-vcodec-enc 17000000.venc_gcon: [VCU] can't get vcu node
06-02 13:12:19.149     3     3 E (0)[3:kworker/0:0][MTK_V4L2][ERROR] mtk_vcodec_enc_probe: 262: [VCU] vcu device in not ready
06-02 13:12:19.149     1     1 E (1)[1:swapper/0]sys_timer 10017000.sys_timer: invalid resource
06-02 13:12:19.149     1     1 I         : (1)[1:swapper/0]unable to ioremap sysram base, might be disabled
06-02 13:12:19.150     1     1 I         : (1)[1:swapper/0]mult=161319385, shift=21, maxsec=5000
06-02 13:12:19.150     1     1 I (1)[1:swapper/0]enabled: 1, support_sysram: 0
06-02 13:12:19.150     1     1 D         : (1)[1:swapper/0]initcall sys_timer_device_init+0x0/0x3c returned 0 after 590 usecs
06-02 13:12:19.150     1     1 D         : (1)[1:swapper/0]calling  rq_stats_init+0x0/0x210 @ 1
06-02 13:12:19.150     1     1 D         : (1)[1:swapper/0]initcall rq_stats_init+0x0/0x210 returned 0 after 23 usecs
06-02 13:12:19.150     1     1 D         : (1)[1:swapper/0]calling  sched_hint_init+0x0/0x12c @ 1
06-02 13:12:19.150     1     1 D         : (7)[1:swapper/0]initcall sched_hint_init+0x0/0x12c returned 0 after 110 usecs
06-02 13:12:19.150     1     1 D         : (7)[1:swapper/0]calling  eas_stats_init+0x0/0xb4 @ 1
06-02 13:12:19.150     1     1 D         : (7)[1:swapper/0]initcall eas_stats_init+0x0/0xb4 returned 0 after 2 usecs
06-02 13:12:19.150     1     1 D         : (7)[1:swapper/0]calling  imgsensor_init+0x0/0x60 @ 1
06-02 13:12:19.150   129   129 E (1)[129:kworker/1:1]mtk-vcodec-dec 16010000.vdec_gcon: [VCU] can't get vcu node
06-02 13:12:19.150   129   129 E (1)[129:kworker/1:1][MTK_V4L2][ERROR] mtk_vcodec_dec_probe: 273: [VCU] vcu device in not ready
06-02 13:12:19.150   129   129 E (1)[129:kworker/1:1]mtk-vcodec-enc 17000000.venc_gcon: [VCU] can't get vcu node
06-02 13:12:19.150   129   129 E (1)[129:kworker/1:1][MTK_V4L2][ERROR] mtk_vcodec_enc_probe: 262: [VCU] vcu device in not ready
06-02 13:12:19.154     1     1 I (7)[1:swapper/0]ERROR: gpio_init : pinctrl err, cam0_pnd1
06-02 13:12:19.154     1     1 I (7)[1:swapper/0]ERROR: gpio_init : pinctrl err, cam0_pnd0
06-02 13:12:19.155     1     1 I (7)[1:swapper/0]ERROR: gpio_init : pinctrl err, cam0_ldo_vcama_1
06-02 13:12:19.155     1     1 I (7)[1:swapper/0]ERROR: gpio_init : pinctrl err, cam0_ldo_vcama_0
06-02 13:12:19.156     1     1 I (7)[1:swapper/0]ERROR: gpio_init : pinctrl err, cam0_ldo_vcamd_1
06-02 13:12:19.156     1     1 I (7)[1:swapper/0]ERROR: gpio_init : pinctrl err, cam0_ldo_vcamd_0
06-02 13:12:19.156     1     1 I (7)[1:swapper/0]ERROR: gpio_init : pinctrl err, cam0_ldo_vcamio_1
06-02 13:12:19.157     1     1 I (7)[1:swapper/0]ERROR: gpio_init : pinctrl err, cam0_ldo_vcamio_0
06-02 13:12:19.157     1     1 I (7)[1:swapper/0]ERROR: gpio_init : pinctrl err, cam0_ldo_vcama1_1
06-02 13:12:19.157     1     1 I (7)[1:swapper/0]ERROR: gpio_init : pinctrl err, cam0_ldo_vcama1_0
06-02 13:12:19.158     1     1 I (7)[1:swapper/0]ERROR: gpio_init : pinctrl err, cam0_ldo_vcamd1_1
06-02 13:12:19.158     1     1 I (7)[1:swapper/0]ERROR: gpio_init : pinctrl err, cam0_ldo_vcamd1_0
06-02 13:12:19.158     1     1 I (7)[1:swapper/0]ERROR: gpio_init : pinctrl err, cam0_ldo_vcamiso_1
06-02 13:12:19.159     1     1 I (7)[1:swapper/0]ERROR: gpio_init : pinctrl err, cam0_ldo_vcamiso_0
06-02 13:12:19.159     1     1 I (7)[1:swapper/0]ERROR: gpio_init : pinctrl err, cam0_ldo_vcamiso1_1
06-02 13:12:19.159   338   338 I (6)[338:dc_trim_thread]mt6359-sound mt6359_snd: get_hp_dctrim_offset(), get off_valueL
06-02 13:12:19.160     1     1 I (7)[1:swapper/0]ERROR: gpio_init : pinctrl err, cam0_ldo_vcamiso1_0
06-02 13:12:19.160     1     1 I (7)[1:swapper/0]ERROR: gpio_init : pinctrl err, cam0_ldo_vcamiso1_0
06-02 13:12:19.160     1     1 I (7)[1:swapper/0]ERROR: gpio_init : pinctrl err, cam0_ldo_vcamiso1_0
06-02 13:12:19.161     1     1 I (7)[1:swapper/0]ERROR: gpio_init : pinctrl err, cam1_pnd1
06-02 13:12:19.161     1     1 I (7)[1:swapper/0]ERROR: gpio_init : pinctrl err, cam1_pnd0
06-02 13:12:19.162     1     1 I (7)[1:swapper/0]ERROR: gpio_init : pinctrl err, cam1_ldo_vcama_1
06-02 13:12:19.162     1     1 I (7)[1:swapper/0]ERROR: gpio_init : pinctrl err, cam1_ldo_vcama_0
06-02 13:12:19.163     1     1 I (7)[1:swapper/0]ERROR: gpio_init : pinctrl err, cam1_ldo_vcamd_1
06-02 13:12:19.163     1     1 I (7)[1:swapper/0]ERROR: gpio_init : pinctrl err, cam1_ldo_vcamd_0
06-02 13:12:19.163     1     1 I (7)[1:swapper/0]ERROR: gpio_init : pinctrl err, cam1_ldo_vcamio_1
06-02 13:12:19.164     1     1 I (7)[1:swapper/0]ERROR: gpio_init : pinctrl err, cam1_ldo_vcamio_0
06-02 13:12:19.164     1     1 I (7)[1:swapper/0]ERROR: gpio_init : pinctrl err, cam1_ldo_vcama1_1
06-02 13:12:19.164     1     1 I (7)[1:swapper/0]ERROR: gpio_init : pinctrl err, cam1_ldo_vcama1_0
06-02 13:12:19.165     1     1 I (7)[1:swapper/0]ERROR: gpio_init : pinctrl err, cam1_ldo_vcamd1_1
06-02 13:12:19.165     1     1 I (7)[1:swapper/0]ERROR: gpio_init : pinctrl err, cam1_ldo_vcamd1_0
06-02 13:12:19.165     1     1 I (7)[1:swapper/0]ERROR: gpio_init : pinctrl err, cam1_ldo_vcamiso_1
06-02 13:12:19.166     1     1 I (7)[1:swapper/0]ERROR: gpio_init : pinctrl err, cam1_ldo_vcamiso_0
06-02 13:12:19.166     1     1 I (7)[1:swapper/0]ERROR: gpio_init : pinctrl err, cam1_ldo_vcamiso1_1
06-02 13:12:19.167     1     1 I (7)[1:swapper/0]ERROR: gpio_init : pinctrl err, cam1_ldo_vcamiso1_0
06-02 13:12:19.167     1     1 I (7)[1:swapper/0]ERROR: gpio_init : pinctrl err, cam1_ldo_vcamiso1_0
06-02 13:12:19.167     1     1 I (7)[1:swapper/0]ERROR: gpio_init : pinctrl err, cam1_ldo_vcamiso1_0
06-02 13:12:19.168     1     1 I (7)[1:swapper/0]ERROR: gpio_init : pinctrl err, cam2_pnd1
06-02 13:12:19.168     1     1 I (7)[1:swapper/0]ERROR: gpio_init : pinctrl err, cam2_pnd0
06-02 13:12:19.169     1     1 I (7)[1:swapper/0]ERROR: gpio_init : pinctrl err, cam2_ldo_vcama_1
06-02 13:12:19.169     1     1 I (7)[1:swapper/0]ERROR: gpio_init : pinctrl err, cam2_ldo_vcama_0
06-02 13:12:19.170     1     1 I (7)[1:swapper/0]ERROR: gpio_init : pinctrl err, cam2_ldo_vcamd_1
06-02 13:12:19.170     1     1 I (7)[1:swapper/0]ERROR: gpio_init : pinctrl err, cam2_ldo_vcamd_0
06-02 13:12:19.170     1     1 I (7)[1:swapper/0]ERROR: gpio_init : pinctrl err, cam2_ldo_vcamio_1
06-02 13:12:19.171     1     1 I (7)[1:swapper/0]ERROR: gpio_init : pinctrl err, cam2_ldo_vcamio_0
06-02 13:12:19.171     1     1 I (7)[1:swapper/0]ERROR: gpio_init : pinctrl err, cam2_ldo_vcama1_1
06-02 13:12:19.171     1     1 I (7)[1:swapper/0]ERROR: gpio_init : pinctrl err, cam2_ldo_vcama1_0
06-02 13:12:19.172     1     1 I (7)[1:swapper/0]ERROR: gpio_init : pinctrl err, cam2_ldo_vcamd1_1
06-02 13:12:19.172     1     1 I (7)[1:swapper/0]ERROR: gpio_init : pinctrl err, cam2_ldo_vcamd1_0
06-02 13:12:19.172     1     1 I (7)[1:swapper/0]ERROR: gpio_init : pinctrl err, cam2_ldo_vcamiso_1
06-02 13:12:19.173     1     1 I (7)[1:swapper/0]ERROR: gpio_init : pinctrl err, cam2_ldo_vcamiso_0
06-02 13:12:19.173     1     1 I (7)[1:swapper/0]ERROR: gpio_init : pinctrl err, cam2_ldo_vcamiso1_1
06-02 13:12:19.174     1     1 I (7)[1:swapper/0]ERROR: gpio_init : pinctrl err, cam2_ldo_vcamiso1_0
06-02 13:12:19.174     1     1 I (7)[1:swapper/0]ERROR: gpio_init : pinctrl err, cam2_ldo_vcamiso1_0
06-02 13:12:19.174     1     1 I (7)[1:swapper/0]ERROR: gpio_init : pinctrl err, cam2_ldo_vcamiso1_0
06-02 13:12:19.175     1     1 I (7)[1:swapper/0]ERROR: gpio_init : pinctrl err, cam3_pnd1
06-02 13:12:19.175     1     1 I (7)[1:swapper/0]ERROR: gpio_init : pinctrl err, cam3_pnd0
06-02 13:12:19.176     1     1 I (7)[1:swapper/0]ERROR: gpio_init : pinctrl err, cam3_ldo_vcama_1
06-02 13:12:19.176     1     1 I (7)[1:swapper/0]ERROR: gpio_init : pinctrl err, cam3_ldo_vcama_0
06-02 13:12:19.177     1     1 I (7)[1:swapper/0]ERROR: gpio_init : pinctrl err, cam3_ldo_vcamd_1
06-02 13:12:19.177     1     1 I (7)[1:swapper/0]ERROR: gpio_init : pinctrl err, cam3_ldo_vcamd_0
06-02 13:12:19.177     1     1 I (7)[1:swapper/0]ERROR: gpio_init : pinctrl err, cam3_ldo_vcamio_1
06-02 13:12:19.178     1     1 I (7)[1:swapper/0]ERROR: gpio_init : pinctrl err, cam3_ldo_vcamio_0
06-02 13:12:19.178     1     1 I (7)[1:swapper/0]ERROR: gpio_init : pinctrl err, cam3_ldo_vcama1_1
06-02 13:12:19.178     1     1 I (7)[1:swapper/0]ERROR: gpio_init : pinctrl err, cam3_ldo_vcama1_0
06-02 13:12:19.179     1     1 I (7)[1:swapper/0]ERROR: gpio_init : pinctrl err, cam3_ldo_vcamd1_1
06-02 13:12:19.179     1     1 I (7)[1:swapper/0]ERROR: gpio_init : pinctrl err, cam3_ldo_vcamd1_0
06-02 13:12:19.179     1     1 I (7)[1:swapper/0]ERROR: gpio_init : pinctrl err, cam3_ldo_vcamiso_1
06-02 13:12:19.180     1     1 I (7)[1:swapper/0]ERROR: gpio_init : pinctrl err, cam3_ldo_vcamiso_0
06-02 13:12:19.180     1     1 I (7)[1:swapper/0]ERROR: gpio_init : pinctrl err, cam3_ldo_vcamiso1_1
06-02 13:12:19.180     1     1 I (7)[1:swapper/0]ERROR: gpio_init : pinctrl err, cam3_ldo_vcamiso1_0
06-02 13:12:19.181     1     1 I (7)[1:swapper/0]ERROR: gpio_init : pinctrl err, cam3_ldo_vcamiso1_0
06-02 13:12:19.181     1     1 I (7)[1:swapper/0]ERROR: gpio_init : pinctrl err, cam3_ldo_vcamiso1_0
06-02 13:12:19.182     1     1 I (7)[1:swapper/0]ERROR: gpio_init : pinctrl err, cam4_pnd1
06-02 13:12:19.182     1     1 I (7)[1:swapper/0]ERROR: gpio_init : pinctrl err, cam4_pnd0
06-02 13:12:19.182     1     1 I (7)[1:swapper/0]ERROR: gpio_init : pinctrl err, cam4_rst1
06-02 13:12:19.183     1     1 I (7)[1:swapper/0]ERROR: gpio_init : pinctrl err, cam4_rst0
06-02 13:12:19.183     1     1 I (7)[1:swapper/0]ERROR: gpio_init : pinctrl err, cam4_ldo_vcama_1
06-02 13:12:19.183     1     1 I (7)[1:swapper/0]ERROR: gpio_init : pinctrl err, cam4_ldo_vcama_0
06-02 13:12:19.184     1     1 I (7)[1:swapper/0]ERROR: gpio_init : pinctrl err, cam4_ldo_vcamd_1
06-02 13:12:19.184     1     1 I (7)[1:swapper/0]ERROR: gpio_init : pinctrl err, cam4_ldo_vcamd_0
06-02 13:12:19.184     1     1 I (7)[1:swapper/0]ERROR: gpio_init : pinctrl err, cam4_ldo_vcamio_1
06-02 13:12:19.185     1     1 I (7)[1:swapper/0]ERROR: gpio_init : pinctrl err, cam4_ldo_vcamio_0
06-02 13:12:19.185     1     1 I (7)[1:swapper/0]ERROR: gpio_init : pinctrl err, cam4_ldo_vcama1_1
06-02 13:12:19.185     1     1 I (7)[1:swapper/0]ERROR: gpio_init : pinctrl err, cam4_ldo_vcama1_0
06-02 13:12:19.186     1     1 I (7)[1:swapper/0]ERROR: gpio_init : pinctrl err, cam4_ldo_vcamd1_1
06-02 13:12:19.186     1     1 I (7)[1:swapper/0]ERROR: gpio_init : pinctrl err, cam4_ldo_vcamd1_0
06-02 13:12:19.186     1     1 I (7)[1:swapper/0]ERROR: gpio_init : pinctrl err, cam4_ldo_vcamiso_1
06-02 13:12:19.187     1     1 I (7)[1:swapper/0]ERROR: gpio_init : pinctrl err, cam4_ldo_vcamiso_0
06-02 13:12:19.187     1     1 I (7)[1:swapper/0]ERROR: gpio_init : pinctrl err, cam4_ldo_vcamiso1_1
06-02 13:12:19.187     1     1 I (7)[1:swapper/0]ERROR: gpio_init : pinctrl err, cam4_ldo_vcamiso1_0
06-02 13:12:19.188     1     1 I (7)[1:swapper/0]ERROR: gpio_init : pinctrl err, cam4_ldo_vcamiso1_0
06-02 13:12:19.188     1     1 I (7)[1:swapper/0]ERROR: gpio_init : pinctrl err, cam4_ldo_vcamiso1_0
06-02 13:12:19.189     1     1 I (7)[1:swapper/0]ERROR: gpio_init : pinctrl err, cam5_pnd1
06-02 13:12:19.189     1     1 I (7)[1:swapper/0]ERROR: gpio_init : pinctrl err, cam5_pnd0
06-02 13:12:19.189     1     1 I (7)[1:swapper/0]ERROR: gpio_init : pinctrl err, cam5_rst1
06-02 13:12:19.190     1     1 I (7)[1:swapper/0]ERROR: gpio_init : pinctrl err, cam5_rst0
06-02 13:12:19.190     1     1 I (7)[1:swapper/0]ERROR: gpio_init : pinctrl err, cam5_ldo_vcama_1
06-02 13:12:19.190     1     1 I (7)[1:swapper/0]ERROR: gpio_init : pinctrl err, cam5_ldo_vcama_0
06-02 13:12:19.191     1     1 I (7)[1:swapper/0]ERROR: gpio_init : pinctrl err, cam5_ldo_vcamd_1
06-02 13:12:19.191     1     1 I (7)[1:swapper/0]ERROR: gpio_init : pinctrl err, cam5_ldo_vcamd_0
06-02 13:12:19.191     1     1 I (7)[1:swapper/0]ERROR: gpio_init : pinctrl err, cam5_ldo_vcamio_1
06-02 13:12:19.192     1     1 I (7)[1:swapper/0]ERROR: gpio_init : pinctrl err, cam5_ldo_vcamio_0
06-02 13:12:19.192     1     1 I (7)[1:swapper/0]ERROR: gpio_init : pinctrl err, cam5_ldo_vcama1_1
06-02 13:12:19.192     1     1 I (7)[1:swapper/0]ERROR: gpio_init : pinctrl err, cam5_ldo_vcama1_0
06-02 13:12:19.193     1     1 I (7)[1:swapper/0]ERROR: gpio_init : pinctrl err, cam5_ldo_vcamd1_1
06-02 13:12:19.193     1     1 I (7)[1:swapper/0]ERROR: gpio_init : pinctrl err, cam5_ldo_vcamd1_0
06-02 13:12:19.193     1     1 I (7)[1:swapper/0]ERROR: gpio_init : pinctrl err, cam5_ldo_vcamiso_1
06-02 13:12:19.194     1     1 I (7)[1:swapper/0]ERROR: gpio_init : pinctrl err, cam5_ldo_vcamiso_0
06-02 13:12:19.194     1     1 I (7)[1:swapper/0]ERROR: gpio_init : pinctrl err, cam5_ldo_vcamiso1_1
06-02 13:12:19.195     1     1 I (7)[1:swapper/0]ERROR: gpio_init : pinctrl err, cam5_ldo_vcamiso1_0
06-02 13:12:19.195     1     1 I (7)[1:swapper/0]ERROR: gpio_init : pinctrl err, cam5_ldo_vcamiso1_0
06-02 13:12:19.195     1     1 I (7)[1:swapper/0]ERROR: gpio_init : pinctrl err, cam5_ldo_vcamiso1_0
06-02 13:12:19.196     1     1 I (7)[1:swapper/0]ERROR: gpio_init : pinctrl err, cam6_pnd1
06-02 13:12:19.196     1     1 I (7)[1:swapper/0]ERROR: gpio_init : pinctrl err, cam6_pnd0
06-02 13:12:19.196     1     1 I (7)[1:swapper/0]ERROR: gpio_init : pinctrl err, cam6_rst1
06-02 13:12:19.197     1     1 I (7)[1:swapper/0]ERROR: gpio_init : pinctrl err, cam6_rst0
06-02 13:12:19.197     1     1 I (7)[1:swapper/0]ERROR: gpio_init : pinctrl err, cam6_ldo_vcama_1
06-02 13:12:19.197     1     1 I (7)[1:swapper/0]ERROR: gpio_init : pinctrl err, cam6_ldo_vcama_0
06-02 13:12:19.198     1     1 I (7)[1:swapper/0]ERROR: gpio_init : pinctrl err, cam6_ldo_vcamd_1
06-02 13:12:19.198     1     1 I (7)[1:swapper/0]ERROR: gpio_init : pinctrl err, cam6_ldo_vcamd_0
06-02 13:12:19.198     1     1 I (7)[1:swapper/0]ERROR: gpio_init : pinctrl err, cam6_ldo_vcamio_1
06-02 13:12:19.199     1     1 I (7)[1:swapper/0]ERROR: gpio_init : pinctrl err, cam6_ldo_vcamio_0
06-02 13:12:19.199     1     1 I (7)[1:swapper/0]ERROR: gpio_init : pinctrl err, cam6_ldo_vcama1_1
06-02 13:12:19.199     1     1 I (7)[1:swapper/0]ERROR: gpio_init : pinctrl err, cam6_ldo_vcama1_0
06-02 13:12:19.200     1     1 I (7)[1:swapper/0]ERROR: gpio_init : pinctrl err, cam6_ldo_vcamd1_1
06-02 13:12:19.200     1     1 I (7)[1:swapper/0]ERROR: gpio_init : pinctrl err, cam6_ldo_vcamd1_0
06-02 13:12:19.201     1     1 I (7)[1:swapper/0]ERROR: gpio_init : pinctrl err, cam6_ldo_vcamiso_1
06-02 13:12:19.201     1     1 I (7)[1:swapper/0]ERROR: gpio_init : pinctrl err, cam6_ldo_vcamiso_0
06-02 13:12:19.201     1     1 I (7)[1:swapper/0]ERROR: gpio_init : pinctrl err, cam6_ldo_vcamiso1_1
06-02 13:12:19.202     1     1 I (7)[1:swapper/0]ERROR: gpio_init : pinctrl err, cam6_ldo_vcamiso1_0
06-02 13:12:19.202     1     1 I (7)[1:swapper/0]ERROR: gpio_init : pinctrl err, cam6_ldo_vcamiso1_0
06-02 13:12:19.202     1     1 I (7)[1:swapper/0]ERROR: gpio_init : pinctrl err, cam6_ldo_vcamiso1_0
06-02 13:12:19.203     1     1 I (7)[1:swapper/0]ERROR: gpio_init : pinctrl err, cam7_pnd1
06-02 13:12:19.203     1     1 I (7)[1:swapper/0]ERROR: gpio_init : pinctrl err, cam7_pnd0
06-02 13:12:19.203     1     1 I (7)[1:swapper/0]ERROR: gpio_init : pinctrl err, cam7_rst1
06-02 13:12:19.204     1     1 I (7)[1:swapper/0]ERROR: gpio_init : pinctrl err, cam7_rst0
06-02 13:12:19.204     1     1 I (7)[1:swapper/0]ERROR: gpio_init : pinctrl err, cam7_ldo_vcama_1
06-02 13:12:19.204     1     1 I (7)[1:swapper/0]ERROR: gpio_init : pinctrl err, cam7_ldo_vcama_0
06-02 13:12:19.205     1     1 I (7)[1:swapper/0]ERROR: gpio_init : pinctrl err, cam7_ldo_vcamd_1
06-02 13:12:19.205     1     1 I (7)[1:swapper/0]ERROR: gpio_init : pinctrl err, cam7_ldo_vcamd_0
06-02 13:12:19.205     1     1 I (7)[1:swapper/0]ERROR: gpio_init : pinctrl err, cam7_ldo_vcamio_1
06-02 13:12:19.206     1     1 I (7)[1:swapper/0]ERROR: gpio_init : pinctrl err, cam7_ldo_vcamio_0
06-02 13:12:19.206     1     1 I (7)[1:swapper/0]ERROR: gpio_init : pinctrl err, cam7_ldo_vcama1_1
06-02 13:12:19.206     1     1 I (7)[1:swapper/0]ERROR: gpio_init : pinctrl err, cam7_ldo_vcama1_0
06-02 13:12:19.207     1     1 I (7)[1:swapper/0]ERROR: gpio_init : pinctrl err, cam7_ldo_vcamd1_1
06-02 13:12:19.207     1     1 I (7)[1:swapper/0]ERROR: gpio_init : pinctrl err, cam7_ldo_vcamd1_0
06-02 13:12:19.208     1     1 I (7)[1:swapper/0]ERROR: gpio_init : pinctrl err, cam7_ldo_vcamiso_1
06-02 13:12:19.208     1     1 I (7)[1:swapper/0]ERROR: gpio_init : pinctrl err, cam7_ldo_vcamiso_0
06-02 13:12:19.208     1     1 I (7)[1:swapper/0]ERROR: gpio_init : pinctrl err, cam7_ldo_vcamiso1_1
06-02 13:12:19.209     1     1 I (7)[1:swapper/0]ERROR: gpio_init : pinctrl err, cam7_ldo_vcamiso1_0
06-02 13:12:19.209     1     1 I (7)[1:swapper/0]ERROR: gpio_init : pinctrl err, cam7_ldo_vcamiso1_0
06-02 13:12:19.209     1     1 I (7)[1:swapper/0]ERROR: gpio_init : pinctrl err, cam7_ldo_vcamiso1_0
06-02 13:12:19.210     1     1 I (7)[1:swapper/0]ERROR: gpio_init : pinctrl err, cam8_pnd1
06-02 13:12:19.210     1     1 I (7)[1:swapper/0]ERROR: gpio_init : pinctrl err, cam8_pnd0
