06-02 13:12:20.933   454   454 I (2)[454:apexd]: Pre-allocated loop device 27
06-02 13:12:20.934   454   454 I (2)[454:apexd]: Pre-allocated loop device 28
06-02 13:12:20.934   454   454 I (2)[454:apexd]: Pre-allocated loop device 29
06-02 13:12:20.934   454   454 I (2)[454:apexd]: Pre-allocated loop device 30
06-02 13:12:20.934   454   454 I (2)[454:apexd]: Pre-allocated 15 loopback devices
06-02 13:12:20.934   454   454 I (2)[454:apexd]: Scanning /system/apex for pre-installed ApexFiles
06-02 13:12:20.934   454   454 I (2)[454:apexd]: Found pre-installed APEX /system/apex/com.android.resolv.capex
06-02 13:12:20.939   454   454 I (2)[454:apexd]: Found pre-installed APEX /system/apex/com.android.wifi.capex
06-02 13:12:20.940   454   454 I (2)[454:apexd]: Found pre-installed APEX /system/apex/com.android.apex.cts.shim.apex
06-02 13:12:20.941   454   454 I (2)[454:apexd]: Found pre-installed APEX /system/apex/com.android.uwb.capex
06-02 13:12:20.943   454   454 I (2)[454:apexd]: Found pre-installed APEX /system/apex/com.android.adbd.capex
06-02 13:12:20.945   454   454 I (2)[454:apexd]: Found pre-installed APEX /system/apex/com.android.mediaprovider.capex
06-02 13:12:20.947   454   454 I (2)[454:apexd]: Found pre-installed APEX /system/apex/com.android.tzdata.apex
06-02 13:12:20.947   454   454 I (2)[454:apexd]: Found pre-installed APEX /system/apex/com.android.tethering.capex
06-02 13:12:20.950   454   454 I (2)[454:apexd]: Found pre-installed APEX /system/apex/com.android.sdkext.apex
06-02 13:12:20.950   454   454 I (2)[454:apexd]: Found pre-installed APEX /system/apex/com.android.permission.capex
06-02 13:12:20.953   454   454 I (1)[454:apexd]: Found pre-installed APEX /system/apex/com.android.scheduling.apex
06-02 13:12:20.953   454   454 I (1)[454:apexd]: Found pre-installed APEX /system/apex/com.android.i18n.apex
06-02 13:12:20.954   454   454 I (1)[454:apexd]: Found pre-installed APEX /system/apex/com.android.runtime.apex
06-02 13:12:20.954   454   454 I (1)[454:apexd]: Found pre-installed APEX /system/apex/com.android.conscrypt.capex
06-02 13:12:20.956   454   454 I (1)[454:apexd]: Found pre-installed APEX /system/apex/com.android.media.swcodec.capex
06-02 13:12:20.957   454   454 I (1)[454:apexd]: Found pre-installed APEX /system/apex/com.android.os.statsd.apex
06-02 13:12:20.958   454   454 I (1)[454:apexd]: Found pre-installed APEX /system/apex/com.android.adservices.capex
06-02 13:12:20.959   454   454 I (1)[454:apexd]: Found pre-installed APEX /system/apex/com.android.cellbroadcast.capex
06-02 13:12:20.961   454   454 I (1)[454:apexd]: Found pre-installed APEX /system/apex/com.android.ondevicepersonalization.apex
06-02 13:12:20.961   454   454 I (1)[454:apexd]: Found pre-installed APEX /system/apex/com.android.appsearch.apex
06-02 13:12:20.962   454   454 I (1)[454:apexd]: Found pre-installed APEX /system/apex/com.android.media.capex
06-02 13:12:20.963   454   454 I (2)[454:apexd]: Found pre-installed APEX /system/apex/com.android.art.capex
06-02 13:12:20.965   454   454 I (2)[454:apexd]: Found pre-installed APEX /system/apex/com.android.extservices.capex
06-02 13:12:20.966   454   454 I (2)[454:apexd]: Found pre-installed APEX /system/apex/com.android.ipsec.capex
06-02 13:12:20.968   454   454 I (2)[454:apexd]: Found pre-installed APEX /system/apex/com.android.vndk.current.apex
06-02 13:12:20.969   454   454 I (2)[454:apexd]: Found pre-installed APEX /system/apex/com.android.btservices.apex
06-02 13:12:20.969   454   454 I (2)[454:apexd]: Found pre-installed APEX /system/apex/com.android.neuralnetworks.capex
06-02 13:12:20.971   454   454 I (2)[454:apexd]: Scanning /system_ext/apex for pre-installed ApexFiles
06-02 13:12:20.971   454   454 W (2)[454:apexd]: /system_ext/apex does not exist. Skipping
06-02 13:12:20.971   454   454 I (2)[454:apexd]: Scanning /product/apex for pre-installed ApexFiles
06-02 13:12:20.971   454   454 W (2)[454:apexd]: /product/apex does not exist. Skipping
06-02 13:12:20.971   454   454 I (2)[454:apexd]: Scanning /vendor/apex for pre-installed ApexFiles
06-02 13:12:20.971   454   454 W (2)[454:apexd]: /vendor/apex does not exist. Skipping
06-02 13:12:20.971   454   454 I (2)[454:apexd]: No block apex metadata partition found, not adding block apexes
06-02 13:12:20.973   338   338 I (6)[338:dc_trim_thread]mt6359-sound mt6359_snd: stop_trim_hardware(), ++
06-02 13:12:21.008   338   338 I (1)[338:dc_trim_thread]mt6359-sound mt6359_snd: stop_trim_hardware(), --
06-02 13:12:21.008   338   338 I (1)[338:dc_trim_thread]mt6359-sound mt6359_snd: get_hp_dctrim_offset(), R_offset = 26, L_offset = 10
06-02 13:12:21.008   338   338 I (1)[338:dc_trim_thread]mt6359-sound mt6359_snd: calculate_lr_finetrim_code(), step0 finetrim(R/L) = (26/10)
06-02 13:12:21.012   453   453 I (0)[453:ueventd]: Coldboot took 0.33 seconds
06-02 13:12:21.021   338   338 I (1)[338:dc_trim_thread]mt6359-sound mt6359_snd: start_trim_hardware(), ++
06-02 13:12:21.021   110   110 I (3)[110:chgdet_thread]mt6360_pmu_chg mt6360_pmu_chg.2.auto: __mt6360_enable_usbchgen: CDP block
06-02 13:12:21.058   493   493 W (1)[493:apexd]: Failed to read /sys/class/block/sdc/mq/0/nr_tags
06-02 13:12:21.059   338   338 I (0)[338:dc_trim_thread]mt6359-sound mt6359_snd: start_trim_hardware(), --
06-02 13:12:21.059   338   338 I (0)[338:dc_trim_thread]mt6359-sound mt6359_snd: get_hp_dctrim_offset(), get on_valueL
06-02 13:12:21.065   420   420 W         : (6)[420:kworker/6:3]oplus_custome_sync_work is called
06-02 13:12:21.065   420   420 W         : (6)[420:kworker/6:3]opluscustom_read OPLUS_CUSTOM partition is illegal nMagicNum1:0x0!
06-02 13:12:21.065   420   420 W         : (6)[420:kworker/6:3]opluscustom_read OPLUS_CUSTOM partition with error config magic number nMagicNum2:0x0!
06-02 13:12:21.065   420   420 W (6)[420:kworker/6:3]oplus_custome_sync_work: rc = 0
06-02 13:12:21.067   493   493 I (0)[493:apexd]EXT4-fs (loop0): mounted filesystem without journal. Opts: (null)
06-02 13:12:21.067   493   493 I (0)[493:apexd]: Successfully mounted package /system/apex/com.android.vndk.current.apex on /apex/com.android.vndk.v33@1 duration=78
06-02 13:12:21.090   338   338 W -(7)[338:dc_trim_thread]mt635x_auxadc_read_raw: 241 callbacks suppressed
06-02 13:12:21.090   338   338 I (7)[338:dc_trim_thread]mt635x-auxadc mt635x-auxadc: name:HPOFS_CAL, channel=9, adc_out=0x74cd, adc_result=29901
06-02 13:12:21.092   338   338 I (7)[338:dc_trim_thread]mt635x-auxadc mt635x-auxadc: name:HPOFS_CAL, channel=9, adc_out=0x74d2, adc_result=29906
06-02 13:12:21.095   338   338 I (7)[338:dc_trim_thread]mt635x-auxadc mt635x-auxadc: name:HPOFS_CAL, channel=9, adc_out=0x74ce, adc_result=29902
06-02 13:12:21.098   338   338 I (7)[338:dc_trim_thread]mt635x-auxadc mt635x-auxadc: name:HPOFS_CAL, channel=9, adc_out=0x74ce, adc_result=29902
06-02 13:12:21.100   338   338 I (7)[338:dc_trim_thread]mt635x-auxadc mt635x-auxadc: name:HPOFS_CAL, channel=9, adc_out=0x74c5, adc_result=29893
06-02 13:12:21.115   492   492 W (0)[492:apexd]: Failed to read /sys/class/block/sdc/mq/0/nr_tags
06-02 13:12:21.123   492   492 I (1)[492:apexd]EXT4-fs (loop1): mounted filesystem without journal. Opts: (null)
06-02 13:12:21.124   492   492 I (1)[492:apexd]: Successfully mounted package /system/apex/com.android.runtime.apex on /apex/com.android.runtime@1 duration=134
06-02 13:12:21.129   110   110 I (3)[110:chgdet_thread]mt6360_pmu_chg mt6360_pmu_chg.2.auto: __mt6360_enable_usbchgen: CDP block
06-02 13:12:21.136   338   338 I (7)[338:dc_trim_thread]mt6359-sound mt6359_snd: get_hp_dctrim_offset(), get off_valueL
06-02 13:12:21.189   491   491 W (6)[491:apexd]: Failed to read /sys/class/block/sdc/mq/0/nr_tags
06-02 13:12:21.199   491   491 I (1)[491:apexd]EXT4-fs (loop2): mounted filesystem without journal. Opts: (null)
06-02 13:12:21.199   491   491 I (1)[491:apexd]: Successfully mounted package /system/apex/com.android.i18n.apex on /apex/com.android.i18n@1 duration=209
06-02 13:12:21.212   338   338 I (7)[338:dc_trim_thread]mt6359-sound mt6359_snd: get_hp_dctrim_offset(), get on_valueR
06-02 13:12:21.237   110   110 I (2)[110:chgdet_thread]mt6360_pmu_chg mt6360_pmu_chg.2.auto: __mt6360_enable_usbchgen: CDP block
06-02 13:12:21.257   421   421 E         : (7)[421:kworker/7:3][sensor_devinfo] sync_utc2scp_work 577 : kernel_ts: 1717326741.252539, 1717326741.252539
06-02 13:12:21.257   338   338 E         : -(7)[338:dc_trim_thread][mtk_nanohub]cannot find cmd! try to find oplus cmd
06-02 13:12:21.274   490   490 W (2)[490:apexd]: Failed to read /sys/class/block/sdc/mq/0/nr_tags
06-02 13:12:21.289   338   338 I (7)[338:dc_trim_thread]mt6359-sound mt6359_snd: get_hp_dctrim_offset(), get off_valueR
06-02 13:12:21.290   490   490 I (0)[490:apexd]EXT4-fs (loop3): mounted filesystem without journal. Opts: (null)
06-02 13:12:21.290   490   490 I (0)[490:apexd]: Successfully mounted package /system/apex/com.android.tzdata.apex on /apex/com.android.tzdata@330400000 duration=300
06-02 13:12:21.291   454   454 I (6)[454:apexd]: Activated 4 packages.
06-02 13:12:21.300   454   454 I (6)[454:apexd]: OnBootstrap done, duration=596
06-02 13:12:21.301     1     1 I (2)[1:init]: Service 'apexd-bootstrap' (pid 454) exited with status 0 waiting took 0.636000 seconds
06-02 13:12:21.301     1     1 I (2)[1:init]: Sending signal 9 to service 'apexd-bootstrap' (pid 454) process group...
06-02 13:12:21.302     1     1 I (2)[1:init]libprocessgroup: Successfully killed process cgroup uid 0 pid 454 in 0ms
06-02 13:12:21.321   324   324 I         : (2)[324:kworker/u16:4]SSHUB_vgpu11 Expected volt step = 24
06-02 13:12:21.322   324   324 I         : (2)[324:kworker/u16:4]Set SSHUB_vgpu11 Voltage to 550000uV pass
06-02 13:12:21.331     1     1 I (1)[1:init]: linkerconfig generated /linkerconfig with mounted APEX modules info
06-02 13:12:21.343     1     1 I (1)[1:init]: processing action (early-init) from (/init.environ.rc:2)
06-02 13:12:21.343     1     1 I (1)[1:init]: processing action (early-init) from (/vendor/etc/init/hw/init.mt6877.rc:9)
06-02 13:12:21.345   110   110 I (0)[110:chgdet_thread]mt6360_pmu_chg mt6360_pmu_chg.2.auto: __mt6360_enable_usbchgen: CDP block
06-02 13:12:21.354   450   450 I         : (6)[450:init][Power/PPM] (0x100)(-1)(0)(0-7)(0)(0)(6)(6) (0)(0)(2)(2)
06-02 13:12:21.355     1     1 I (6)[1:init]: processing action (early-init) from (/vendor/etc/init/hw/init.mt6877.usb.rc:1)
06-02 13:12:21.355     1     1 I (6)[1:init]: Command 'write /sys/module/musb_hdrc/parameters/kernel_init_done 1' action=early-init (/vendor/etc/init/hw/init.mt6877.usb.rc:2) took 0ms and failed: Unable to write to file '/sys/module/musb_hdrc/parameters/kernel_init_done': open() failed: Permission denied
06-02 13:12:21.355     1     1 I (6)[1:init]: processing action (early-init) from (/vendor/etc/init/hw/init.modem.rc:1)
06-02 13:12:21.360     1     1 I (6)[1:init]: processing action (early-init) from (/system/etc/init/prng_seeder.rc:5)
06-02 13:12:21.360     1     1 I (6)[1:init]: starting service 'prng_seeder'...
06-02 13:12:21.360     1     1 I (6)[1:init]: Created socket '/dev/socket/prng_seeder', mode 666, user 1092, group 1092
06-02 13:12:21.363     1     1 I (6)[1:init]: processing action (ro.product.cpu.abilist32=* && early-init) from (/vendor/etc/init/boringssl_self_test.rc:2)
06-02 13:12:21.363     1     1 I (6)[1:init]: starting service 'boringssl_self_test32_vendor'...
06-02 13:12:21.365   338   338 I (7)[338:dc_trim_thread]mt6359-sound mt6359_snd: stop_trim_hardware(), ++
06-02 13:12:21.365     1     1 I (3)[1:init]: SVC_EXEC service 'boringssl_self_test32_vendor' pid 507 (uid 0 gid 0+0 context default) started; waiting...
06-02 13:12:21.385   304   304 I         : (1)[304:mddp_rx]port ccci_0_200 read data fail when md_state = 0
06-02 13:12:21.389    52    52 E         : (7)[52:kworker/7:1][sensor_devinfo] read_oplus_custom 468 : read success = 336
06-02 13:12:21.389    52    52 E         : (7)[52:kworker/7:1][sensor_devinfo] sensor_read_oplus_custom 518 : acc[27,-16,141],gyro[-4154,-5006,-4527],ps[4,93,245,0,0,0],als[831], bar[0]
06-02 13:12:21.390    52    52 E         : (7)[52:kworker/7:1][sensor_devinfo] init_sensorlist_info 792 : sensor(icm4n607) register
06-02 13:12:21.391    52    52 E         : (7)[52:kworker/7:1][sensor_devinfo] init_sensorlist_info 792 : sensor(icm4n607) register
06-02 13:12:21.391    52    52 E         : (7)[52:kworker/7:1][sensor_devinfo] init_sensorlist_info 792 : sensor(akm09918) register
06-02 13:12:21.392    52    52 E         : (7)[52:kworker/7:1][sensor_devinfo] init_sensorlist_info 792 : sensor(tcs3701) register
06-02 13:12:21.392    52    52 E         : (7)[52:kworker/7:1][sensor_devinfo] init_sensorlist_info 792 : sensor(tcs3701) register
06-02 13:12:21.393    52    52 E         : (7)[52:kworker/7:1][mtk_nanohub]set_cust fail!
06-02 13:12:21.393    52    52 E         : (7)[52:kworker/7:1][sensor_devinfo] init_sensorlist_info 785 : sensor(5) not register
06-02 13:12:21.393    52    52 E         : (7)[52:kworker/7:1][mtk_nanohub]set_cust fail!
06-02 13:12:21.393    52    52 E         : (7)[52:kworker/7:1][sensor_devinfo] init_sensorlist_info 785 : sensor(98) not register
06-02 13:12:21.396    52    52 E         : (7)[52:kworker/7:1][sensor_devinfo] oplus_als_cali_data_init 974 : call
06-02 13:12:21.396    52    52 E         : (7)[52:kworker/7:1][sensor_devinfo] oplus_get_dts_feature 209 : device_name = stk32600
06-02 13:12:21.396    52    52 E         : (7)[52:kworker/7:1][sensor_devinfo] oplus_get_dts_feature 209 : device_name = tcs3701
06-02 13:12:21.396    52    52 E         : (7)[52:kworker/7:1][sensor_devinfo] oplus_get_dts_feature 218 : feature_addr -24470400, len = 4
06-02 13:12:21.396    52    52 E         : (7)[52:kworker/7:1][sensor_devinfo] oplus_als_cali_data_init 993 : row_coe = 120
06-02 13:12:21.396    52    52 E         : (7)[52:kworker/7:1][sensor_devinfo] oplus_get_dts_feature 209 : device_name = stk32600
06-02 13:12:21.396    52    52 E         : (7)[52:kworker/7:1][sensor_devinfo] oplus_get_dts_feature 209 : device_name = tcs3701
06-02 13:12:21.396    52    52 E         : (7)[52:kworker/7:1][sensor_devinfo] oplus_get_dts_feature 215 : get prop fail
06-02 13:12:21.396    52    52 E         : (7)[52:kworker/7:1][sensor_devinfo] oplus_als_cali_data_init 1001 : gold_als_factor = 1001
06-02 13:12:21.397    52    52 E         : (7)[52:kworker/7:1][sensor_devinfo] oplus_get_dts_feature 209 : device_name = stk37600
06-02 13:12:21.397    52    52 E         : (7)[52:kworker/7:1][sensor_devinfo] oplus_get_dts_feature 209 : device_name = tcs3408
06-02 13:12:21.397    52    52 E         : (7)[52:kworker/7:1][sensor_devinfo] oplus_get_dts_feature 200 : get /odm/rear_cct_3 fail
06-02 13:12:21.397    52    52 E         : (7)[52:kworker/7:1][sensor_devinfo] oplus_als_cali_data_init 1009 : gold_rear_als_factor = 1001
06-02 13:12:21.397    52    52 E         : (7)[52:kworker/7:1][sensor_devinfo] oplus_get_dts_feature 209 : device_name = icm4n607
06-02 13:12:21.397    52    52 E         : (7)[52:kworker/7:1][sensor_devinfo] oplus_get_dts_feature 218 : feature_addr -24472820, len = 4
06-02 13:12:21.397    52    52 E         : (7)[52:kworker/7:1][sensor_devinfo] get_accgyro_cali_version 952 : gyro_cali_version = 2
06-02 13:12:21.397    52    52 E         : (7)[52:kworker/7:1][sensor_devinfo] oplus_get_dts_feature 209 : device_name = icm4n607
06-02 13:12:21.397    52    52 E         : (7)[52:kworker/7:1][sensor_devinfo] oplus_get_dts_feature 218 : feature_addr -24472804, len = 12
06-02 13:12:21.397    52    52 E         : (7)[52:kworker/7:1][sensor_devinfo] get_accgyro_cali_version 961 : acc range x y z [300, 300, 300]
06-02 13:12:21.397    52    52 E         : (7)[52:kworker/7:1][sensor_devinfo] oplus_get_dts_feature 209 : device_name = stk37600
06-02 13:12:21.397    52    52 E         : (7)[52:kworker/7:1][sensor_devinfo] oplus_get_dts_feature 209 : device_name = tcs3408
06-02 13:12:21.398    52    52 E         : (7)[52:kworker/7:1][sensor_devinfo] oplus_get_dts_feature 200 : get /odm/rear_cct_3 fail
06-02 13:12:21.398    52    52 E         : (7)[52:kworker/7:1][sensor_devinfo] get_acc_gyro_cali_nv_adapt_q_flag 346 : get cali_nv_adapt_q fail
06-02 13:12:21.398    52    52 E         : (7)[52:kworker/7:1][sensor_devinfo] sensor_devinfo_work 1265 : success
06-02 13:12:21.400   338   338 I (0)[338:dc_trim_thread]mt6359-sound mt6359_snd: stop_trim_hardware(), --
06-02 13:12:21.400   338   338 I (0)[338:dc_trim_thread]mt6359-sound mt6359_snd: get_hp_dctrim_offset(), R_offset = 12, L_offset = 1
06-02 13:12:21.400   338   338 I (0)[338:dc_trim_thread]mt6359-sound mt6359_snd: calculate_lr_finetrim_code(), step1 finetrim(R/L) = (12/1)
06-02 13:12:21.413   338   338 I (1)[338:dc_trim_thread]mt6359-sound mt6359_snd: start_trim_hardware(), ++
06-02 13:12:21.427     1     1 I (3)[1:init]: Service 'boringssl_self_test32_vendor' (pid 507) exited with status 0 waiting took 0.062000 seconds
06-02 13:12:21.427     1     1 I (3)[1:init]: Sending signal 9 to service 'boringssl_self_test32_vendor' (pid 507) process group...
06-02 13:12:21.427     1     1 I (3)[1:init]libprocessgroup: Successfully killed process cgroup uid 0 pid 507 in 0ms
06-02 13:12:21.427     1     1 I (0)[1:init]: processing action (ro.product.cpu.abilist64=* && early-init) from (/vendor/etc/init/boringssl_self_test.rc:4)
06-02 13:12:21.428     1     1 I (0)[1:init]: starting service 'boringssl_self_test64_vendor'...
06-02 13:12:21.430     1     1 I (1)[1:init]: SVC_EXEC service 'boringssl_self_test64_vendor' pid 509 (uid 0 gid 0+0 context default) started; waiting...
06-02 13:12:21.448   338   338 I (1)[338:dc_trim_thread]mt6359-sound mt6359_snd: start_trim_hardware(), --
06-02 13:12:21.448   338   338 I (1)[338:dc_trim_thread]mt6359-sound mt6359_snd: get_hp_dctrim_offset(), get on_valueL
06-02 13:12:21.453   110   110 I (6)[110:chgdet_thread]mt6360_pmu_chg mt6360_pmu_chg.2.auto: __mt6360_enable_usbchgen: CDP block
06-02 13:12:21.459     1     1 I (0)[1:init]: Service 'boringssl_self_test64_vendor' (pid 509) exited with status 0 waiting took 0.029000 seconds
06-02 13:12:21.459     1     1 I (0)[1:init]: Sending signal 9 to service 'boringssl_self_test64_vendor' (pid 509) process group...
06-02 13:12:21.459     1     1 I (0)[1:init]libprocessgroup: Successfully killed process cgroup uid 0 pid 509 in 0ms
06-02 13:12:21.460     1     1 I (0)[1:init]: processing action (early-init) from (/vendor/etc/init/chipinfo_init.rc:1)
06-02 13:12:21.460     1     1 I (0)[1:init]: starting service 'exec 2 (/vendor/bin/chipinfo)'...
06-02 13:12:21.462     1     1 I (6)[1:init]: processing action (early-init) from (/vendor/etc/init/networksetting.rc:1)
06-02 13:12:21.463     1     1 I (6)[1:init]: processing action (wait_for_coldboot_done) from (<Builtin Action>:0)
06-02 13:12:21.463     1     1 I (6)[1:init]: start_waiting_for_property("ro.cold_boot_done", "true"): already set
06-02 13:12:21.463     1     1 I (6)[1:init]: processing action (SetMmapRndBits) from (<Builtin Action>:0)
06-02 13:12:21.463     1     1 I (6)[1:init]: processing action (KeychordInit) from (<Builtin Action>:0)
06-02 13:12:21.463     1     1 W (6)[1:init]: EVIOCSMASK not supported: Invalid argument
06-02 13:12:21.525   338   338 I (7)[338:dc_trim_thread]mt6359-sound mt6359_snd: get_hp_dctrim_offset(), get off_valueL
06-02 13:12:21.533     1     1 I (1)[1:init]: Command 'KeychordInit' action=KeychordInit (<Builtin Action>:0) took 70ms and succeeded
06-02 13:12:21.533     1     1 I (1)[1:init]: Service 'exec 2 (/vendor/bin/chipinfo)' (pid 510) exited with status 0 oneshot service took 0.071000 seconds in background
06-02 13:12:21.533     1     1 I (1)[1:init]: Sending signal 9 to service 'exec 2 (/vendor/bin/chipinfo)' (pid 510) process group...
06-02 13:12:21.533     1     1 I (1)[1:init]libprocessgroup: Successfully killed process cgroup uid 1000 pid 510 in 0ms
06-02 13:12:21.534     1     1 I (1)[1:init]: processing action (init) from (/system/etc/init/hw/init.rc:89)
06-02 13:12:21.534     1     1 I (1)[1:init]: Command 'copy /system/etc/prop.default /dev/urandom' action=init (/system/etc/init/hw/init.rc:94) took 0ms and failed: Could not read input file '/system/etc/prop.default': open() failed: No such file or directory
06-02 13:12:21.549     1     1 I (1)[1:init]: Command 'write /dev/cpuctl/nnapi-hal/cpu.uclamp.min 1' action=init (/system/etc/init/hw/init.rc:187) took 0ms and failed: Unable to write to file '/dev/cpuctl/nnapi-hal/cpu.uclamp.min': open() failed: Permission denied
06-02 13:12:21.550     1     1 I (1)[1:init]: Command 'write /dev/cpuctl/nnapi-hal/cpu.uclamp.latency_sensitive 1' action=init (/system/etc/init/hw/init.rc:188) took 0ms and failed: Unable to write to file '/dev/cpuctl/nnapi-hal/cpu.uclamp.latency_sensitive': open() failed: Permission denied
06-02 13:12:21.554     1     1 I (6)[1:init]: Command 'write /dev/blkio/background/blkio.bfq.weight 10' action=init (/system/etc/init/hw/init.rc:232) took 0ms and failed: Unable to write to file '/dev/blkio/background/blkio.bfq.weight': open() failed: Permission denied
06-02 13:12:21.561   110   110 I (0)[110:chgdet_thread]mt6360_pmu_chg mt6360_pmu_chg.2.auto: __mt6360_enable_usbchgen: CDP block
06-02 13:12:21.566     1     1 I         : (6)[1:init]Registered swp emulation handler
06-02 13:12:21.567     1     1 I (6)[1:init]: Command 'write /sys/class/leds/vibrator/trigger transient' action=init (/system/etc/init/hw/init.rc:446) took 0ms and failed: Unable to write to file '/sys/class/leds/vibrator/trigger': Unable to write file contents: Invalid argument
06-02 13:12:21.567     1     1 I (6)[1:init]: starting service 'logd'...
06-02 13:12:21.567     1     1 I (6)[1:init]: Created socket '/dev/socket/logd', mode 666, user 1036, group 1036
06-02 13:12:21.567     1     1 I (6)[1:init]: Created socket '/dev/socket/logdr', mode 666, user 1036, group 1036
06-02 13:12:21.567     1     1 I (6)[1:init]: Created socket '/dev/socket/logdw', mode 222, user 1036, group 1036
06-02 13:12:21.571     1     1 I (0)[1:init]: starting service 'lmkd'...
06-02 13:12:21.571     1     1 I (0)[1:init]: Created socket '/dev/socket/lmkd', mode 660, user 1000, group 1000
06-02 13:12:21.575     1     1 I (0)[1:init]: starting service 'servicemanager'...
06-02 13:12:21.579     1     1 I (4)[1:init]: starting service 'hwservicemanager'...
06-02 13:12:21.582     1     1 I (5)[1:init]: Command 'start vndservicemanager' action=init (/system/etc/init/hw/init.rc:477) took 0ms and failed: service vndservicemanager not found
06-02 13:12:21.582     1     1 I (5)[1:init]: processing action (ro.product.cpu.abilist32=* && init) from (/system/etc/init/hw/init.rc:480)
06-02 13:12:21.582     1     1 I (5)[1:init]: starting service 'boringssl_self_test32'...
06-02 13:12:21.586     1     1 I (6)[1:init]: SVC_EXEC service 'boringssl_self_test32' pid 520 (uid 0 gid 0+0 context default) started; waiting...
06-02 13:12:21.588   517   517 I (6)[517:lmkd]psi_write: new:00000000cee6863e
06-02 13:12:21.588   517   517 I (6)[517:lmkd]psi_write: new:0000000020f57113
06-02 13:12:21.598   516   516 I (2)[516:logd]logd.auditd: start
06-02 13:12:21.601   518   518 I (0)[518:servicemanager]binder: 518:518 ioctl 40046210 7fd6eee610 returned -22
06-02 13:12:21.601   338   338 I (7)[338:dc_trim_thread]mt6359-sound mt6359_snd: get_hp_dctrim_offset(), get on_valueR
06-02 13:12:21.604   519   519 I (3)[519:hwservicemanage]binder: 519:519 ioctl 40046210 7ff1080ee4 returned -22
06-02 13:12:21.620   516   516 I (7)[516:logd]: Loaded bug_map file: /system_ext/etc/selinux/bug_map
06-02 13:12:21.620   516   516 I (7)[516:logd]: Loaded bug_map file: /vendor/etc/selinux/selinux_denial_metadata
06-02 13:12:21.620   516   516 I (7)[516:logd]: Loaded bug_map file: /system/etc/selinux/bug_map
06-02 13:12:21.629     1     1 I (0)[1:init]: Service 'boringssl_self_test32' (pid 520) exited with status 0 waiting took 0.044000 seconds
06-02 13:12:21.629     1     1 I (0)[1:init]: Sending signal 9 to service 'boringssl_self_test32' (pid 520) process group...
06-02 13:12:21.629     1     1 I (0)[1:init]libprocessgroup: Successfully killed process cgroup uid 0 pid 520 in 0ms
06-02 13:12:21.630     1     1 I (0)[1:init]: processing action (ro.product.cpu.abilist64=* && init) from (/system/etc/init/hw/init.rc:482)
06-02 13:12:21.630     1     1 I (0)[1:init]: starting service 'boringssl_self_test64'...
06-02 13:12:21.633     1     1 I (0)[1:init]: SVC_EXEC service 'boringssl_self_test64' pid 526 (uid 0 gid 0+0 context default) started; waiting...
06-02 13:12:21.669   110   110 I (1)[110:chgdet_thread]mt6360_pmu_chg mt6360_pmu_chg.2.auto: __mt6360_enable_usbchgen: CDP block
06-02 13:12:21.673     1     1 I (0)[1:init]: Service 'boringssl_self_test64' (pid 526) exited with status 0 waiting took 0.040000 seconds
06-02 13:12:21.673     1     1 I (0)[1:init]: Sending signal 9 to service 'boringssl_self_test64' (pid 526) process group...
06-02 13:12:21.673     1     1 I (0)[1:init]libprocessgroup: Successfully killed process cgroup uid 0 pid 526 in 0ms
06-02 13:12:21.674     1     1 I (0)[1:init]: processing action (ro.debuggable=1 && init) from (/system/etc/init/hw/init.rc:1283)
06-02 13:12:21.674     1     1 I (0)[1:init]: Command 'start console' action=ro.debuggable=1 && init (/system/etc/init/hw/init.rc:1284) took 0ms and failed: Could not start service: Couldn't open console '/dev/console': No such device
06-02 13:12:21.674     1     1 I (0)[1:init]: processing action (init) from (/system/etc/init/hw/init.usb.rc:27)
06-02 13:12:21.674     1     1 I (0)[1:init]: processing action (init) from (/vendor/etc/init/hw/init.mt6877.rc:16)
06-02 13:12:21.681   338   338 I (6)[338:dc_trim_thread]mt6359-sound mt6359_snd: get_hp_dctrim_offset(), get off_valueR
06-02 13:12:21.683     1     1 I (6)[1:init]: processing action (init) from (/vendor/etc/init/hw/init.project.rc:1)
06-02 13:12:21.685     1     1 I (6)[1:init]: Command 'mkdir /storage/usbotg 0700 root root' action=init (/vendor/etc/init/hw/init.project.rc:3) took 2ms and failed: mkdir() failed on /storage/usbotg: Read-only file system
06-02 13:12:21.685     1     1 I (6)[1:init]: Command 'write /sys/module/musb_hdrc/parameters/mu3d_force_on 1' action=init (/vendor/etc/init/hw/init.project.rc:4) took 0ms and failed: Unable to write to file '/sys/module/musb_hdrc/parameters/mu3d_force_on': open() failed: Permission denied
06-02 13:12:21.685     1     1 I (6)[1:init]: processing action (init) from (/system/etc/init/audioserver.rc:62)
06-02 13:12:21.686     1     1 I (6)[1:init]: processing action (init) from (/system_ext/etc/init/init.lineage-system_ext.rc:2)
06-02 13:12:21.686     1     1 I (6)[1:init]: processing action (init) from (/vendor/etc/init/tee.rc:1)
06-02 13:12:21.686     1     1 I (6)[1:init]: processing action (init) from (/vendor/etc/init/vibrator-mediatek.rc:1)
06-02 13:12:21.686     1     1 I (6)[1:init]: processing action (late-init) from (/system/etc/init/hw/init.rc:517)
06-02 13:12:21.686     1     1 I (6)[1:init]: processing action (late-init) from (/vendor/etc/init/hw/init.mt6877.rc:40)
06-02 13:12:21.686     1     1 I (6)[1:init]: processing action (late-init) from (/system/etc/init/atrace.rc:3)
06-02 13:12:21.688     1     1 D         : (6)[1:init][ftrace]tracing_on is toggled to 0
06-02 13:12:21.688     1     1 I (6)[1:init]: Command 'write /sys/kernel/tracing/synthetic_events rss_stat_throttled unsigned int mm_id; unsigned int curr; int member; long size' action=late-init (/system/etc/init/atrace.rc:294) took 0ms and failed: Unable to write to file '/sys/kernel/tracing/synthetic_events': open() failed: Permission denied
06-02 13:12:21.688     1     1 I (6)[1:init]: processing action (queue_property_triggers) from (<Builtin Action>:0)
06-02 13:12:21.688     1     1 I (6)[1:init]: processing action (early-fs) from (/system/etc/init/hw/init.rc:550)
06-02 13:12:21.689     1     1 I (6)[1:init]: starting service 'vold'...
06-02 13:12:21.690     1     1 I (1)[1:init]: processing action (fs) from (/vendor/etc/init/hw/init.mt6877.rc:87)
06-02 13:12:21.691     1     1 W (0)[1:init]: [libfs_mgr]Warning: unknown flag: resize
06-02 13:12:21.693     1     1 I (6)[1:init]: [libfs_mgr]superblock s_max_mnt_count:65535,/dev/block/by-name/cache
06-02 13:12:21.693     1     1 I (6)[1:init]: [libfs_mgr]Filesystem on /dev/block/by-name/cache was not cleanly shutdown; state flags: 0x1, incompat feature flags: 0x46
06-02 13:12:21.693     1     1 W (6)[1:init]EXT4-fs (sdc56): Ignoring removed nomblk_io_submit option
06-02 13:12:21.695     1     1 I (6)[1:init]EXT4-fs (sdc56): recovery complete
06-02 13:12:21.695     1     1 I (6)[1:init]EXT4-fs (sdc56): mounted filesystem with ordered data mode. Opts: errors=remount-ro,nomblk_io_submit
06-02 13:12:21.695     1     1 I (6)[1:init]: [libfs_mgr]check_fs(): mount(/dev/block/by-name/cache,/cache,ext4)=0: Success
06-02 13:12:21.697     1     1 I (0)[1:init]: [libfs_mgr]umount_retry(): unmount(/cache) succeeded
06-02 13:12:21.697     1     1 I (6)[1:init]: [libfs_mgr]Running /system/bin/e2fsck on /dev/block/sdc56
06-02 13:12:21.711     1     1 I (6)[1:init]e2fsck: e2fsck 1.46.2 (28-Feb-2021)
06-02 13:12:21.713     1     1 I (0)[1:init]e2fsck: Pass 1: Checking inodes, blocks, and sizes
06-02 13:12:21.716     1     1 I (3)[1:init]e2fsck: Pass 2: Checking directory structure
06-02 13:12:21.717     1     1 I (3)[1:init]e2fsck: Pass 3: Checking directory connectivity
06-02 13:12:21.717     1     1 I (4)[1:init]e2fsck: Pass 4: Checking reference counts
--------- beginning of system
06-02 13:12:21.717   529   529 I vold    : Vold 3.0 (the awakening) firing up
06-02 13:12:21.717   529   529 D vold    : Detected support for: exfat ext4 f2fs ntfs vfat
06-02 13:12:21.721     1     1 I (4)[1:init]e2fsck: Pass 5: Checking group summary information
06-02 13:12:21.724     1     1 I (4)[1:init]e2fsck: /dev/block/by-name/cache: 17/114688 files (0.0% non-contiguous), 7720/114688 blocks
06-02 13:12:21.727     1     1 I (3)[1:init]EXT4-fs (sdc56): mounted filesystem with ordered data mode. Opts: noauto_da_alloc,discard
06-02 13:12:21.727     1     1 I (3)[1:init]: [libfs_mgr]__mount(source=/dev/block/by-name/cache,target=/cache,type=ext4)=0: Success
06-02 13:12:21.728     1     1 I (1)[1:init]: [libfs_mgr]superblock s_max_mnt_count:65535,/dev/block/by-name/protect1
06-02 13:12:21.728     1     1 W (1)[1:init]EXT4-fs (sdc17): Ignoring removed nomblk_io_submit option
06-02 13:12:21.724   529   529 W vold    : [libfs_mgr]Warning: unknown flag: resize
06-02 13:12:21.729     1     1 I (6)[1:init]EXT4-fs (sdc17): mounted filesystem with ordered data mode. Opts: errors=remount-ro,nomblk_io_submit
06-02 13:12:21.729   529   529 W (2)[529:vold]: [libfs_mgr]Warning: unknown flag: resize
06-02 13:12:21.729     1     1 I (3)[1:init]: [libfs_mgr]check_fs(): mount(/dev/block/by-name/protect1,/mnt/vendor/protect_f,ext4)=0: Success
06-02 13:12:21.733     1     1 I (3)[1:init]: [libfs_mgr]umount_retry(): unmount(/mnt/vendor/protect_f) succeeded
06-02 13:12:21.733     1     1 I (3)[1:init]: [libfs_mgr]Running /system/bin/e2fsck on /dev/block/sdc17
06-02 13:12:21.733   529   529 D vold    : VoldNativeService::start() completed OK
06-02 13:12:21.737   529   529 I (3)[529:vold]binder: 529:529 ioctl 40046210 7fdad849e4 returned -22
06-02 13:12:21.738   529   529 I (3)[529:vold]binder: 529:529 ioctl 40046210 7fdad84740 returned -22
06-02 13:12:21.738   529   529 I (3)[529:vold]binder: context.name[binder] tr.size:124 service:vold
06-02 13:12:21.740     1     1 I (1)[1:init]e2fsck: e2fsck 1.46.2 (28-Feb-2021)
06-02 13:12:21.741     1     1 I (0)[1:init]e2fsck: /dev/block/by-name/protect1: clean, 35/2048 files, 1132/2048 blocks
06-02 13:12:21.744     1     1 I (6)[1:init]EXT4-fs (sdc17): mounted filesystem with ordered data mode. Opts: noauto_da_alloc,commit=1,nodelalloc
06-02 13:12:21.744     1     1 I (6)[1:init]: [libfs_mgr]__mount(source=/dev/block/by-name/protect1,target=/mnt/vendor/protect_f,type=ext4)=0: Success
06-02 13:12:21.744     1     1 I (6)[1:init]: [libfs_mgr]superblock s_max_mnt_count:65535,/dev/block/by-name/protect2
06-02 13:12:21.744     1     1 W (6)[1:init]EXT4-fs (sdc18): Ignoring removed nomblk_io_submit option
06-02 13:12:21.745     1     1 I (4)[1:init]EXT4-fs (sdc18): mounted filesystem with ordered data mode. Opts: errors=remount-ro,nomblk_io_submit
06-02 13:12:21.746     1     1 I (6)[1:init]: [libfs_mgr]check_fs(): mount(/dev/block/by-name/protect2,/mnt/vendor/protect_s,ext4)=0: Success
06-02 13:12:21.747     1     1 I (6)[1:init]: [libfs_mgr]umount_retry(): unmount(/mnt/vendor/protect_s) succeeded
06-02 13:12:21.747     1     1 I (6)[1:init]: [libfs_mgr]Running /system/bin/e2fsck on /dev/block/sdc18
06-02 13:12:21.751     1     1 I (4)[1:init]e2fsck: e2fsck 1.46.2 (28-Feb-2021)
06-02 13:12:21.752     1     1 I (4)[1:init]e2fsck: /dev/block/by-name/protect2: clean, 33/2048 files, 1129/2048 blocks
06-02 13:12:21.754     1     1 I (0)[1:init]EXT4-fs (sdc18): mounted filesystem with ordered data mode. Opts: noauto_da_alloc,commit=1,nodelalloc
06-02 13:12:21.754     1     1 I (0)[1:init]: [libfs_mgr]__mount(source=/dev/block/by-name/protect2,target=/mnt/vendor/protect_s,type=ext4)=0: Success
06-02 13:12:21.755     1     1 I (0)[1:init]: [libfs_mgr]superblock s_max_mnt_count:65535,/dev/block/by-name/nvdata
06-02 13:12:21.755     1     1 W (0)[1:init]EXT4-fs (sdc14): Ignoring removed nomblk_io_submit option
06-02 13:12:21.756     1     1 I (0)[1:init]EXT4-fs (sdc14): mounted filesystem with ordered data mode. Opts: errors=remount-ro,nomblk_io_submit
06-02 13:12:21.757   338   338 I (7)[338:dc_trim_thread]mt6359-sound mt6359_snd: stop_trim_hardware(), ++
06-02 13:12:21.757     1     1 I (0)[1:init]: [libfs_mgr]check_fs(): mount(/dev/block/by-name/nvdata,/mnt/vendor/nvdata,ext4)=0: Success
06-02 13:12:21.758     1     1 I (0)[1:init]: [libfs_mgr]umount_retry(): unmount(/mnt/vendor/nvdata) succeeded
06-02 13:12:21.758     1     1 I (0)[1:init]: [libfs_mgr]Running /system/bin/e2fsck on /dev/block/sdc14
06-02 13:12:21.764     1     1 I (0)[1:init]e2fsck: e2fsck 1.46.2 (28-Feb-2021)
06-02 13:12:21.765     1     1 I (0)[1:init]e2fsck: /dev/block/by-name/nvdata: clean, 424/16384 files, 6032/16384 blocks
06-02 13:12:21.767     1     1 I (3)[1:init]EXT4-fs (sdc14): mounted filesystem with ordered data mode. Opts: noauto_da_alloc,commit=1,nodelalloc
06-02 13:12:21.768     1     1 I (3)[1:init]: [libfs_mgr]__mount(source=/dev/block/by-name/nvdata,target=/mnt/vendor/nvdata,type=ext4)=0: Success
06-02 13:12:21.768     1     1 I (6)[1:init]: [libfs_mgr]superblock s_max_mnt_count:65535,/dev/block/by-name/nvcfg
06-02 13:12:21.768     1     1 W (4)[1:init]EXT4-fs (sdc13): Ignoring removed nomblk_io_submit option
06-02 13:12:21.769     1     1 I (1)[1:init]EXT4-fs (sdc13): mounted filesystem with ordered data mode. Opts: errors=remount-ro,nomblk_io_submit
06-02 13:12:21.770     1     1 I (6)[1:init]: [libfs_mgr]check_fs(): mount(/dev/block/by-name/nvcfg,/mnt/vendor/nvcfg,ext4)=0: Success
06-02 13:12:21.771     1     1 I (6)[1:init]: [libfs_mgr]umount_retry(): unmount(/mnt/vendor/nvcfg) succeeded
06-02 13:12:21.771     1     1 I (6)[1:init]: [libfs_mgr]Running /system/bin/e2fsck on /dev/block/sdc13
06-02 13:12:21.775     1     1 I (1)[1:init]e2fsck: e2fsck 1.46.2 (28-Feb-2021)
06-02 13:12:21.776     1     1 I (1)[1:init]e2fsck: /dev/block/by-name/nvcfg: clean, 29/8192 files, 1340/8192 blocks
06-02 13:12:21.777   110   110 I (2)[110:chgdet_thread]mt6360_pmu_chg mt6360_pmu_chg.2.auto: __mt6360_enable_usbchgen: CDP block
06-02 13:12:21.778     1     1 I (6)[1:init]EXT4-fs (sdc13): mounted filesystem with ordered data mode. Opts: noauto_da_alloc,commit=1,nodelalloc
06-02 13:12:21.778     1     1 I (2)[1:init]: [libfs_mgr]__mount(source=/dev/block/by-name/nvcfg,target=/mnt/vendor/nvcfg,type=ext4)=0: Success
06-02 13:12:21.779     1     1 I (6)[1:init]: [libfs_mgr]superblock s_max_mnt_count:65535,/dev/block/by-name/persist
06-02 13:12:21.779     1     1 W (3)[1:init]EXT4-fs (sdc16): Ignoring removed nomblk_io_submit option
06-02 13:12:21.780     1     1 I (4)[1:init]EXT4-fs (sdc16): mounted filesystem with ordered data mode. Opts: errors=remount-ro,nomblk_io_submit
06-02 13:12:21.780     1     1 I (4)[1:init]: [libfs_mgr]check_fs(): mount(/dev/block/by-name/persist,/mnt/vendor/persist,ext4)=0: Success
06-02 13:12:21.782     1     1 I (4)[1:init]: [libfs_mgr]umount_retry(): unmount(/mnt/vendor/persist) succeeded
06-02 13:12:21.782     1     1 I (4)[1:init]: [libfs_mgr]Running /system/bin/e2fsck on /dev/block/sdc16
06-02 13:12:21.791     1     1 I (4)[1:init]e2fsck: e2fsck 1.46.2 (28-Feb-2021)
06-02 13:12:21.792     1     1 I (4)[1:init]e2fsck: /dev/block/by-name/persist: clean, 61/13568 files, 1647/13560 blocks
06-02 13:12:21.793   338   338 I (3)[338:dc_trim_thread]mt6359-sound mt6359_snd: stop_trim_hardware(), --
06-02 13:12:21.793   338   338 I (3)[338:dc_trim_thread]mt6359-sound mt6359_snd: get_hp_dctrim_offset(), R_offset = 7, L_offset = 8
06-02 13:12:21.793   338   338 I (3)[338:dc_trim_thread]mt6359-sound mt6359_snd: calculate_lr_finetrim_code(), step2 finetrim(R/L) = (7/8)
06-02 13:12:21.793   338   338 I (3)[338:dc_trim_thread]mt6359-sound mt6359_snd: calculate_lr_finetrim_code(), result finetrim_code(R/L) = (0x5/0x6)
06-02 13:12:21.793   338   338 I (3)[338:dc_trim_thread]enable_trim_circuit: set 0
06-02 13:12:21.793   338   338 I (3)[338:dc_trim_thread]mt6359-sound mt6359_snd: get_hp_trim_offset(), after trim_code R:(0x5/0x3), L:(0x6/0x3)
06-02 13:12:21.793   338   338 I         : (3)[338:dc_trim_thread]accdet_late_init()  now init accdet!
06-02 13:12:21.794     1     1 I (4)[1:init]EXT4-fs (sdc16): mounted filesystem with ordered data mode. Opts: noauto_da_alloc,commit=1,nodelalloc
06-02 13:12:21.794     1     1 I (4)[1:init]: [libfs_mgr]__mount(source=/dev/block/by-name/persist,target=/mnt/vendor/persist,type=ext4)=0: Success
06-02 13:12:21.796   338   338 I         : (3)[338:dc_trim_thread]accdet_init() done.
06-02 13:12:21.796   338   338 I         : (3)[338:dc_trim_thread]accdet_init_once() set analog moisture.
06-02 13:12:21.796   338   338 I         : (3)[338:dc_trim_thread]accdet_init_once() done.
06-02 13:12:21.796     0     0 I         : (0)[1:init]
06-02 13:12:21.796     0     0 I         : accdet (0x268a)=0x1040 (0x268c)=0x67 (0x26ac)=0x1000 (0x26ae)=0x7(0x26b0)=0x500 (0x26b4)=0x80
06-02 13:12:21.796     0     0 I         : accdet (0x26b6)=0x0 (0x26ba)=0xff(0x26bc)=0xff (0x26c0)=0x1000 (0x26c4)=0x0 (0x26ba)=0xff
06-02 13:12:21.796     0     0 I         : accdet (0x2526)=0x0 (0x2528)=0x3004 (0x252a)=0x0 (0x252c)=0x8f
06-02 13:12:21.796     0     0 I         : accdet (0x252e)=0x2020 (0x2530)=0x4 (0x2532)=0x103 (0x2534)=0x0
06-02 13:12:21.796     0     0 I         : 304
06-02 13:12:21.806     1     1 I (0)[1:init]: Command 'mount_all --early' action=fs (/vendor/etc/init/hw/init.mt6877.rc:89) took 115ms and succeeded
06-02 13:12:21.816     1     1 W (0)[1:init]: [libfs_mgr]Warning: unknown flag: resize
06-02 13:12:21.820     1     1 I (6)[1:init]zram0: detected capacity change from 0 to 4347076608
06-02 13:12:21.834     1     1 I (6)[1:init]mkswap: Swapspace size: 4245188k, UUID=c710d81e-b110-4245-ad77-23fc0686af8b
06-02 13:12:21.836     1     1 I         : (1)[1:init]Adding 4245188k swap on /dev/block/zram0.  Priority:-2 extents:1 across:4245188k SS
06-02 13:12:21.836     1     1 I (6)[1:init]: processing action (fs) from (/system/etc/init/logd.rc:29)
06-02 13:12:21.836     1     1 I (6)[1:init]: processing action (fs) from (/system/etc/init/wifi.rc:25)
06-02 13:12:21.837     1     1 I (6)[1:init]: processing action (post-fs) from (/system/etc/init/hw/init.rc:554)
06-02 13:12:21.837     1     1 I (6)[1:init]: starting service 'exec 3 (/system/bin/vdc checkpoint markBootAttempt)'...
06-02 13:12:21.838     1     1 I (6)[1:init]: SVC_EXEC service 'exec 3 (/system/bin/vdc checkpoint markBootAttempt)' pid 565 (uid 1000 gid 1000+0 context default) started; waiting...
06-02 13:12:21.851   565   565 I (2)[565:vdc]binder: 565:565 ioctl 40046210 7fc5e0c1c0 returned -22
06-02 13:12:21.853     1     1 I (6)[1:init]: Service 'exec 3 (/system/bin/vdc checkpoint markBootAttempt)' (pid 565) exited with status 0 waiting took 0.015000 seconds
06-02 13:12:21.853     1     1 I (6)[1:init]: Sending signal 9 to service 'exec 3 (/system/bin/vdc checkpoint markBootAttempt)' (pid 565) process group...
06-02 13:12:21.853     1     1 I (6)[1:init]libprocessgroup: Successfully killed process cgroup uid 1000 pid 565 in 0ms
06-02 13:12:21.854     1     1 E (6)[1:init]selinux: SELinux:  Could not stat /sys/kernel/debug: No such file or directory.
06-02 13:12:21.854     1     1 E (6)[1:init]selinux:  
06-02 13:12:21.856     1     1 I (6)[1:init]selinux: SELinux: Skipping restorecon on directory(/cache)
06-02 13:12:21.856     1     1 I (6)[1:init]selinux:  
06-02 13:12:21.858     1     1 I (6)[1:init]selinux: SELinux: Skipping restorecon on directory(/metadata)
06-02 13:12:21.858     1     1 I (6)[1:init]selinux:  
06-02 13:12:21.859     1     1 I (6)[1:init]selinux: SELinux: Skipping restorecon on directory(/metadata/apex)
06-02 13:12:21.859     1     1 I (6)[1:init]selinux:  
06-02 13:12:21.860     1     1 I (6)[1:init]: processing action (post-fs) from (/vendor/etc/init/hw/init.mt6877.rc:102)
06-02 13:12:21.863     1     1 I (6)[1:init]: Command 'symlink /dev/block/by-name/preloader_a /dev/block/by-name/preloader_emmc_a' action=post-fs (/vendor/etc/init/hw/init.mt6877.rc:131) took 0ms and failed: symlink() failed: File exists
06-02 13:12:21.863     1     1 I (6)[1:init]: Command 'symlink /dev/block/by-name/preloader_b /dev/block/by-name/preloader_emmc_b' action=post-fs (/vendor/etc/init/hw/init.mt6877.rc:132) took 0ms and failed: symlink() failed: File exists
06-02 13:12:21.864     1     1 I (6)[1:init]: Command 'symlink /dev/block/by-name/preloader_a /dev/block/by-name/preloader_ufs_a' action=post-fs (/vendor/etc/init/hw/init.mt6877.rc:133) took 0ms and failed: symlink() failed: File exists
06-02 13:12:21.864     1     1 I (6)[1:init]: Command 'symlink /dev/block/by-name/preloader_b /dev/block/by-name/preloader_ufs_b' action=post-fs (/vendor/etc/init/hw/init.mt6877.rc:134) took 0ms and failed: symlink() failed: File exists
06-02 13:12:21.868     1     1 I (6)[1:init]: processing action (post-fs) from (/vendor/etc/init/hw/init.mt6877.usb.rc:5)
06-02 13:12:21.870   450   450 I         : (6)[450:init]gadgets_make name=g1
06-02 13:12:21.871   450   450 I         : (6)[450:init]os_desc_use_store Use OS DESC
06-02 13:12:21.872   450   450 I         : (6)[450:init]function_make name=accessory.gs2
06-02 13:12:21.872   450   450 I         : (6)[450:init]function_make name=audio_source.gs3
06-02 13:12:21.872   450   450 I         : (6)[450:init]function_make name=ffs.adb
06-02 13:12:21.872   450   450 I         : (6)[450:init]file system registered
06-02 13:12:21.873   450   450 I         : (6)[450:init]function_make name=mtp.gs0
06-02 13:12:21.873   450   450 I         : (6)[450:init]interf_grp_compatible_id_store ext_compat_id=MTP
06-02 13:12:21.873   450   450 I         : (6)[450:init]function_make name=ptp.gs1
06-02 13:12:21.874   450   450 I         : (6)[450:init]function_make name=rndis.gs4
06-02 13:12:21.874   450   450 I         : (6)[450:init]gether_setup_name_default - qmult:30
06-02 13:12:21.874   450   450 W         : (6)[450:init]using random self ethernet address
06-02 13:12:21.874   450   450 W         : (6)[450:init]using random host ethernet address
06-02 13:12:21.874   450   450 I         : (6)[450:init]function_make name=midi.gs5
06-02 13:12:21.874   450   450 I         : (6)[450:init]function_make name=acm.gs0
06-02 13:12:21.874   450   450 I         : (6)[450:init]acm_alloc_instance opts->port_num=0
06-02 13:12:21.874   450   450 I         : (6)[450:init]function_make name=acm.gs1
06-02 13:12:21.874   450   450 I         : (6)[450:init]acm_alloc_instance opts->port_num=1
06-02 13:12:21.875   450   450 I         : (6)[450:init]function_make name=acm.gs2
06-02 13:12:21.875   450   450 I         : (6)[450:init]acm_alloc_instance opts->port_num=2
06-02 13:12:21.875   450   450 I         : (6)[450:init]function_make name=acm.gs3
06-02 13:12:21.875   450   450 I         : (6)[450:init]acm_alloc_instance opts->port_num=3
06-02 13:12:21.875   450   450 I         : (6)[450:init]function_make name=mass_storage.usb0
06-02 13:12:21.875   450   450 I         : (6)[450:init]Mass Storage Function, version: 2009/09/11
06-02 13:12:21.875   450   450 I (6)[450:init]LUN: removable file: (no medium)
06-02 13:12:21.875   450   450 I         : (6)[450:init]function_make name=hid.gs0
06-02 13:12:21.876   450   450 I         : (6)[450:init]function_make name=via_modem.gs0
06-02 13:12:21.876   450   450 I         : (6)[450:init]function_make name=via_ets.gs0
06-02 13:12:21.876   450   450 I         : (6)[450:init]function_make name=via_atc.gs0
06-02 13:12:21.876   450   450 I         : (6)[450:init]config_desc_make name=b.1
06-02 13:12:21.877   450   450 I         : (6)[450:init]os_desc_b_vendor_code_store Vendor Code=1
06-02 13:12:21.878     1     1 I (6)[1:init]: processing action (post-fs) from (/system/etc/init/atrace_userdebug.rc:7)
06-02 13:12:21.878     1     1 I (6)[1:init]: processing action (ro.boot.bootreason=* && post-fs) from (/system/etc/init/bootstat.rc:6)
06-02 13:12:21.878     1     1 I (0)[1:init]: processing action (post-fs) from (/system/etc/init/gsid.rc:8)
06-02 13:12:21.878     1     1 I (0)[1:init]: processing action (post-fs) from (/vendor/etc/init/tee.rc:5)
06-02 13:12:21.880     1     1 I (0)[1:init]: processing action (late-fs) from (/system/etc/init/hw/init.rc:628)
06-02 13:12:21.880     1     1 I (6)[1:init]: starting service 'system_suspend'...
06-02 13:12:21.882     1     1 I (0)[1:init]: starting service 'keystore2'...
06-02 13:12:21.887     1     1 I (2)[1:init]: starting service 'vendor.keymaster-4-1-trustonic'...
06-02 13:12:21.889   567   567 I (6)[567:android.system.]binder: 567:567 ioctl 40046210 7ff1365134 returned -22
06-02 13:12:21.889   567   567 I (6)[567:android.system.]binder: 567:567 ioctl 40046210 7ff1364e30 returned -22
06-02 13:12:21.889   110   110 I (3)[110:chgdet_thread]mt6360_pmu_chg mt6360_pmu_chg.2.auto: __mt6360_enable_usbchgen: CDP block
06-02 13:12:21.889   567   567 I (4)[567:android.system.]binder: context.name[binder] tr.size:144 service:suspend_control
06-02 13:12:21.890   567   567 I (3)[567:android.system.]binder: context.name[binder] tr.size:164 service:suspend_control_internal
06-02 13:12:21.890   567   567 I (3)[567:android.system.]binder: context.name[binder] tr.size:204 service:android.system.suspend.ISystemS
06-02 13:12:21.891     1     1 I (6)[1:init]: starting service 'exec 4 (/system/bin/fsverity_init --load-verified-keys)'...
06-02 13:12:21.892     1     1 I (6)[1:init]: SVC_EXEC service 'exec 4 (/system/bin/fsverity_init --load-verified-keys)' pid 572 (uid 0 gid 0+0 context default) started; waiting...
06-02 13:12:21.903     1     1 I (6)[1:init]: Service 'exec 4 (/system/bin/fsverity_init --load-verified-keys)' (pid 572) exited with status 0 waiting took 0.011000 seconds
06-02 13:12:21.903     1     1 I (6)[1:init]: Sending signal 9 to service 'exec 4 (/system/bin/fsverity_init --load-verified-keys)' (pid 572) process group...
06-02 13:12:21.903     1     1 I (6)[1:init]libprocessgroup: Successfully killed process cgroup uid 0 pid 572 in 0ms
06-02 13:12:21.903     1     1 I (6)[1:init]: processing action (ro.kernel.version=4.14 && late-fs) from (/system/etc/init/hw/init.rc:643)
06-02 13:12:21.903     1     1 I (6)[1:init]: processing action (late-fs) from (/system/etc/init/hw/init.rc:649)
06-02 13:12:21.904     1     1 I (4)[1:init]: processing action (late-fs) from (/vendor/etc/init/hw/init.mt6877.rc:97)
06-02 13:12:21.904     1     1 I (1)[1:init]: start_waiting_for_property("hwservicemanager.ready", "true"): already set
06-02 13:12:21.905     1     1 W (1)[1:init]: [libfs_mgr]Warning: unknown flag: resize
06-02 13:12:21.906     1     1 I (1)[1:init]: Calling: /system/bin/vdc checkpoint needsCheckpoint
06-02 13:12:21.908   567   567 I (6)[567:android.system.]binder: context.name[hwbinder] tr.size:308 service:hwbinderService
06-02 13:12:21.919   575   575 I (6)[575:vdc]binder: 575:575 ioctl 40046210 7ff0c1c460 returned -22
06-02 13:12:21.919   575   575 D (2)[575:vdc]: Waited 0ms for vold
06-02 13:12:21.922     1     1 I (2)[1:init]: [libfs_mgr]Invalid f2fs superblock on '/dev/block/by-name/userdata'
06-02 13:12:21.923     1     1 E (2)[1:init]: [libfs_mgr]mount_with_alternatives(): skipping mount due to invalid magic, mountpoint=/data blk_dev=/dev/block/sdc57 rec[12].fs_type=f2fs
06-02 13:12:21.923     1     1 I (2)[1:init]: Calling: /system/bin/vdc cryptfs mountFstab /dev/block/by-name/userdata /data
06-02 13:12:21.927   569   569 I (5)[569:android.hardwar]binder: 569:569 ioctl 40046210 7fc36b5354 returned -22
06-02 13:12:21.924   568   568 I keystore2: keystore2_main: Keystore2 is starting.
06-02 13:12:21.924   568   568 I keystore2: keystore2_main: Setting up sqlite logging for keystore2
06-02 13:12:21.924   568   568 W keystore2: keystore2::metrics_store: In update_keystore_crash_sysprop: Failed to read the existing system property due to: In read_keystore_crash_count: Property not set..Therefore, keystore crashes will not be logged.
06-02 13:12:21.925   568   568 I keystore2: keystore2_main: Starting thread pool now.
06-02 13:12:21.929   568   568 I (6)[568:keystore2]binder: 568:568 ioctl 40046210 7fe660e670 returned -22
06-02 13:12:21.933   212   212 I (2)[212:tee_log]Trustonic TEE: 401(1)|teeKeyMaster4-package-4.1.0-20210303_231146_19876_56ccc
06-02 13:12:21.933   212   212 I (2)[212:tee_log]Trustonic TEE: 401(1)|tlTeeKeymaster_rpmb: Keymaster TA version  401.   0
06-02 13:12:21.933   212   212 I (2)[212:tee_log]Trustonic TEE: 401(1)|tlTeeKeymaster_rpmb: ARMv8 crypto instructions will be used
